Archive member included to satisfy reference by file (symbol)

C:\NXP Working File\NXP\lpc_sample\LPC8N04\5. Templates\LPC8N04_ALARMCLOCK\lib_board_dp\Release\liblib_board_dp.a(board.o)
                              ./src/main.o (Board_Init)
C:\NXP Working File\NXP\lpc_sample\LPC8N04\5. Templates\LPC8N04_ALARMCLOCK\lib_chip_nss\Release\liblib_chip_nss.a(clock_nss.o)
                              ./src/main.o (Chip_Clock_System_SetClockFreq)
C:\NXP Working File\NXP\lpc_sample\LPC8N04\5. Templates\LPC8N04_ALARMCLOCK\lib_chip_nss\Release\liblib_chip_nss.a(eeprom_nss.o)
                              ./src/main.o (Chip_EEPROM_Init)
C:\NXP Working File\NXP\lpc_sample\LPC8N04\5. Templates\LPC8N04_ALARMCLOCK\lib_chip_nss\Release\liblib_chip_nss.a(gpio_nss.o)
                              C:\NXP Working File\NXP\lpc_sample\LPC8N04\5. Templates\LPC8N04_ALARMCLOCK\lib_board_dp\Release\liblib_board_dp.a(board.o) (Chip_GPIO_Init)
C:\NXP Working File\NXP\lpc_sample\LPC8N04\5. Templates\LPC8N04_ALARMCLOCK\lib_chip_nss\Release\liblib_chip_nss.a(i2c_nss.o)
                              ./src/ssd1306.o (Chip_I2C_EventHandler)
C:\NXP Working File\NXP\lpc_sample\LPC8N04\5. Templates\LPC8N04_ALARMCLOCK\lib_chip_nss\Release\liblib_chip_nss.a(iocon_nss.o)
                              C:\NXP Working File\NXP\lpc_sample\LPC8N04\5. Templates\LPC8N04_ALARMCLOCK\lib_board_dp\Release\liblib_board_dp.a(board.o) (Chip_IOCON_Init)
C:\NXP Working File\NXP\lpc_sample\LPC8N04\5. Templates\LPC8N04_ALARMCLOCK\lib_chip_nss\Release\liblib_chip_nss.a(nfc_nss.o)
                              ./mods/ndeft2t/ndeft2t.o (Chip_NFC_GetStatus)
C:\NXP Working File\NXP\lpc_sample\LPC8N04\5. Templates\LPC8N04_ALARMCLOCK\lib_chip_nss\Release\liblib_chip_nss.a(pmu_nss.o)
                              ./src/main.o (Chip_PMU_PowerMode_GetDPDWakeupReason)
C:\NXP Working File\NXP\lpc_sample\LPC8N04\5. Templates\LPC8N04_ALARMCLOCK\lib_chip_nss\Release\liblib_chip_nss.a(rtc_nss.o)
                              ./src/timer.o (Chip_RTC_Init)
C:\NXP Working File\NXP\lpc_sample\LPC8N04\5. Templates\LPC8N04_ALARMCLOCK\lib_chip_nss\Release\liblib_chip_nss.a(syscon_nss.o)
                              C:\NXP Working File\NXP\lpc_sample\LPC8N04\5. Templates\LPC8N04_ALARMCLOCK\lib_chip_nss\Release\liblib_chip_nss.a(eeprom_nss.o) (Chip_SysCon_Peripheral_AssertReset)
C:\NXP Working File\NXP\lpc_sample\LPC8N04\5. Templates\LPC8N04_ALARMCLOCK\lib_chip_nss\Release\liblib_chip_nss.a(tsen_nss.o)
                              ./mods/tmeas/tmeas.o (Chip_TSen_Init)
C:\NXP Working File\NXP\lpc_sample\LPC8N04\5. Templates\LPC8N04_ALARMCLOCK\lib_chip_nss\Release\liblib_chip_nss.a(startup.o)
                              ./src/main.o (Startup_VarInit)
C:\NXP Working File\NXP\lpc_sample\LPC8N04\5. Templates\LPC8N04_ALARMCLOCK\lib_chip_nss\Release\liblib_chip_nss.a(bussync_nss.o)
                              C:\NXP Working File\NXP\lpc_sample\LPC8N04\5. Templates\LPC8N04_ALARMCLOCK\lib_chip_nss\Release\liblib_chip_nss.a(pmu_nss.o) (Chip_BusSync_WriteReg)
c:/nxp/mcuxpressoide_10.1.0_569_prc2g/ide/tools/bin/../lib/gcc/arm-none-eabi/6.3.1/../../../../arm-none-eabi/lib/thumb/v6-m\libcr_c.a(memcpy.o)
                              ./mods/ndeft2t/ndeft2t.o (memcpy)
c:/nxp/mcuxpressoide_10.1.0_569_prc2g/ide/tools/bin/../lib/gcc/arm-none-eabi/6.3.1/../../../../arm-none-eabi/lib/thumb/v6-m\libcr_c.a(memmove.o)
                              ./mods/ndeft2t/ndeft2t.o (memmove)
c:/nxp/mcuxpressoide_10.1.0_569_prc2g/ide/tools/bin/../lib/gcc/arm-none-eabi/6.3.1/../../../../arm-none-eabi/lib/thumb/v6-m\libcr_c.a(memset.o)
                              ./src/main.o (memset)
c:/nxp/mcuxpressoide_10.1.0_569_prc2g/ide/tools/bin/../lib/gcc/arm-none-eabi/6.3.1/../../../../arm-none-eabi/lib/thumb/v6-m\libcr_c.a(__weak__main.o)
                              C:\NXP Working File\NXP\lpc_sample\LPC8N04\5. Templates\LPC8N04_ALARMCLOCK\lib_chip_nss\Release\liblib_chip_nss.a(startup.o) (__main)
c:/nxp/mcuxpressoide_10.1.0_569_prc2g/ide/tools/bin/../lib/gcc/arm-none-eabi/6.3.1/../../../../arm-none-eabi/lib/thumb/v6-m\libcr_c.a(fpprintf.o)
                              ./src/main.o (sprintf)
c:/nxp/mcuxpressoide_10.1.0_569_prc2g/ide/tools/bin/../lib/gcc/arm-none-eabi/6.3.1/../../../../arm-none-eabi/lib/thumb/v6-m\libcr_c.a(printf.o)
                              c:/nxp/mcuxpressoide_10.1.0_569_prc2g/ide/tools/bin/../lib/gcc/arm-none-eabi/6.3.1/../../../../arm-none-eabi/lib/thumb/v6-m\libcr_c.a(fpprintf.o) (__vfprintf)
c:/nxp/mcuxpressoide_10.1.0_569_prc2g/ide/tools/bin/../lib/gcc/arm-none-eabi/6.3.1/../../../../arm-none-eabi/lib/thumb/v6-m\libcr_c.a(strlen.o)
                              ./mods/ndeft2t/ndeft2t.o (strlen)
c:/nxp/mcuxpressoide_10.1.0_569_prc2g/ide/tools/bin/../lib/gcc/arm-none-eabi/6.3.1/../../../../arm-none-eabi/lib/thumb/v6-m\libcr_c.a(_deferredlazyseek.o)
[...]
Memory Configuration

Name             Origin             Length             Attributes
Flash30          0x00000000         0x00007800         xr
SRAM8            0x10000000         0x00001ff0         xrw
*default*        0x00000000         0xffffffff

Linker script and memory map

LOAD ./src/crp.o
LOAD ./src/main.o
LOAD ./src/ssd1306.o
LOAD ./src/timer.o
LOAD ./mods/tmeas/tmeas.o
LOAD ./mods/ndeft2t/ndeft2t.o
LOAD C:\NXP Working File\NXP\lpc_sample\LPC8N04\5. Templates\LPC8N04_ALARMCLOCK\lib_board_dp\Release\liblib_board_dp.a
LOAD C:\NXP Working File\NXP\lpc_sample\LPC8N04\5. Templates\LPC8N04_ALARMCLOCK\lib_chip_nss\Release\liblib_chip_nss.a
START GROUP
LOAD c:/nxp/mcuxpressoide_10.1.0_569_prc2g/ide/tools/bin/../lib/gcc/arm-none-eabi/6.3.1/../../../../arm-none-eabi/lib/thumb/v6-m\libcr_c.a
LOAD c:/nxp/mcuxpressoide_10.1.0_569_prc2g/ide/tools/bin/../lib/gcc/arm-none-eabi/6.3.1/thumb/v6-m\libcr_eabihelpers.a
END GROUP
                0x00000000                __base_Flash30 = 0x0
                0x00000000                __base_Flash = 0x0
                0x00007800                __top_Flash30 = 0x7800
                0x00007800                __top_Flash = 0x7800
                0x10000000                __base_SRAM8 = 0x10000000
                0x10000000                __base_RAM = 0x10000000
                0x10001ff0                __top_SRAM8 = 0x10001ff0
                0x10001ff0                __top_RAM = 0x10001ff0

.text           0x00000000     0x3ec8
 FILL mask 0xff
                0x00000000                __vectors_start__ = ABSOLUTE (.)
 *(.isr_vector)
 .isr_vector    0x00000000       0xc0 C:\NXP Working File\NXP\lpc_sample\LPC8N04\5. Templates\LPC8N04_ALARMCLOCK\lib_chip_nss\Release\liblib_chip_nss.a(startup.o)
                0x00000000                g_pfnVectors
                0x000000c0                . = ALIGN (0x4)
                0x000000c0                __section_table_start = .
                0x000000c0                __data_section_table = .
                0x000000c0        0x4 LONG 0x3ec8 LOADADDR (.data)
                0x000000c4        0x4 LONG 0x10000000 ADDR (.data)
                0x000000c8        0x4 LONG 0x610 SIZEOF (.data)
                0x000000cc                __data_section_table_end = .
                0x000000cc                __bss_section_table = .
                0x000000cc        0x4 LONG 0x10000610 ADDR (.bss)
                0x000000d0        0x4 LONG 0x84 SIZEOF (.bss)
                0x000000d4                __bss_section_table_end = .
                0x000000d4                __section_table_end = .
 *(.after_vectors*)
 .after_vectors
                0x000000d4       0x58 C:\NXP Working File\NXP\lpc_sample\LPC8N04\5. Templates\LPC8N04_ALARMCLOCK\lib_chip_nss\Release\liblib_chip_nss.a(startup.o)
                0x000000d4                Startup_VarInit
                0x000002fc                . = 0x2fc
 *fill*         0x0000012c      0x1d0 ff
                0x000002fc                PROVIDE (__CRP_WORD_START__, .)
 *(.crp)
 .crp           0x000002fc        0x4 ./src/crp.o
                0x000002fc                CRP_WORD
                0x00000300                PROVIDE (__CRP_WORD_END__, .)
                0x00000001                ASSERT (! ((__CRP_WORD_START__ == __CRP_WORD_END__)), Linker CRP Enabled, but no CRP_WORD provided within application)
 *(.text*)
 .text.NDEFT2T_FieldStatus_Cb
                0x00000300       0x2c ./src/main.o
                0x00000300                NDEFT2T_FieldStatus_Cb
 .text.NDEFT2T_MsgAvailable_Cb
                0x0000032c       0x20 ./src/main.o
                0x0000032c                NDEFT2T_MsgAvailable_Cb
 .text.App_TmeasCb
                0x0000034c        0x2 ./src/main.o
                0x0000034c                App_TmeasCb
 *fill*         0x0000034e        0x2 ff
 .text.startup.main
                0x00000350      0x3f4 ./src/main.o
                0x00000350                main
 .text.ResetISR
                0x00000744       0x14 ./src/main.o
                0x00000744                ResetISR
 .text.I2C_SendByte
                0x00000758       0x34 ./src/ssd1306.o
 .text.WriteDat
                0x0000078c       0x14 ./src/ssd1306.o
 .text.ssd1306_pin_init
                0x000007a0       0x7c ./src/ssd1306.o
                0x000007a0                ssd1306_pin_init
 .text.OLED_Fill
                0x0000081c       0x5a ./src/ssd1306.o
                0x0000081c                OLED_Fill
 .text.ssd1306_init
                0x00000876       0xb6 ./src/ssd1306.o
                0x00000876                ssd1306_init
 .text.OLED_SetPos
                0x0000092c       0x24 ./src/ssd1306.o
                0x0000092c                OLED_SetPos
 .text.OLED_ShowCN
                0x00000950       0x48 ./src/ssd1306.o
                0x00000950                OLED_ShowCN
 .text.OLED_ShowStr
                0x00000998       0x32 ./src/ssd1306.o
                0x00000998                OLED_ShowStr
 *fill*         0x000009ca        0x2 ff
 .text.RTC_IRQHandler
                0x000009cc       0x30 ./src/timer.o
                0x000009cc                RTC_IRQHandler
 .text.Timer_Init
                0x000009fc       0x30 ./src/timer.o
                0x000009fc                Timer_Init
 .text.Timer_StartMeasurementTimeout
                0x00000a2c       0x60 ./src/timer.o
                0x00000a2c                Timer_StartMeasurementTimeout
 .text.LEAP_Year_Detmine
                0x00000a8c       0x2a ./src/timer.o
                0x00000a8c                LEAP_Year_Detmine
 *fill*         0x00000ab6        0x2 ff
 .text.RTC_Convert2Date
                0x00000ab8       0xc8 ./src/timer.o
                0x00000ab8                RTC_Convert2Date
 .text.RTC_Convert2Tick
                0x00000b80       0xa8 ./src/timer.o
                0x00000b80                RTC_Convert2Tick
 .text.TSEN_IRQHandler
                0x00000c28       0x68 ./mods/tmeas/tmeas.o
                0x00000c28                TSEN_IRQHandler
 .text.TMeas_Measure
                0x00000c90       0xb4 ./mods/tmeas/tmeas.o
                0x00000c90                TMeas_Measure
 .text.DecodeNdefTlv
                0x00000d44       0x50 ./mods/ndeft2t/ndeft2t.o
 .text.DisableTermTlvDetection
                0x00000d94       0x28 ./mods/ndeft2t/ndeft2t.o
 .text.NDEFT2T_Init
                0x00000dbc       0x48 ./mods/ndeft2t/ndeft2t.o
                0x00000dbc                NDEFT2T_Init
 .text.NDEFT2T_CreateMessage
                0x00000e04       0x38 ./mods/ndeft2t/ndeft2t.o
                0x00000e04                NDEFT2T_CreateMessage
 .text.NDEFT2T_CommitMessage
                0x00000e3c      0x110 ./mods/ndeft2t/ndeft2t.o
                0x00000e3c                NDEFT2T_CommitMessage
 .text.NFC_IRQHandler
                0x00000f4c       0xbc ./mods/ndeft2t/ndeft2t.o
                0x00000f4c                NFC_IRQHandler
 .text.Board_Init
                0x00001008       0x18 C:\NXP Working File\NXP\lpc_sample\LPC8N04\5. Templates\LPC8N04_ALARMCLOCK\lib_board_dp\Release\liblib_board_dp.a(board.o)
                0x00001008                Board_Init
 .text.Chip_Clock_System_SetClockDiv
                0x00001020       0x30 C:\NXP Working File\NXP\lpc_sample\LPC8N04\5. Templates\LPC8N04_ALARMCLOCK\lib_chip_nss\Release\liblib_chip_nss.a(clock_nss.o)
                0x00001020                Chip_Clock_System_SetClockDiv
 .text.Chip_Clock_System_GetClockDiv
                0x00001050       0x14 C:\NXP Working File\NXP\lpc_sample\LPC8N04\5. Templates\LPC8N04_ALARMCLOCK\lib_chip_nss\Release\liblib_chip_nss.a(clock_nss.o)
                0x00001050                Chip_Clock_System_GetClockDiv
 .text.Chip_Clock_System_SetClockFreq
                0x00001064       0x14 C:\NXP Working File\NXP\lpc_sample\LPC8N04\5. Templates\LPC8N04_ALARMCLOCK\lib_chip_nss\Release\liblib_chip_nss.a(clock_nss.o)
                0x00001064                Chip_Clock_System_SetClockFreq
 .text.Chip_Clock_System_GetClockFreq
                0x00001078       0x14 C:\NXP Working File\NXP\lpc_sample\LPC8N04\5. Templates\LPC8N04_ALARMCLOCK\lib_chip_nss\Release\liblib_chip_nss.a(clock_nss.o)
                0x00001078                Chip_Clock_System_GetClockFreq
 .text.Chip_Clock_System_BusyWait_us
                0x0000108c       0x34 C:\NXP Working File\NXP\lpc_sample\LPC8N04\5. Templates\LPC8N04_ALARMCLOCK\lib_chip_nss\Release\liblib_chip_nss.a(clock_nss.o)
                0x0000108c                Chip_Clock_System_BusyWait_us
 .text.Chip_Clock_Peripheral_EnableClock
                0x000010c0       0x18 C:\NXP Working File\NXP\lpc_sample\LPC8N04\5. Templates\LPC8N04_ALARMCLOCK\lib_chip_nss\Release\liblib_chip_nss.a(clock_nss.o)
                0x000010c0                Chip_Clock_Peripheral_EnableClock
 .text.Chip_Clock_Peripheral_DisableClock
                0x000010d8       0x18 C:\NXP Working File\NXP\lpc_sample\LPC8N04\5. Templates\LPC8N04_ALARMCLOCK\lib_chip_nss\Release\liblib_chip_nss.a(clock_nss.o)
                0x000010d8                Chip_Clock_Peripheral_DisableClock
 .text.Chip_EEPROM_Init
                0x000010f0       0x5c C:\NXP Working File\NXP\lpc_sample\LPC8N04\5. Templates\LPC8N04_ALARMCLOCK\lib_chip_nss\Release\liblib_chip_nss.a(eeprom_nss.o)
                0x000010f0                Chip_EEPROM_Init
 .text.Chip_GPIO_Init
                0x0000114c        0xa C:\NXP Working File\NXP\lpc_sample\LPC8N04\5. Templates\LPC8N04_ALARMCLOCK\lib_chip_nss\Release\liblib_chip_nss.a(gpio_nss.o)
                0x0000114c                Chip_GPIO_Init
 *fill*         0x00001156        0x2 ff
 .text.Chip_I2C_EventHandler
                0x00001158       0x1c C:\NXP Working File\NXP\lpc_sample\LPC8N04\5. Templates\LPC8N04_ALARMCLOCK\lib_chip_nss\Release\liblib_chip_nss.a(i2c_nss.o)
                0x00001158                Chip_I2C_EventHandler
 .text.Chip_I2C_Init
                0x00001174       0x2c C:\NXP Working File\NXP\lpc_sample\LPC8N04\5. Templates\LPC8N04_ALARMCLOCK\lib_chip_nss\Release\liblib_chip_nss.a(i2c_nss.o)
                0x00001174                Chip_I2C_Init
 .text.Chip_I2C_SetClockRate
                0x000011a0       0x28 C:\NXP Working File\NXP\lpc_sample\LPC8N04\5. Templates\LPC8N04_ALARMCLOCK\lib_chip_nss\Release\liblib_chip_nss.a(i2c_nss.o)
                0x000011a0                Chip_I2C_SetClockRate
 .text.Chip_I2C_SetMasterEventHandler
                0x000011c8       0x28 C:\NXP Working File\NXP\lpc_sample\LPC8N04\5. Templates\LPC8N04_ALARMCLOCK\lib_chip_nss\Release\liblib_chip_nss.a(i2c_nss.o)
                0x000011c8                Chip_I2C_SetMasterEventHandler
 .text.Chip_I2C_MasterTransfer
                0x000011f0       0x7c C:\NXP Working File\NXP\lpc_sample\LPC8N04\5. Templates\LPC8N04_ALARMCLOCK\lib_chip_nss\Release\liblib_chip_nss.a(i2c_nss.o)
                0x000011f0                Chip_I2C_MasterTransfer
 .text.Chip_I2C_MasterSend
                0x0000126c       0x32 C:\NXP Working File\NXP\lpc_sample\LPC8N04\5. Templates\LPC8N04_ALARMCLOCK\lib_chip_nss\Release\liblib_chip_nss.a(i2c_nss.o)
                0x0000126c                Chip_I2C_MasterSend
 .text.Chip_IOCON_Init
                0x0000129e        0xc C:\NXP Working File\NXP\lpc_sample\LPC8N04\5. Templates\LPC8N04_ALARMCLOCK\lib_chip_nss\Release\liblib_chip_nss.a(iocon_nss.o)
                0x0000129e                Chip_IOCON_Init
 .text.Chip_IOCON_UngroundAnabus
                0x000012aa        0xe C:\NXP Working File\NXP\lpc_sample\LPC8N04\5. Templates\LPC8N04_ALARMCLOCK\lib_chip_nss\Release\liblib_chip_nss.a(iocon_nss.o)
                0x000012aa                Chip_IOCON_UngroundAnabus
 .text.Chip_IOCON_SetPinConfig
                0x000012b8       0x26 C:\NXP Working File\NXP\lpc_sample\LPC8N04\5. Templates\LPC8N04_ALARMCLOCK\lib_chip_nss\Release\liblib_chip_nss.a(iocon_nss.o)
                0x000012b8                Chip_IOCON_SetPinConfig
 .text.Chip_NFC_GetStatus
                0x000012de        0x6 C:\NXP Working File\NXP\lpc_sample\LPC8N04\5. Templates\LPC8N04_ALARMCLOCK\lib_chip_nss\Release\liblib_chip_nss.a(nfc_nss.o)
                0x000012de                Chip_NFC_GetStatus
 .text.Chip_NFC_Int_SetEnabledMask
                0x000012e4        0x8 C:\NXP Working File\NXP\lpc_sample\LPC8N04\5. Templates\LPC8N04_ALARMCLOCK\lib_chip_nss\Release\liblib_chip_nss.a(nfc_nss.o)
                0x000012e4                Chip_NFC_Int_SetEnabledMask
 .text.Chip_NFC_Int_GetEnabledMask
                0x000012ec        0x8 C:\NXP Working File\NXP\lpc_sample\LPC8N04\5. Templates\LPC8N04_ALARMCLOCK\lib_chip_nss\Release\liblib_chip_nss.a(nfc_nss.o)
                0x000012ec                Chip_NFC_Int_GetEnabledMask
 .text.Chip_NFC_Int_GetRawStatus
                0x000012f4        0x8 C:\NXP Working File\NXP\lpc_sample\LPC8N04\5. Templates\LPC8N04_ALARMCLOCK\lib_chip_nss\Release\liblib_chip_nss.a(nfc_nss.o)
                0x000012f4                Chip_NFC_Int_GetRawStatus
 .text.Chip_NFC_Int_ClearRawStatus
                0x000012fc       0x20 C:\NXP Working File\NXP\lpc_sample\LPC8N04\5. Templates\LPC8N04_ALARMCLOCK\lib_chip_nss\Release\liblib_chip_nss.a(nfc_nss.o)
                0x000012fc                Chip_NFC_Int_ClearRawStatus
 .text.Chip_NFC_Init
                0x0000131c       0x24 C:\NXP Working File\NXP\lpc_sample\LPC8N04\5. Templates\LPC8N04_ALARMCLOCK\lib_chip_nss\Release\liblib_chip_nss.a(nfc_nss.o)
                0x0000131c                Chip_NFC_Init
 .text.Chip_NFC_SetTargetAddress
                0x00001340        0x6 C:\NXP Working File\NXP\lpc_sample\LPC8N04\5. Templates\LPC8N04_ALARMCLOCK\lib_chip_nss\Release\liblib_chip_nss.a(nfc_nss.o)
                0x00001340                Chip_NFC_SetTargetAddress
 *fill*         0x00001346        0x2 ff
 .text.Chip_PMU_PowerMode_GetDPDWakeupReason
                0x00001348       0x40 C:\NXP Working File\NXP\lpc_sample\LPC8N04\5. Templates\LPC8N04_ALARMCLOCK\lib_chip_nss\Release\liblib_chip_nss.a(pmu_nss.o)
                0x00001348                Chip_PMU_PowerMode_GetDPDWakeupReason
 .text.Chip_RTC_Init
                0x00001388        0xc C:\NXP Working File\NXP\lpc_sample\LPC8N04\5. Templates\LPC8N04_ALARMCLOCK\lib_chip_nss\Release\liblib_chip_nss.a(rtc_nss.o)
                0x00001388                Chip_RTC_Init
 .text.Chip_RTC_Wakeup_SetControl
                0x00001394       0x1c C:\NXP Working File\NXP\lpc_sample\LPC8N04\5. Templates\LPC8N04_ALARMCLOCK\lib_chip_nss\Release\liblib_chip_nss.a(rtc_nss.o)
                0x00001394                Chip_RTC_Wakeup_SetControl
 .text.Chip_RTC_Wakeup_SetReload
                0x000013b0       0x1c C:\NXP Working File\NXP\lpc_sample\LPC8N04\5. Templates\LPC8N04_ALARMCLOCK\lib_chip_nss\Release\liblib_chip_nss.a(rtc_nss.o)
                0x000013b0                Chip_RTC_Wakeup_SetReload
 .text.Chip_RTC_Wakeup_GetReload
                0x000013cc       0x1c C:\NXP Working File\NXP\lpc_sample\LPC8N04\5. Templates\LPC8N04_ALARMCLOCK\lib_chip_nss\Release\liblib_chip_nss.a(rtc_nss.o)
                0x000013cc                Chip_RTC_Wakeup_GetReload
 .text.Chip_RTC_Time_GetValue
                0x000013e8       0x18 C:\NXP Working File\NXP\lpc_sample\LPC8N04\5. Templates\LPC8N04_ALARMCLOCK\lib_chip_nss\Release\liblib_chip_nss.a(rtc_nss.o)
                0x000013e8                Chip_RTC_Time_GetValue
 .text.Chip_RTC_Time_SetValue
                0x00001400       0x1c C:\NXP Working File\NXP\lpc_sample\LPC8N04\5. Templates\LPC8N04_ALARMCLOCK\lib_chip_nss\Release\liblib_chip_nss.a(rtc_nss.o)
                0x00001400                Chip_RTC_Time_SetValue
 .text.Chip_RTC_Int_SetEnabledMask
                0x0000141c       0x1c C:\NXP Working File\NXP\lpc_sample\LPC8N04\5. Templates\LPC8N04_ALARMCLOCK\lib_chip_nss\Release\liblib_chip_nss.a(rtc_nss.o)
                0x0000141c                Chip_RTC_Int_SetEnabledMask
 .text.Chip_RTC_Int_GetRawStatus
                0x00001438       0x1c C:\NXP Working File\NXP\lpc_sample\LPC8N04\5. Templates\LPC8N04_ALARMCLOCK\lib_chip_nss\Release\liblib_chip_nss.a(rtc_nss.o)
                0x00001438                Chip_RTC_Int_GetRawStatus
 .text.Chip_RTC_Int_ClearRawStatus
                0x00001454       0x1c C:\NXP Working File\NXP\lpc_sample\LPC8N04\5. Templates\LPC8N04_ALARMCLOCK\lib_chip_nss\Release\liblib_chip_nss.a(rtc_nss.o)
                0x00001454                Chip_RTC_Int_ClearRawStatus
 .text.Chip_SysCon_Peripheral_AssertReset
                0x00001470       0x14 C:\NXP Working File\NXP\lpc_sample\LPC8N04\5. Templates\LPC8N04_ALARMCLOCK\lib_chip_nss\Release\liblib_chip_nss.a(syscon_nss.o)
                0x00001470                Chip_SysCon_Peripheral_AssertReset
 .text.Chip_SysCon_Peripheral_DeassertReset
                0x00001484       0x14 C:\NXP Working File\NXP\lpc_sample\LPC8N04\5. Templates\LPC8N04_ALARMCLOCK\lib_chip_nss\Release\liblib_chip_nss.a(syscon_nss.o)
                0x00001484                Chip_SysCon_Peripheral_DeassertReset
 .text.Chip_SysCon_Peripheral_EnablePower
                0x00001498       0x18 C:\NXP Working File\NXP\lpc_sample\LPC8N04\5. Templates\LPC8N04_ALARMCLOCK\lib_chip_nss\Release\liblib_chip_nss.a(syscon_nss.o)
                0x00001498                Chip_SysCon_Peripheral_EnablePower
 .text.Chip_SysCon_Peripheral_DisablePower
                0x000014b0       0x18 C:\NXP Working File\NXP\lpc_sample\LPC8N04\5. Templates\LPC8N04_ALARMCLOCK\lib_chip_nss\Release\liblib_chip_nss.a(syscon_nss.o)
                0x000014b0                Chip_SysCon_Peripheral_DisablePower
 .text.Chip_SysCon_StartLogic_SetEnabledMask
                0x000014c8       0x14 C:\NXP Working File\NXP\lpc_sample\LPC8N04\5. Templates\LPC8N04_ALARMCLOCK\lib_chip_nss\Release\liblib_chip_nss.a(syscon_nss.o)
                0x000014c8                Chip_SysCon_StartLogic_SetEnabledMask
 .text.Chip_SysCon_StartLogic_ClearStatus
                0x000014dc       0x18 C:\NXP Working File\NXP\lpc_sample\LPC8N04\5. Templates\LPC8N04_ALARMCLOCK\lib_chip_nss\Release\liblib_chip_nss.a(syscon_nss.o)
                0x000014dc                Chip_SysCon_StartLogic_ClearStatus
 .text.Chip_TSen_Init
                0x000014f4       0x30 C:\NXP Working File\NXP\lpc_sample\LPC8N04\5. Templates\LPC8N04_ALARMCLOCK\lib_chip_nss\Release\liblib_chip_nss.a(tsen_nss.o)
                0x000014f4                Chip_TSen_Init
 .text.Chip_TSen_DeInit
                0x00001524       0x16 C:\NXP Working File\NXP\lpc_sample\LPC8N04\5. Templates\LPC8N04_ALARMCLOCK\lib_chip_nss\Release\liblib_chip_nss.a(tsen_nss.o)
                0x00001524                Chip_TSen_DeInit
 .text.Chip_TSen_SetResolution
                0x0000153a       0x10 C:\NXP Working File\NXP\lpc_sample\LPC8N04\5. Templates\LPC8N04_ALARMCLOCK\lib_chip_nss\Release\liblib_chip_nss.a(tsen_nss.o)
                0x0000153a                Chip_TSen_SetResolution
 .text.Chip_TSen_GetResolution
                0x0000154a        0x8 C:\NXP Working File\NXP\lpc_sample\LPC8N04\5. Templates\LPC8N04_ALARMCLOCK\lib_chip_nss\Release\liblib_chip_nss.a(tsen_nss.o)
                0x0000154a                Chip_TSen_GetResolution
 .text.Chip_TSen_Start
                0x00001552        0xa C:\NXP Working File\NXP\lpc_sample\LPC8N04\5. Templates\LPC8N04_ALARMCLOCK\lib_chip_nss\Release\liblib_chip_nss.a(tsen_nss.o)
                0x00001552                Chip_TSen_Start
 .text.Chip_TSen_ReadStatus
                0x0000155c       0x32 C:\NXP Working File\NXP\lpc_sample\LPC8N04\5. Templates\LPC8N04_ALARMCLOCK\lib_chip_nss\Release\liblib_chip_nss.a(tsen_nss.o)
                0x0000155c                Chip_TSen_ReadStatus
 .text.Chip_TSen_GetValue
                0x0000158e        0x6 C:\NXP Working File\NXP\lpc_sample\LPC8N04\5. Templates\LPC8N04_ALARMCLOCK\lib_chip_nss\Release\liblib_chip_nss.a(tsen_nss.o)
                0x0000158e                Chip_TSen_GetValue
 .text.Chip_TSen_NativeToFahrenheit
                0x00001594       0x54 C:\NXP Working File\NXP\lpc_sample\LPC8N04\5. Templates\LPC8N04_ALARMCLOCK\lib_chip_nss\Release\liblib_chip_nss.a(tsen_nss.o)
                0x00001594                Chip_TSen_NativeToFahrenheit
 .text.Chip_TSen_Int_SetEnabledMask
                0x000015e8        0x8 C:\NXP Working File\NXP\lpc_sample\LPC8N04\5. Templates\LPC8N04_ALARMCLOCK\lib_chip_nss\Release\liblib_chip_nss.a(tsen_nss.o)
                0x000015e8                Chip_TSen_Int_SetEnabledMask
 .text.defaultIntHandler
                0x000015f0        0x2 C:\NXP Working File\NXP\lpc_sample\LPC8N04\5. Templates\LPC8N04_ALARMCLOCK\lib_chip_nss\Release\liblib_chip_nss.a(startup.o)
                0x000015f0                I2C0_IRQHandler
                0x000015f0                PMUBOD_IRQHandler
                0x000015f0                HardFault_Handler
                0x000015f0                SysTick_Handler
                0x000015f0                PendSV_Handler
                0x000015f0                NMI_Handler
                0x000015f0                CT16B0_IRQHandler
                0x000015f0                PIO0_8_IRQHandler
                0x000015f0                PIO0_4_IRQHandler
                0x000015f0                SSP0_IRQHandler
                0x000015f0                PMUFLD_IRQHandler
                0x000015f0                PIO0_6_IRQHandler
                0x000015f0                PIO0_5_IRQHandler
                0x000015f0                PIO0_1_IRQHandler
                0x000015f0                PIO0_IRQHandler
                0x000015f0                ADC_IRQHandler
                0x000015f0                PIO0_3_IRQHandler
                0x000015f0                WDT_IRQHandler
                0x000015f0                SVC_Handler
                0x000015f0                PIO0_10_IRQHandler
                0x000015f0                PIO0_7_IRQHandler
                0x000015f0                CT32B0_IRQHandler
                0x000015f0                PIO0_0_IRQHandler
                0x000015f0                PIO0_2_IRQHandler
                0x000015f0                EEPROM_IRQHandler
                0x000015f0                RTCPWREQ_IRQHandler
                0x000015f0                RFFIELD_IRQHandler
                0x000015f0                C2D_IRQHandler
                0x000015f0                FLASH_IRQHandler
                0x000015f0                I2D_IRQHandler
                0x000015f0                PIO0_9_IRQHandler
 .text.Chip_BusSync_WaitSync
                0x000015f2       0x12 C:\NXP Working File\NXP\lpc_sample\LPC8N04\5. Templates\LPC8N04_ALARMCLOCK\lib_chip_nss\Release\liblib_chip_nss.a(bussync_nss.o)
 .text.Chip_BusSync_WriteReg
                0x00001604       0x1e C:\NXP Working File\NXP\lpc_sample\LPC8N04\5. Templates\LPC8N04_ALARMCLOCK\lib_chip_nss\Release\liblib_chip_nss.a(bussync_nss.o)
                0x00001604                Chip_BusSync_WriteReg
 .text.Chip_BusSync_ReadReg
                0x00001622       0x28 C:\NXP Working File\NXP\lpc_sample\LPC8N04\5. Templates\LPC8N04_ALARMCLOCK\lib_chip_nss\Release\liblib_chip_nss.a(bussync_nss.o)
                0x00001622                Chip_BusSync_ReadReg
 .text.memcpy   0x0000164a        0x8 c:/nxp/mcuxpressoide_10.1.0_569_prc2g/ide/tools/bin/../lib/gcc/arm-none-eabi/6.3.1/../../../../arm-none-eabi/lib/thumb/v6-m\libcr_c.a(memcpy.o)
                0x0000164a                memcpy
 .text.memmove  0x00001652        0x8 c:/nxp/mcuxpressoide_10.1.0_569_prc2g/ide/tools/bin/../lib/gcc/arm-none-eabi/6.3.1/../../../../arm-none-eabi/lib/thumb/v6-m\libcr_c.a(memmove.o)
                0x00001652                memmove
 .text.memset   0x0000165a        0x8 c:/nxp/mcuxpressoide_10.1.0_569_prc2g/ide/tools/bin/../lib/gcc/arm-none-eabi/6.3.1/../../../../arm-none-eabi/lib/thumb/v6-m\libcr_c.a(memset.o)
                0x0000165a                memset
 .text.__weak_main
                0x00001662        0x8 c:/nxp/mcuxpressoide_10.1.0_569_prc2g/ide/tools/bin/../lib/gcc/arm-none-eabi/6.3.1/../../../../arm-none-eabi/lib/thumb/v6-m\libcr_c.a(__weak__main.o)
                0x00001662                __weak_main
                0x00001662                __main
 .text.fp_round
                0x0000166a       0x4a c:/nxp/mcuxpressoide_10.1.0_569_prc2g/ide/tools/bin/../lib/gcc/arm-none-eabi/6.3.1/../../../../arm-none-eabi/lib/thumb/v6-m\libcr_c.a(fpprintf.o)
 .text.pr_dec.constprop.1
                0x000016b4       0x30 c:/nxp/mcuxpressoide_10.1.0_569_prc2g/ide/tools/bin/../lib/gcc/arm-none-eabi/6.3.1/../../../../arm-none-eabi/lib/thumb/v6-m\libcr_c.a(fpprintf.o)
 .text.sprintf  0x000016e4       0x6c c:/nxp/mcuxpressoide_10.1.0_569_prc2g/ide/tools/bin/../lib/gcc/arm-none-eabi/6.3.1/../../../../arm-none-eabi/lib/thumb/v6-m\libcr_c.a(fpprintf.o)
                0x000016e4                sprintf
 .text.fp_display
                0x00001750      0x968 c:/nxp/mcuxpressoide_10.1.0_569_prc2g/ide/tools/bin/../lib/gcc/arm-none-eabi/6.3.1/../../../../arm-none-eabi/lib/thumb/v6-m\libcr_c.a(fpprintf.o)
 .text.vsnprintf
                0x000020b8       0x60 c:/nxp/mcuxpressoide_10.1.0_569_prc2g/ide/tools/bin/../lib/gcc/arm-none-eabi/6.3.1/../../../../arm-none-eabi/lib/thumb/v6-m\libcr_c.a(fpprintf.o)
                0x000020b8                vsnprintf
 .text.printf   0x00002118       0x50 c:/nxp/mcuxpressoide_10.1.0_569_prc2g/ide/tools/bin/../lib/gcc/arm-none-eabi/6.3.1/../../../../arm-none-eabi/lib/thumb/v6-m\libcr_c.a(fpprintf.o)
                0x00002118                printf
 .text.__vfprintf
                0x00002168      0xce0 c:/nxp/mcuxpressoide_10.1.0_569_prc2g/ide/tools/bin/../lib/gcc/arm-none-eabi/6.3.1/../../../../arm-none-eabi/lib/thumb/v6-m\libcr_c.a(printf.o)
                0x00002168                __vfprintf
 .text.strlen   0x00002e48       0x58 c:/nxp/mcuxpressoide_10.1.0_569_prc2g/ide/tools/bin/../lib/gcc/arm-none-eabi/6.3.1/../../../../arm-none-eabi/lib/thumb/v6-m\libcr_c.a(strlen.o)
                0x00002e48                strlen
 .text._deferredlazyseek
                0x00002ea0       0x40 c:/nxp/mcuxpressoide_10.1.0_569_prc2g/ide/tools/bin/../lib/gcc/arm-none-eabi/6.3.1/../../../../arm-none-eabi/lib/thumb/v6-m\libcr_c.a(_deferredlazyseek.o)
                0x00002ea0                _deferredlazyseek
 .text.__flsbuf
                0x00002ee0      0x150 c:/nxp/mcuxpressoide_10.1.0_569_prc2g/ide/tools/bin/../lib/gcc/arm-none-eabi/6.3.1/../../../../arm-none-eabi/lib/thumb/v6-m\libcr_c.a(_deferredlazyseek.o)
                0x00002ee0                __flsbuf
 .text._fflush  0x00003030       0x5c c:/nxp/mcuxpressoide_10.1.0_569_prc2g/ide/tools/bin/../lib/gcc/arm-none-eabi/6.3.1/../../../../arm-none-eabi/lib/thumb/v6-m\libcr_c.a(_fflush.o)
                0x00003030                _fflush
 .text._frexpl  0x0000308c       0x7c c:/nxp/mcuxpressoide_10.1.0_569_prc2g/ide/tools/bin/../lib/gcc/arm-none-eabi/6.3.1/../../../../arm-none-eabi/lib/thumb/v6-m\libcr_c.a(_frexpl.o)
                0x0000308c                _frexpl
 .text._ldexpl  0x00003108       0x58 c:/nxp/mcuxpressoide_10.1.0_569_prc2g/ide/tools/bin/../lib/gcc/arm-none-eabi/6.3.1/../../../../arm-none-eabi/lib/thumb/v6-m\libcr_c.a(_ldexpl.o)
                0x00003108                _ldexpl
 .text._Cwritebuf
                0x00003160       0x68 c:/nxp/mcuxpressoide_10.1.0_569_prc2g/ide/tools/bin/../lib/gcc/arm-none-eabi/6.3.1/../../../../arm-none-eabi/lib/thumb/v6-m\libcr_c.a(_writebuf.o)
                0x00003160                _Cwritebuf
 .text.malloc   0x000031c8       0xcc c:/nxp/mcuxpressoide_10.1.0_569_prc2g/ide/tools/bin/../lib/gcc/arm-none-eabi/6.3.1/../../../../arm-none-eabi/lib/thumb/v6-m\libcr_c.a(alloc.o)
                0x000031c8                malloc
 .text.free     0x00003294       0x2c c:/nxp/mcuxpressoide_10.1.0_569_prc2g/ide/tools/bin/../lib/gcc/arm-none-eabi/6.3.1/../../../../arm-none-eabi/lib/thumb/v6-m\libcr_c.a(alloc.o)
                0x00003294                free
 .text._Csys_alloc
                0x000032c0       0x20 c:/nxp/mcuxpressoide_10.1.0_569_prc2g/ide/tools/bin/../lib/gcc/arm-none-eabi/6.3.1/../../../../arm-none-eabi/lib/thumb/v6-m\libcr_c.a(alloc.o)
                0x000032c0                _Csys_alloc
 .text.fseek    0x000032e0       0xf0 c:/nxp/mcuxpressoide_10.1.0_569_prc2g/ide/tools/bin/../lib/gcc/arm-none-eabi/6.3.1/../../../../arm-none-eabi/lib/thumb/v6-m\libcr_c.a(fseek.o)
                0x000032e0                fseek
 .text.ftell    0x000033d0       0x48 c:/nxp/mcuxpressoide_10.1.0_569_prc2g/ide/tools/bin/../lib/gcc/arm-none-eabi/6.3.1/../../../../arm-none-eabi/lib/thumb/v6-m\libcr_c.a(ftell.o)
                0x000033d0                ftell
 .text._sbrk    0x00003418       0x40 c:/nxp/mcuxpressoide_10.1.0_569_prc2g/ide/tools/bin/../lib/gcc/arm-none-eabi/6.3.1/../../../../arm-none-eabi/lib/thumb/v6-m\libcr_c.a(_cr_sbrk.o)
                0x00003418                _sbrk
 .text.__check_heap_overflow
                0x00003458       0x18 c:/nxp/mcuxpressoide_10.1.0_569_prc2g/ide/tools/bin/../lib/gcc/arm-none-eabi/6.3.1/../../../../arm-none-eabi/lib/thumb/v6-m\libcr_c.a(_cr_check_heap.o)
                0x00003458                __check_heap_overflow
 .text.__aeabi_division_idivmod
                0x00003470       0x78 c:/nxp/mcuxpressoide_10.1.0_569_prc2g/ide/tools/bin/../lib/gcc/arm-none-eabi/6.3.1/thumb/v6-m\libcr_eabihelpers.a(division_32.o)
                0x00003470                __aeabi_idivmod
                0x00003470                __aeabi_idiv
                0x00003476                __aeabi_uidivmod
                0x00003476                __aeabi_uidiv
 .text.__aeabi_division_idiv0
                0x000034e8        0x2 c:/nxp/mcuxpressoide_10.1.0_569_prc2g/ide/tools/bin/../lib/gcc/arm-none-eabi/6.3.1/thumb/v6-m\libcr_eabihelpers.a(division_idiv0.o)
                0x000034e8                __aeabi_idiv0
 *fill*         0x000034ea        0x2 ff
 .text.__aeabi_dmul
                0x000034ec      0x180 c:/nxp/mcuxpressoide_10.1.0_569_prc2g/ide/tools/bin/../lib/gcc/arm-none-eabi/6.3.1/thumb/v6-m\libcr_eabihelpers.a(double.o)
                0x000034ec                __aeabi_dmul
 .text.__aeabi_ddiv
                0x0000366c      0x14c c:/nxp/mcuxpressoide_10.1.0_569_prc2g/ide/tools/bin/../lib/gcc/arm-none-eabi/6.3.1/thumb/v6-m\libcr_eabihelpers.a(double.o)
                0x0000366c                __aeabi_ddiv
 .text.__aeabi_dsub
                0x000037b8      0x1e8 c:/nxp/mcuxpressoide_10.1.0_569_prc2g/ide/tools/bin/../lib/gcc/arm-none-eabi/6.3.1/thumb/v6-m\libcr_eabihelpers.a(double.o)
                0x000037b8                __aeabi_dsub
 .text.__aeabi_dadd
                0x000039a0      0x130 c:/nxp/mcuxpressoide_10.1.0_569_prc2g/ide/tools/bin/../lib/gcc/arm-none-eabi/6.3.1/thumb/v6-m\libcr_eabihelpers.a(double.o)
                0x000039a0                __aeabi_dadd
 .text.__aeabi_d2iz
                0x00003ad0       0x44 c:/nxp/mcuxpressoide_10.1.0_569_prc2g/ide/tools/bin/../lib/gcc/arm-none-eabi/6.3.1/thumb/v6-m\libcr_eabihelpers.a(double.o)
                0x00003ad0                __aeabi_d2iz
 .text.__bhs_ui2d
                0x00003b14       0x5e c:/nxp/mcuxpressoide_10.1.0_569_prc2g/ide/tools/bin/../lib/gcc/arm-none-eabi/6.3.1/thumb/v6-m\libcr_eabihelpers.a(double.o)
                0x00003b14                __bhs_ui2d
 .text.__aeabi_i2d
                0x00003b72       0x18 c:/nxp/mcuxpressoide_10.1.0_569_prc2g/ide/tools/bin/../lib/gcc/arm-none-eabi/6.3.1/thumb/v6-m\libcr_eabihelpers.a(double.o)
                0x00003b72                __aeabi_i2d
 *fill*         0x00003b8a        0x2 ff
 .text.__aeabi_dcmpeq
                0x00003b8c       0x30 c:/nxp/mcuxpressoide_10.1.0_569_prc2g/ide/tools/bin/../lib/gcc/arm-none-eabi/6.3.1/thumb/v6-m\libcr_eabihelpers.a(double.o)
                0x00003b8c                __aeabi_dcmpeq
 .text.__aeabi_dcmplt
                0x00003bbc       0x5c c:/nxp/mcuxpressoide_10.1.0_569_prc2g/ide/tools/bin/../lib/gcc/arm-none-eabi/6.3.1/thumb/v6-m\libcr_eabihelpers.a(double.o)
                0x00003bbc                __aeabi_dcmplt
 .text.__aeabi_dcmple
                0x00003c18       0x5c c:/nxp/mcuxpressoide_10.1.0_569_prc2g/ide/tools/bin/../lib/gcc/arm-none-eabi/6.3.1/thumb/v6-m\libcr_eabihelpers.a(double.o)
                0x00003c18                __aeabi_dcmple
 .text.__aeabi_dcmpge
                0x00003c74       0x60 c:/nxp/mcuxpressoide_10.1.0_569_prc2g/ide/tools/bin/../lib/gcc/arm-none-eabi/6.3.1/thumb/v6-m\libcr_eabihelpers.a(double.o)
                0x00003c74                __aeabi_dcmpge
 .text.__aeabi_llong_lmul
                0x00003cd4       0x2e c:/nxp/mcuxpressoide_10.1.0_569_prc2g/ide/tools/bin/../lib/gcc/arm-none-eabi/6.3.1/thumb/v6-m\libcr_eabihelpers.a(llong.o)
                0x00003cd4                __aeabi_lmul
 .text.__aeabi_memcpy
                0x00003d02       0x2c c:/nxp/mcuxpressoide_10.1.0_569_prc2g/ide/tools/bin/../lib/gcc/arm-none-eabi/6.3.1/thumb/v6-m\libcr_eabihelpers.a(memcpy.o)
                0x00003d02                __aeabi_memcpy4
                0x00003d02                __aeabi_memcpy8
                0x00003d02                __aeabi_memcpy
 .text.__aeabi_memmove
                0x00003d2e       0x1c c:/nxp/mcuxpressoide_10.1.0_569_prc2g/ide/tools/bin/../lib/gcc/arm-none-eabi/6.3.1/thumb/v6-m\libcr_eabihelpers.a(memcpy.o)
                0x00003d2e                __aeabi_memmove
                0x00003d2e                __aeabi_memmove4
                0x00003d2e                __aeabi_memmove8
 .text.__aeabi_memset_lowlevel
                0x00003d4a       0x2a c:/nxp/mcuxpressoide_10.1.0_569_prc2g/ide/tools/bin/../lib/gcc/arm-none-eabi/6.3.1/thumb/v6-m\libcr_eabihelpers.a(memcpy.o)
                0x00003d4a                __aeabi_lowlevel_memset
 *(.rodata .rodata.* .constdata .constdata.*)
 .rodata.main.str1.1
                0x00003d74       0xb1 ./src/main.o
                                 0xb4 (size before relaxing)
 .rodata.table_month
                0x00003e25        0xc ./src/timer.o
                0x00003e25                table_month
 *fill*         0x00003e31        0x3 ff
 .rodata.defaultBytes
                0x00003e34        0xc ./mods/ndeft2t/ndeft2t.o
 .rodata.fp_display.str1.1
                0x00003e40       0x32 c:/nxp/mcuxpressoide_10.1.0_569_prc2g/ide/tools/bin/../lib/gcc/arm-none-eabi/6.3.1/../../../../arm-none-eabi/lib/thumb/v6-m\libcr_c.a(fpprintf.o)
                                 0x35 (size before relaxing)
 .rodata.__vfprintf.str1.1
                0x00003e72       0x31 c:/nxp/mcuxpressoide_10.1.0_569_prc2g/ide/tools/bin/../lib/gcc/arm-none-eabi/6.3.1/../../../../arm-none-eabi/lib/thumb/v6-m\libcr_c.a(printf.o)
                                 0x38 (size before relaxing)
 .rodata._Csys_alloc.str1.1
                0x00003ea3       0x18 c:/nxp/mcuxpressoide_10.1.0_569_prc2g/ide/tools/bin/../lib/gcc/arm-none-eabi/6.3.1/../../../../arm-none-eabi/lib/thumb/v6-m\libcr_c.a(alloc.o)
 *fill*         0x00003ebb        0x5 ff
 .rodata.__huge_vall
                0x00003ec0        0x8 c:/nxp/mcuxpressoide_10.1.0_569_prc2g/ide/tools/bin/../lib/gcc/arm-none-eabi/6.3.1/../../../../arm-none-eabi/lib/thumb/v6-m\libcr_c.a(_hugeval.o)
                0x00003ec0                __huge_vall
                0x00003ec8                . = ALIGN (0x4)

.glue_7         0x00003ec8        0x0
 .glue_7        0x00003ec8        0x0 linker stubs

.glue_7t        0x00003ec8        0x0
 .glue_7t       0x00003ec8        0x0 linker stubs

.vfp11_veneer   0x00003ec8        0x0
 .vfp11_veneer  0x00003ec8        0x0 linker stubs

.v4_bx          0x00003ec8        0x0
 .v4_bx         0x00003ec8        0x0 linker stubs

.iplt           0x00003ec8        0x0
 .iplt          0x00003ec8        0x0 ./src/crp.o

.rel.dyn        0x00003ec8        0x0
 .rel.iplt      0x00003ec8        0x0 ./src/crp.o

.ARM.extab
 *(.ARM.extab* .gnu.linkonce.armextab.*)
                0x00003ec8                __exidx_start = .

.ARM.exidx
 *(.ARM.exidx* .gnu.linkonce.armexidx.*)
                0x00003ec8                __exidx_end = .
                0x00003ec8                _etext = .

.uninit_RESERVED
                0x10000000        0x0
 *(.bss.$RESERVED*)
                0x10000000                . = ALIGN (0x4)
                0x10000000                _end_uninit_RESERVED = .

.data           0x10000000      0x610 load address 0x00003ec8
 FILL mask 0xff
                0x10000000                _data = .
 *(vtable)
 *(.ramfunc*)
 *(.data*)
 .data.F16x16   0x10000000      0x5f0 ./src/ssd1306.o
                0x10000000                F16x16
 .data.EEPROM_lastWrittenRow
                0x100005f0        0x4 C:\NXP Working File\NXP\lpc_sample\LPC8N04\5. Templates\LPC8N04_ALARMCLOCK\lib_chip_nss\Release\liblib_chip_nss.a(eeprom_nss.o)
 .data.i2c      0x100005f4       0x1c C:\NXP Working File\NXP\lpc_sample\LPC8N04\5. Templates\LPC8N04_ALARMCLOCK\lib_chip_nss\Release\liblib_chip_nss.a(i2c_nss.o)
                0x10000610                . = ALIGN (0x4)
                0x10000610                _edata = .

.igot.plt       0x10000610        0x0 load address 0x000044d8
 .igot.plt      0x10000610        0x0 ./src/crp.o

.bss            0x10000610       0x84 load address 0x000044d8
                0x10000610                _bss = .
 *(.bss*)
 .bss.g_DispTimeColonFlag
                0x10000610        0x1 ./src/main.o
                0x10000610                g_DispTimeColonFlag
 .bss.g_OLEDDispBuf
                0x10000611       0x40 ./src/main.o
                0x10000611                g_OLEDDispBuf
 *fill*         0x10000651        0x3 
 .bss.g_sRTCValue
                0x10000654        0xc ./src/main.o
                0x10000654                g_sRTCValue
 .bss.hostTicks
                0x10000660        0x2 ./src/main.o
                0x10000660                hostTicks
 .bss.hostTimeout
                0x10000662        0x2 ./src/main.o
                0x10000662                hostTimeout
 .bss.nfcOn     0x10000664        0x1 ./src/main.o
 .bss.sTargetWritten
                0x10000665        0x1 ./src/main.o
 .bss.updateNFC
                0x10000666        0x1 ./src/main.o
 .bss.sMeasurementTimeoutInterruptFired
                0x10000667        0x1 ./src/timer.o
 .bss.sContext  0x10000668        0x4 ./mods/tmeas/tmeas.o
 .bss.sFormat   0x1000066c        0x1 ./mods/tmeas/tmeas.o
 .bss.sMeasurementInProgress
                0x1000066d        0x1 ./mods/tmeas/tmeas.o
 *fill*         0x1000066e        0x2 
 .bss.sTermTlvOffset
                0x10000670        0x4 ./mods/ndeft2t/ndeft2t.o
 .bss.sTermTlvPage
                0x10000674        0x4 ./mods/ndeft2t/ndeft2t.o
 .bss.EEPROM_flushing
                0x10000678        0x1 C:\NXP Working File\NXP\lpc_sample\LPC8N04\5. Templates\LPC8N04_ALARMCLOCK\lib_chip_nss\Release\liblib_chip_nss.a(eeprom_nss.o)
 *fill*         0x10000679        0x3 
 .bss.stickyMEM_WRITE
                0x1000067c        0x4 C:\NXP Working File\NXP\lpc_sample\LPC8N04\5. Templates\LPC8N04_ALARMCLOCK\lib_chip_nss\Release\liblib_chip_nss.a(nfc_nss.o)
 .bss.Chip_PMU_AccessCounter
                0x10000680        0x4 C:\NXP Working File\NXP\lpc_sample\LPC8N04\5. Templates\LPC8N04_ALARMCLOCK\lib_chip_nss\Release\liblib_chip_nss.a(pmu_nss.o)
 .bss.Chip_RTC_AccessCounter
                0x10000684        0x4 C:\NXP Working File\NXP\lpc_sample\LPC8N04\5. Templates\LPC8N04_ALARMCLOCK\lib_chip_nss\Release\liblib_chip_nss.a(rtc_nss.o)
 .bss.errno     0x10000688        0x4 c:/nxp/mcuxpressoide_10.1.0_569_prc2g/ide/tools/bin/../lib/gcc/arm-none-eabi/6.3.1/../../../../arm-none-eabi/lib/thumb/v6-m\libcr_c.a(errno.o)
                0x10000688                errno
 .bss.__end_of_heap
                0x1000068c        0x4 c:/nxp/mcuxpressoide_10.1.0_569_prc2g/ide/tools/bin/../lib/gcc/arm-none-eabi/6.3.1/../../../../arm-none-eabi/lib/thumb/v6-m\libcr_c.a(__init_alloc.o)
                0x1000068c                __end_of_heap
 .bss.__heaps   0x10000690        0x4 c:/nxp/mcuxpressoide_10.1.0_569_prc2g/ide/tools/bin/../lib/gcc/arm-none-eabi/6.3.1/../../../../arm-none-eabi/lib/thumb/v6-m\libcr_c.a(__init_alloc.o)
                0x10000690                __heaps
 *(COMMON)
                0x10000694                . = ALIGN (0x4)
                0x10000694                _ebss = .
                [!provide]                PROVIDE (end, .)

.noinit         0x10000694      0x21c load address 0x000044d8
                0x10000694                _noinit = .
 *(.noinit*)
 .noinit        0x10000694      0x21c ./src/main.o
                0x100008b0                . = ALIGN (0x4)
                0x100008b0                _end_noinit = .
                0x100008b0                PROVIDE (_pvHeapStart, DEFINED (__user_heap_base)?__user_heap_base:.)
                0x10001ff0                PROVIDE (_vStackTop, DEFINED (__user_stack_top)?__user_stack_top:(__top_SRAM8 - 0x0))
                [!provide]                PROVIDE (__valid_user_code_checksum, (0x0 - (((_vStackTop + (ResetISR + 0x1)) + (DEFINED (NMI_Handler)?NMI_Handler:M0_NMI_Handler + 0x1)) + (DEFINED (HardFault_Handler)?HardFault_Handler:M0_HardFault_Handler + 0x1))))
                0x00000000                _image_start = LOADADDR (.text)
                0x000044d8                _image_end = (LOADADDR (.data) + SIZEOF (.data))
                0x000044d8                _image_size = (_image_end - _image_start)
OUTPUT(app_demo.axf elf32-littlearm)

.debug_info     0x00000000     0x45ae
 .debug_info    0x00000000       0x3b ./src/crp.o
 .debug_info    0x0000003b     0x1118 ./src/main.o
 .debug_info    0x00001153     0x113a ./src/ssd1306.o
 .debug_info    0x0000228d      0x976 ./src/timer.o
 .debug_info    0x00002c03      0x7f6 ./mods/tmeas/tmeas.o
 .debug_info    0x000033f9     0x11b5 ./mods/ndeft2t/ndeft2t.o

.debug_abbrev   0x00000000     0x1008
 .debug_abbrev  0x00000000       0x33 ./src/crp.o
 .debug_abbrev  0x00000033      0x32e ./src/main.o
 .debug_abbrev  0x00000361      0x343 ./src/ssd1306.o
 .debug_abbrev  0x000006a4      0x2f4 ./src/timer.o
 .debug_abbrev  0x00000998      0x298 ./mods/tmeas/tmeas.o
 .debug_abbrev  0x00000c30      0x3d8 ./mods/ndeft2t/ndeft2t.o

.debug_aranges  0x00000000      0x1f0
 .debug_aranges
                0x00000000       0x18 ./src/crp.o
 .debug_aranges
                0x00000018       0x40 ./src/main.o
 .debug_aranges
                0x00000058       0x70 ./src/ssd1306.o
 .debug_aranges
                0x000000c8       0x60 ./src/timer.o
 .debug_aranges
                0x00000128       0x28 ./mods/tmeas/tmeas.o
 .debug_aranges
                0x00000150       0xa0 ./mods/ndeft2t/ndeft2t.o

.debug_line     0x00000000     0x1385
 .debug_line    0x00000000       0x2d ./src/crp.o
 .debug_line    0x0000002d      0x4f2 ./src/main.o
 .debug_line    0x0000051f      0x3f5 ./src/ssd1306.o
 .debug_line    0x00000914      0x352 ./src/timer.o
 .debug_line    0x00000c66      0x1f4 ./mods/tmeas/tmeas.o
 .debug_line    0x00000e5a      0x52b ./mods/ndeft2t/ndeft2t.o

.debug_str      0x00000000     0x1aff
 .debug_str     0x00000000      0x133 ./src/crp.o
                                0x140 (size before relaxing)
 .debug_str     0x00000133      0x888 ./src/main.o
                                0x9f6 (size before relaxing)
 .debug_str     0x000009bb      0x43e ./src/ssd1306.o
                                0x6e7 (size before relaxing)
 .debug_str     0x00000df9      0x42a ./src/timer.o
                                0x91e (size before relaxing)
 .debug_str     0x00001223      0x188 ./mods/tmeas/tmeas.o
                                0x7ce (size before relaxing)
 .debug_str     0x000013ab      0x754 ./mods/ndeft2t/ndeft2t.o
                                0xc38 (size before relaxing)

.comment        0x00000000       0x7f
 .comment       0x00000000       0x7f ./src/crp.o
                                 0x80 (size before relaxing)
 .comment       0x0000007f       0x80 ./src/main.o
 .comment       0x0000007f       0x80 ./src/ssd1306.o
 .comment       0x0000007f       0x80 ./src/timer.o
 .comment       0x0000007f       0x80 ./mods/tmeas/tmeas.o
 .comment       0x0000007f       0x80 ./mods/ndeft2t/ndeft2t.o
 .comment       0x0000007f       0x80 C:\NXP Working File\NXP\lpc_sample\LPC8N04\5. Templates\LPC8N04_ALARMCLOCK\lib_board_dp\Release\liblib_board_dp.a(board.o)
 .comment       0x0000007f       0x80 C:\NXP Working File\NXP\lpc_sample\LPC8N04\5. Templates\LPC8N04_ALARMCLOCK\lib_chip_nss\Release\liblib_chip_nss.a(clock_nss.o)
 .comment       0x0000007f       0x80 C:\NXP Working File\NXP\lpc_sample\LPC8N04\5. Templates\LPC8N04_ALARMCLOCK\lib_chip_nss\Release\liblib_chip_nss.a(eeprom_nss.o)
 .comment       0x0000007f       0x80 C:\NXP Working File\NXP\lpc_sample\LPC8N04\5. Templates\LPC8N04_ALARMCLOCK\lib_chip_nss\Release\liblib_chip_nss.a(gpio_nss.o)
 .comment       0x0000007f       0x80 C:\NXP Working File\NXP\lpc_sample\LPC8N04\5. Templates\LPC8N04_ALARMCLOCK\lib_chip_nss\Release\liblib_chip_nss.a(i2c_nss.o)
 .comment       0x0000007f       0x80 C:\NXP Working File\NXP\lpc_sample\LPC8N04\5. Templates\LPC8N04_ALARMCLOCK\lib_chip_nss\Release\liblib_chip_nss.a(iocon_nss.o)
 .comment       0x0000007f       0x80 C:\NXP Working File\NXP\lpc_sample\LPC8N04\5. Templates\LPC8N04_ALARMCLOCK\lib_chip_nss\Release\liblib_chip_nss.a(nfc_nss.o)
 .comment       0x0000007f       0x80 C:\NXP Working File\NXP\lpc_sample\LPC8N04\5. Templates\LPC8N04_ALARMCLOCK\lib_chip_nss\Release\liblib_chip_nss.a(pmu_nss.o)
 .comment       0x0000007f       0x80 C:\NXP Working File\NXP\lpc_sample\LPC8N04\5. Templates\LPC8N04_ALARMCLOCK\lib_chip_nss\Release\liblib_chip_nss.a(rtc_nss.o)
 .comment       0x0000007f       0x80 C:\NXP Working File\NXP\lpc_sample\LPC8N04\5. Templates\LPC8N04_ALARMCLOCK\lib_chip_nss\Release\liblib_chip_nss.a(syscon_nss.o)
 .comment       0x0000007f       0x80 C:\NXP Working File\NXP\lpc_sample\LPC8N04\5. Templates\LPC8N04_ALARMCLOCK\lib_chip_nss\Release\liblib_chip_nss.a(tsen_nss.o)
 .comment       0x0000007f       0x80 C:\NXP Working File\NXP\lpc_sample\LPC8N04\5. Templates\LPC8N04_ALARMCLOCK\lib_chip_nss\Release\liblib_chip_nss.a(startup.o)
 .comment       0x0000007f       0x80 C:\NXP Working File\NXP\lpc_sample\LPC8N04\5. Templates\LPC8N04_ALARMCLOCK\lib_chip_nss\Release\liblib_chip_nss.a(bussync_nss.o)
 .comment       0x0000007f       0x80 c:/nxp/mcuxpressoide_10.1.0_569_prc2g/ide/tools/bin/../lib/gcc/arm-none-eabi/6.3.1/../../../../arm-none-eabi/lib/thumb/v6-m\libcr_c.a(memcpy.o)
 .comment       0x0000007f       0x80 c:/nxp/mcuxpressoide_10.1.0_569_prc2g/ide/tools/bin/../lib/gcc/arm-none-eabi/6.3.1/../../../../arm-none-eabi/lib/thumb/v6-m\libcr_c.a(memmove.o)
 .comment       0x0000007f       0x80 c:/nxp/mcuxpressoide_10.1.0_569_prc2g/ide/tools/bin/../lib/gcc/arm-none-eabi/6.3.1/../../../../arm-none-eabi/lib/thumb/v6-m\libcr_c.a(memset.o)
 .comment       0x0000007f       0x80 c:/nxp/mcuxpressoide_10.1.0_569_prc2g/ide/tools/bin/../lib/gcc/arm-none-eabi/6.3.1/../../../../arm-none-eabi/lib/thumb/v6-m\libcr_c.a(__weak__main.o)
 .comment       0x0000007f       0x80 c:/nxp/mcuxpressoide_10.1.0_569_prc2g/ide/tools/bin/../lib/gcc/arm-none-eabi/6.3.1/../../../../arm-none-eabi/lib/thumb/v6-m\libcr_c.a(fpprintf.o)
 .comment       0x0000007f       0x80 c:/nxp/mcuxpressoide_10.1.0_569_prc2g/ide/tools/bin/../lib/gcc/arm-none-eabi/6.3.1/../../../../arm-none-eabi/lib/thumb/v6-m\libcr_c.a(printf.o)
 .comment       0x0000007f       0x80 c:/nxp/mcuxpressoide_10.1.0_569_prc2g/ide/tools/bin/../lib/gcc/arm-none-eabi/6.3.1/../../../../arm-none-eabi/lib/thumb/v6-m\libcr_c.a(strlen.o)
 .comment       0x0000007f       0x80 c:/nxp/mcuxpressoide_10.1.0_569_prc2g/ide/tools/bin/../lib/gcc/arm-none-eabi/6.3.1/../../../../arm-none-eabi/lib/thumb/v6-m\libcr_c.a(_deferredlazyseek.o)
 .comment       0x0000007f       0x80 c:/nxp/mcuxpressoide_10.1.0_569_prc2g/ide/tools/bin/../lib/gcc/arm-none-eabi/6.3.1/../../../../arm-none-eabi/lib/thumb/v6-m\libcr_c.a(_fflush.o)
 .comment       0x0000007f       0x80 c:/nxp/mcuxpressoide_10.1.0_569_prc2g/ide/tools/bin/../lib/gcc/arm-none-eabi/6.3.1/../../../../arm-none-eabi/lib/thumb/v6-m\libcr_c.a(_frexpl.o)
 .comment       0x0000007f       0x80 c:/nxp/mcuxpressoide_10.1.0_569_prc2g/ide/tools/bin/../lib/gcc/arm-none-eabi/6.3.1/../../../../arm-none-eabi/lib/thumb/v6-m\libcr_c.a(_ldexpl.o)
 .comment       0x0000007f       0x80 c:/nxp/mcuxpressoide_10.1.0_569_prc2g/ide/tools/bin/../lib/gcc/arm-none-eabi/6.3.1/../../../../arm-none-eabi/lib/thumb/v6-m\libcr_c.a(_writebuf.o)
 .comment       0x0000007f       0x80 c:/nxp/mcuxpressoide_10.1.0_569_prc2g/ide/tools/bin/../lib/gcc/arm-none-eabi/6.3.1/../../../../arm-none-eabi/lib/thumb/v6-m\libcr_c.a(alloc.o)
 .comment       0x0000007f       0x80 c:/nxp/mcuxpressoide_10.1.0_569_prc2g/ide/tools/bin/../lib/gcc/arm-none-eabi/6.3.1/../../../../arm-none-eabi/lib/thumb/v6-m\libcr_c.a(errno.o)
 .comment       0x0000007f       0x80 c:/nxp/mcuxpressoide_10.1.0_569_prc2g/ide/tools/bin/../lib/gcc/arm-none-eabi/6.3.1/../../../../arm-none-eabi/lib/thumb/v6-m\libcr_c.a(fseek.o)
 .comment       0x0000007f       0x80 c:/nxp/mcuxpressoide_10.1.0_569_prc2g/ide/tools/bin/../lib/gcc/arm-none-eabi/6.3.1/../../../../arm-none-eabi/lib/thumb/v6-m\libcr_c.a(ftell.o)
 .comment       0x0000007f       0x80 c:/nxp/mcuxpressoide_10.1.0_569_prc2g/ide/tools/bin/../lib/gcc/arm-none-eabi/6.3.1/../../../../arm-none-eabi/lib/thumb/v6-m\libcr_c.a(__init_alloc.o)
 .comment       0x0000007f       0x80 c:/nxp/mcuxpressoide_10.1.0_569_prc2g/ide/tools/bin/../lib/gcc/arm-none-eabi/6.3.1/../../../../arm-none-eabi/lib/thumb/v6-m\libcr_c.a(_cr_sbrk.o)
 .comment       0x0000007f       0x80 c:/nxp/mcuxpressoide_10.1.0_569_prc2g/ide/tools/bin/../lib/gcc/arm-none-eabi/6.3.1/../../../../arm-none-eabi/lib/thumb/v6-m\libcr_c.a(_hugeval.o)
 .comment       0x0000007f       0x80 c:/nxp/mcuxpressoide_10.1.0_569_prc2g/ide/tools/bin/../lib/gcc/arm-none-eabi/6.3.1/../../../../arm-none-eabi/lib/thumb/v6-m\libcr_c.a(_cr_check_heap.o)
 .comment       0x0000007f       0x80 c:/nxp/mcuxpressoide_10.1.0_569_prc2g/ide/tools/bin/../lib/gcc/arm-none-eabi/6.3.1/thumb/v6-m\libcr_eabihelpers.a(double.o)

.ARM.attributes
                0x00000000       0x2f
 .ARM.attributes
                0x00000000       0x31 ./src/crp.o
 .ARM.attributes
                0x00000031       0x31 ./src/main.o
 .ARM.attributes
                0x00000062       0x31 ./src/ssd1306.o
 .ARM.attributes
                0x00000093       0x31 ./src/timer.o
 .ARM.attributes
                0x000000c4       0x31 ./mods/tmeas/tmeas.o
 .ARM.attributes
                0x000000f5       0x31 ./mods/ndeft2t/ndeft2t.o
 .ARM.attributes
                0x00000126       0x32 C:\NXP Working File\NXP\lpc_sample\LPC8N04\5. Templates\LPC8N04_ALARMCLOCK\lib_board_dp\Release\liblib_board_dp.a(board.o)
 .ARM.attributes
                0x00000158       0x32 C:\NXP Working File\NXP\lpc_sample\LPC8N04\5. Templates\LPC8N04_ALARMCLOCK\lib_chip_nss\Release\liblib_chip_nss.a(clock_nss.o)
 .ARM.attributes
                0x0000018a       0x32 C:\NXP Working File\NXP\lpc_sample\LPC8N04\5. Templates\LPC8N04_ALARMCLOCK\lib_chip_nss\Release\liblib_chip_nss.a(eeprom_nss.o)
 .ARM.attributes
                0x000001bc       0x32 C:\NXP Working File\NXP\lpc_sample\LPC8N04\5. Templates\LPC8N04_ALARMCLOCK\lib_chip_nss\Release\liblib_chip_nss.a(gpio_nss.o)
 .ARM.attributes
                0x000001ee       0x32 C:\NXP Working File\NXP\lpc_sample\LPC8N04\5. Templates\LPC8N04_ALARMCLOCK\lib_chip_nss\Release\liblib_chip_nss.a(i2c_nss.o)
 .ARM.attributes
                0x00000220       0x32 C:\NXP Working File\NXP\lpc_sample\LPC8N04\5. Templates\LPC8N04_ALARMCLOCK\lib_chip_nss\Release\liblib_chip_nss.a(iocon_nss.o)
 .ARM.attributes
                0x00000252       0x32 C:\NXP Working File\NXP\lpc_sample\LPC8N04\5. Templates\LPC8N04_ALARMCLOCK\lib_chip_nss\Release\liblib_chip_nss.a(nfc_nss.o)
 .ARM.attributes
                0x00000284       0x32 C:\NXP Working File\NXP\lpc_sample\LPC8N04\5. Templates\LPC8N04_ALARMCLOCK\lib_chip_nss\Release\liblib_chip_nss.a(pmu_nss.o)
 .ARM.attributes
                0x000002b6       0x32 C:\NXP Working File\NXP\lpc_sample\LPC8N04\5. Templates\LPC8N04_ALARMCLOCK\lib_chip_nss\Release\liblib_chip_nss.a(rtc_nss.o)
 .ARM.attributes
                0x000002e8       0x32 C:\NXP Working File\NXP\lpc_sample\LPC8N04\5. Templates\LPC8N04_ALARMCLOCK\lib_chip_nss\Release\liblib_chip_nss.a(syscon_nss.o)
 .ARM.attributes
                0x0000031a       0x32 C:\NXP Working File\NXP\lpc_sample\LPC8N04\5. Templates\LPC8N04_ALARMCLOCK\lib_chip_nss\Release\liblib_chip_nss.a(tsen_nss.o)
 .ARM.attributes
                0x0000034c       0x32 C:\NXP Working File\NXP\lpc_sample\LPC8N04\5. Templates\LPC8N04_ALARMCLOCK\lib_chip_nss\Release\liblib_chip_nss.a(startup.o)
 .ARM.attributes
                0x0000037e       0x32 C:\NXP Working File\NXP\lpc_sample\LPC8N04\5. Templates\LPC8N04_ALARMCLOCK\lib_chip_nss\Release\liblib_chip_nss.a(bussync_nss.o)
 .ARM.attributes
                0x000003b0       0x31 c:/nxp/mcuxpressoide_10.1.0_569_prc2g/ide/tools/bin/../lib/gcc/arm-none-eabi/6.3.1/../../../../arm-none-eabi/lib/thumb/v6-m\libcr_c.a(memcpy.o)
 .ARM.attributes
                0x000003e1       0x31 c:/nxp/mcuxpressoide_10.1.0_569_prc2g/ide/tools/bin/../lib/gcc/arm-none-eabi/6.3.1/../../../../arm-none-eabi/lib/thumb/v6-m\libcr_c.a(memmove.o)
 .ARM.attributes
                0x00000412       0x31 c:/nxp/mcuxpressoide_10.1.0_569_prc2g/ide/tools/bin/../lib/gcc/arm-none-eabi/6.3.1/../../../../arm-none-eabi/lib/thumb/v6-m\libcr_c.a(memset.o)
 .ARM.attributes
                0x00000443       0x31 c:/nxp/mcuxpressoide_10.1.0_569_prc2g/ide/tools/bin/../lib/gcc/arm-none-eabi/6.3.1/../../../../arm-none-eabi/lib/thumb/v6-m\libcr_c.a(__weak__main.o)
 .ARM.attributes
                0x00000474       0x31 c:/nxp/mcuxpressoide_10.1.0_569_prc2g/ide/tools/bin/../lib/gcc/arm-none-eabi/6.3.1/../../../../arm-none-eabi/lib/thumb/v6-m\libcr_c.a(fpprintf.o)
 .ARM.attributes
                0x000004a5       0x31 c:/nxp/mcuxpressoide_10.1.0_569_prc2g/ide/tools/bin/../lib/gcc/arm-none-eabi/6.3.1/../../../../arm-none-eabi/lib/thumb/v6-m\libcr_c.a(printf.o)
 .ARM.attributes
                0x000004d6       0x31 c:/nxp/mcuxpressoide_10.1.0_569_prc2g/ide/tools/bin/../lib/gcc/arm-none-eabi/6.3.1/../../../../arm-none-eabi/lib/thumb/v6-m\libcr_c.a(strlen.o)
 .ARM.attributes
                0x00000507       0x31 c:/nxp/mcuxpressoide_10.1.0_569_prc2g/ide/tools/bin/../lib/gcc/arm-none-eabi/6.3.1/../../../../arm-none-eabi/lib/thumb/v6-m\libcr_c.a(_deferredlazyseek.o)
 .ARM.attributes
                0x00000538       0x31 c:/nxp/mcuxpressoide_10.1.0_569_prc2g/ide/tools/bin/../lib/gcc/arm-none-eabi/6.3.1/../../../../arm-none-eabi/lib/thumb/v6-m\libcr_c.a(_fflush.o)
 .ARM.attributes
                0x00000569       0x31 c:/nxp/mcuxpressoide_10.1.0_569_prc2g/ide/tools/bin/../lib/gcc/arm-none-eabi/6.3.1/../../../../arm-none-eabi/lib/thumb/v6-m\libcr_c.a(_frexpl.o)
 .ARM.attributes
                0x0000059a       0x31 c:/nxp/mcuxpressoide_10.1.0_569_prc2g/ide/tools/bin/../lib/gcc/arm-none-eabi/6.3.1/../../../../arm-none-eabi/lib/thumb/v6-m\libcr_c.a(_ldexpl.o)
 .ARM.attributes
                0x000005cb       0x31 c:/nxp/mcuxpressoide_10.1.0_569_prc2g/ide/tools/bin/../lib/gcc/arm-none-eabi/6.3.1/../../../../arm-none-eabi/lib/thumb/v6-m\libcr_c.a(_writebuf.o)
 .ARM.attributes
                0x000005fc       0x31 c:/nxp/mcuxpressoide_10.1.0_569_prc2g/ide/tools/bin/../lib/gcc/arm-none-eabi/6.3.1/../../../../arm-none-eabi/lib/thumb/v6-m\libcr_c.a(alloc.o)
 .ARM.attributes
                0x0000062d       0x31 c:/nxp/mcuxpressoide_10.1.0_569_prc2g/ide/tools/bin/../lib/gcc/arm-none-eabi/6.3.1/../../../../arm-none-eabi/lib/thumb/v6-m\libcr_c.a(errno.o)
 .ARM.attributes
                0x0000065e       0x31 c:/nxp/mcuxpressoide_10.1.0_569_prc2g/ide/tools/bin/../lib/gcc/arm-none-eabi/6.3.1/../../../../arm-none-eabi/lib/thumb/v6-m\libcr_c.a(fseek.o)
 .ARM.attributes
                0x0000068f       0x31 c:/nxp/mcuxpressoide_10.1.0_569_prc2g/ide/tools/bin/../lib/gcc/arm-none-eabi/6.3.1/../../../../arm-none-eabi/lib/thumb/v6-m\libcr_c.a(ftell.o)
 .ARM.attributes
                0x000006c0       0x31 c:/nxp/mcuxpressoide_10.1.0_569_prc2g/ide/tools/bin/../lib/gcc/arm-none-eabi/6.3.1/../../../../arm-none-eabi/lib/thumb/v6-m\libcr_c.a(__init_alloc.o)
 .ARM.attributes
                0x000006f1       0x31 c:/nxp/mcuxpressoide_10.1.0_569_prc2g/ide/tools/bin/../lib/gcc/arm-none-eabi/6.3.1/../../../../arm-none-eabi/lib/thumb/v6-m\libcr_c.a(_cr_sbrk.o)
 .ARM.attributes
                0x00000722       0x31 c:/nxp/mcuxpressoide_10.1.0_569_prc2g/ide/tools/bin/../lib/gcc/arm-none-eabi/6.3.1/../../../../arm-none-eabi/lib/thumb/v6-m\libcr_c.a(_hugeval.o)
 .ARM.attributes
                0x00000753       0x31 c:/nxp/mcuxpressoide_10.1.0_569_prc2g/ide/tools/bin/../lib/gcc/arm-none-eabi/6.3.1/../../../../arm-none-eabi/lib/thumb/v6-m\libcr_c.a(_cr_check_heap.o)
 .ARM.attributes
                0x00000784       0x21 c:/nxp/mcuxpressoide_10.1.0_569_prc2g/ide/tools/bin/../lib/gcc/arm-none-eabi/6.3.1/thumb/v6-m\libcr_eabihelpers.a(division_32.o)
 .ARM.attributes
                0x000007a5       0x21 c:/nxp/mcuxpressoide_10.1.0_569_prc2g/ide/tools/bin/../lib/gcc/arm-none-eabi/6.3.1/thumb/v6-m\libcr_eabihelpers.a(division_idiv0.o)
 .ARM.attributes
                0x000007c6       0x31 c:/nxp/mcuxpressoide_10.1.0_569_prc2g/ide/tools/bin/../lib/gcc/arm-none-eabi/6.3.1/thumb/v6-m\libcr_eabihelpers.a(double.o)
 .ARM.attributes
                0x000007f7       0x21 c:/nxp/mcuxpressoide_10.1.0_569_prc2g/ide/tools/bin/../lib/gcc/arm-none-eabi/6.3.1/thumb/v6-m\libcr_eabihelpers.a(llong.o)
 .ARM.attributes
                0x00000818       0x21 c:/nxp/mcuxpressoide_10.1.0_569_prc2g/ide/tools/bin/../lib/gcc/arm-none-eabi/6.3.1/thumb/v6-m\libcr_eabihelpers.a(memcpy.o)

.debug_loc      0x00000000     0x2082
 .debug_loc     0x00000000      0x112 ./src/main.o
 .debug_loc     0x00000112      0x92c ./src/ssd1306.o
 .debug_loc     0x00000a3e      0x3a8 ./src/timer.o
 .debug_loc     0x00000de6      0x176 ./mods/tmeas/tmeas.o
 .debug_loc     0x00000f5c     0x1126 ./mods/ndeft2t/ndeft2t.o

.debug_ranges   0x00000000      0x380
 .debug_ranges  0x00000000       0x78 ./src/main.o
 .debug_ranges  0x00000078      0x1c0 ./src/ssd1306.o
 .debug_ranges  0x00000238       0x50 ./src/timer.o
 .debug_ranges  0x00000288       0x38 ./mods/tmeas/tmeas.o
 .debug_ranges  0x000002c0       0xc0 ./mods/ndeft2t/ndeft2t.o

.debug_frame    0x00000000      0x4fc
 .debug_frame   0x00000000       0x80 ./src/main.o
 .debug_frame   0x00000080      0x154 ./src/ssd1306.o
 .debug_frame   0x000001d4       0xfc ./src/timer.o
 .debug_frame   0x000002d0       0x50 ./mods/tmeas/tmeas.o
 .debug_frame   0x00000320      0x1dc ./mods/ndeft2t/ndeft2t.o
