Archive member included to satisfy reference by file (symbol)

F:\NXP\Temp\LPC8N04_CES_DEMO\LPC8N04\lib_board_dp\Debug\liblib_board_dp.a(board.o)
                              ./src/main.o (Board_Init)
F:\NXP\Temp\LPC8N04_CES_DEMO\LPC8N04\lib_chip_nss\Debug\liblib_chip_nss.a(clock_nss.o)
                              ./src/main.o (Chip_Clock_System_SetClockFreq)
F:\NXP\Temp\LPC8N04_CES_DEMO\LPC8N04\lib_chip_nss\Debug\liblib_chip_nss.a(eeprom_nss.o)
                              ./mods/storage/storage.o (Chip_EEPROM_Flush)
F:\NXP\Temp\LPC8N04_CES_DEMO\LPC8N04\lib_chip_nss\Debug\liblib_chip_nss.a(flash_nss.o)
                              F:\NXP\Temp\LPC8N04_CES_DEMO\LPC8N04\lib_chip_nss\Debug\liblib_chip_nss.a(clock_nss.o) (Chip_Flash_GetNumWaitStates)
F:\NXP\Temp\LPC8N04_CES_DEMO\LPC8N04\lib_chip_nss\Debug\liblib_chip_nss.a(gpio_nss.o)
                              ./mods/msg/msg.o (Chip_GPIO_Init)
F:\NXP\Temp\LPC8N04_CES_DEMO\LPC8N04\lib_chip_nss\Debug\liblib_chip_nss.a(i2c_nss.o)
                              ./src/ssd1306.o (Chip_I2C_EventHandler)
F:\NXP\Temp\LPC8N04_CES_DEMO\LPC8N04\lib_chip_nss\Debug\liblib_chip_nss.a(iap_nss.o)
                              ./mods/msg/msg.o (Chip_IAP_ReadUID)
F:\NXP\Temp\LPC8N04_CES_DEMO\LPC8N04\lib_chip_nss\Debug\liblib_chip_nss.a(iocon_nss.o)
                              ./mods/msg/msg.o (Chip_IOCON_Init)
F:\NXP\Temp\LPC8N04_CES_DEMO\LPC8N04\lib_chip_nss\Debug\liblib_chip_nss.a(nfc_nss.o)
                              ./src/main.o (Chip_NFC_Init)
F:\NXP\Temp\LPC8N04_CES_DEMO\LPC8N04\lib_chip_nss\Debug\liblib_chip_nss.a(pmu_nss.o)
                              ./src/main.o (Chip_PMU_PowerMode_EnterDeepPowerDown)
F:\NXP\Temp\LPC8N04_CES_DEMO\LPC8N04\lib_chip_nss\Debug\liblib_chip_nss.a(rtc_nss.o)
                              ./src/timer.o (Chip_RTC_Init)
F:\NXP\Temp\LPC8N04_CES_DEMO\LPC8N04\lib_chip_nss\Debug\liblib_chip_nss.a(syscon_nss.o)
                              F:\NXP\Temp\LPC8N04_CES_DEMO\LPC8N04\lib_chip_nss\Debug\liblib_chip_nss.a(eeprom_nss.o) (Chip_SysCon_Peripheral_AssertReset)
F:\NXP\Temp\LPC8N04_CES_DEMO\LPC8N04\lib_chip_nss\Debug\liblib_chip_nss.a(timer_nss.o)
                              ./src/buzzer.o (Chip_TIMER_Init)
F:\NXP\Temp\LPC8N04_CES_DEMO\LPC8N04\lib_chip_nss\Debug\liblib_chip_nss.a(tsen_nss.o)
                              ./mods/tmeas/tmeas.o (Chip_TSen_Init)
F:\NXP\Temp\LPC8N04_CES_DEMO\LPC8N04\lib_chip_nss\Debug\liblib_chip_nss.a(wwdt_nss.o)
                              ./src/main.o (Chip_WWDT_Init)
F:\NXP\Temp\LPC8N04_CES_DEMO\LPC8N04\lib_chip_nss\Debug\liblib_chip_nss.a(startup.o)
                              ./src/main.o (Startup_VarInit)
F:\NXP\Temp\LPC8N04_CES_DEMO\LPC8N04\lib_chip_nss\Debug\liblib_chip_nss.a(bussync_nss.o)
                              F:\NXP\Temp\LPC8N04_CES_DEMO\LPC8N04\lib_chip_nss\Debug\liblib_chip_nss.a(pmu_nss.o) (Chip_BusSync_WriteReg)
c:/nxp/mcuxpressoide_10.1.0_569_prc2g/ide/tools/bin/../lib/gcc/arm-none-eabi/6.3.1/../../../../arm-none-eabi/lib/thumb/v6-m\libcr_semihost.a(_cr__main.o)
                              F:\NXP\Temp\LPC8N04_CES_DEMO\LPC8N04\lib_chip_nss\Debug\liblib_chip_nss.a(startup.o) (__main)
c:/nxp/mcuxpressoide_10.1.0_569_prc2g/ide/tools/bin/../lib/gcc/arm-none-eabi/6.3.1/../../../../arm-none-eabi/lib/thumb/v6-m\libcr_c.a(memcpy.o)
                              ./src/msghandler.o (memcpy)
c:/nxp/mcuxpressoide_10.1.0_569_prc2g/ide/tools/bin/../lib/gcc/arm-none-eabi/6.3.1/../../../../arm-none-eabi/lib/thumb/v6-m\libcr_c.a(memmove.o)
                              ./mods/ndeft2t/ndeft2t.o (memmove)
c:/nxp/mcuxpressoide_10.1.0_569_prc2g/ide/tools/bin/../lib/gcc/arm-none-eabi/6.3.1/../../../../arm-none-eabi/lib/thumb/v6-m\libcr_c.a(memset.o)
                              ./src/main.o (memset)
c:/nxp/mcuxpressoide_10.1.0_569_prc2g/ide/tools/bin/../lib/gcc/arm-none-eabi/6.3.1/../../../../arm-none-eabi/lib/thumb/v6-m\libcr_c.a(fpprintf.o)
                              ./src/main.o (sprintf)
c:/nxp/mcuxpressoide_10.1.0_569_prc2g/ide/tools/bin/../lib/gcc/arm-none-eabi/6.3.1/../../../../arm-none-eabi/lib/thumb/v6-m\libcr_c.a(initio.o)
                              c:/nxp/mcuxpressoide_10.1.0_569_prc2g/ide/tools/bin/../lib/gcc/arm-none-eabi/6.3.1/../../../../arm-none-eabi/lib/thumb/v6-m\libcr_semihost.a(_cr__main.o) (_initio)
c:/nxp/mcuxpressoide_10.1.0_569_prc2g/ide/tools/bin/../lib/gcc/arm-none-eabi/6.3.1/../../../../arm-none-eabi/lib/thumb/v6-m\libcr_c.a(memcmp.o)
                              ./src/memory.o (memcmp)
c:/nxp/mcuxpressoide_10.1.0_569_prc2g/ide/tools/bin/../lib/gcc/arm-none-eabi/6.3.1/../../../../arm-none-eabi/lib/thumb/v6-m\libcr_c.a(printf.o)
                              c:/nxp/mcuxpressoide_10.1.0_569_prc2g/ide/tools/bin/../lib/gcc/arm-none-eabi/6.3.1/../../../../arm-none-eabi/lib/thumb/v6-m\libcr_c.a(fpprintf.o) (__vfprintf)
c:/nxp/mcuxpressoide_10.1.0_569_prc2g/ide/tools/bin/../lib/gcc/arm-none-eabi/6.3.1/../../../../arm-none-eabi/lib/thumb/v6-m\libcr_c.a(setvbuf.o)
[...]
Memory Configuration

Name             Origin             Length             Attributes
Flash30          0x00000000         0x00007800         xr
SRAM8            0x10000000         0x00001ff0         xrw
*default*        0x00000000         0xffffffff

Linker script and memory map

LOAD ./src/buzzer.o
LOAD ./src/crp.o
LOAD ./src/main.o
LOAD ./src/memory.o
LOAD ./src/msghandler.o
LOAD ./src/rtc.o
LOAD ./src/ssd1306.o
LOAD ./src/text.o
LOAD ./src/timer.o
LOAD ./src/validate.o
LOAD ./mods/tmeas/tmeas.o
LOAD ./mods/storage/storage.o
LOAD ./mods/ndeft2t/ndeft2t.o
LOAD ./mods/msg/msg.o
LOAD F:\NXP\Temp\LPC8N04_CES_DEMO\LPC8N04\lib_board_dp\Debug\liblib_board_dp.a
LOAD F:\NXP\Temp\LPC8N04_CES_DEMO\LPC8N04\lib_chip_nss\Debug\liblib_chip_nss.a
START GROUP
LOAD c:/nxp/mcuxpressoide_10.1.0_569_prc2g/ide/tools/bin/../lib/gcc/arm-none-eabi/6.3.1/../../../../arm-none-eabi/lib/thumb/v6-m\libcr_semihost.a
LOAD c:/nxp/mcuxpressoide_10.1.0_569_prc2g/ide/tools/bin/../lib/gcc/arm-none-eabi/6.3.1/../../../../arm-none-eabi/lib/thumb/v6-m\libcr_c.a
LOAD c:/nxp/mcuxpressoide_10.1.0_569_prc2g/ide/tools/bin/../lib/gcc/arm-none-eabi/6.3.1/thumb/v6-m\libcr_eabihelpers.a
END GROUP
                0x00000000                __base_Flash30 = 0x0
                0x00000000                __base_Flash = 0x0
                0x00007800                __top_Flash30 = 0x7800
                0x00007800                __top_Flash = 0x7800
                0x10000000                __base_SRAM8 = 0x10000000
                0x10000000                __base_RAM = 0x10000000
                0x10001ff0                __top_SRAM8 = 0x10001ff0
                0x10001ff0                __top_RAM = 0x10001ff0

.text           0x00000000     0x75b4
 FILL mask 0xff
                0x00000000                __vectors_start__ = ABSOLUTE (.)
 *(.isr_vector)
 .isr_vector    0x00000000       0xc0 F:\NXP\Temp\LPC8N04_CES_DEMO\LPC8N04\lib_chip_nss\Debug\liblib_chip_nss.a(startup.o)
                0x00000000                g_pfnVectors
                0x000000c0                . = ALIGN (0x4)
                0x000000c0                __section_table_start = .
                0x000000c0                __data_section_table = .
                0x000000c0        0x4 LONG 0x75b4 LOADADDR (.data)
                0x000000c4        0x4 LONG 0x10000000 ADDR (.data)
                0x000000c8        0x4 LONG 0x24 SIZEOF (.data)
                0x000000cc                __data_section_table_end = .
                0x000000cc                __bss_section_table = .
                0x000000cc        0x4 LONG 0x10000024 ADDR (.bss)
                0x000000d0        0x4 LONG 0x35c SIZEOF (.bss)
                0x000000d4                __bss_section_table_end = .
                0x000000d4                __section_table_end = .
 *(.after_vectors*)
 .after_vectors
                0x000000d4      0x108 F:\NXP\Temp\LPC8N04_CES_DEMO\LPC8N04\lib_chip_nss\Debug\liblib_chip_nss.a(startup.o)
                0x0000015e                Startup_VarInit
                0x000002fc                . = 0x2fc
 *fill*         0x000001dc      0x120 ff
                0x000002fc                PROVIDE (__CRP_WORD_START__, .)
 *(.crp)
 .crp           0x000002fc        0x4 ./src/crp.o
                0x000002fc                CRP_WORD
                0x00000300                PROVIDE (__CRP_WORD_END__, .)
                0x00000001                ASSERT (! ((__CRP_WORD_START__ == __CRP_WORD_END__)), Linker CRP Enabled, but no CRP_WORD provided within application)
 *(.text*)
 .text.buzzer_start
                0x00000300       0x68 ./src/buzzer.o
                0x00000300                buzzer_start
 .text.buzzer_stop
                0x00000368       0x54 ./src/buzzer.o
                0x00000368                buzzer_stop
 .text.Init     0x000003bc      0x19c ./src/main.o
 .text.DeInit   0x00000558       0x4c ./src/main.o
 .text.NDEFT2T_FieldStatus_Cb
                0x000005a4       0x38 ./src/main.o
                0x000005a4                NDEFT2T_FieldStatus_Cb
 .text.NDEFT2T_MsgAvailable_Cb
                0x000005dc       0x20 ./src/main.o
                0x000005dc                NDEFT2T_MsgAvailable_Cb
 .text.App_TmeasCb
                0x000005fc       0x54 ./src/main.o
                0x000005fc                App_TmeasCb
 .text.led_light_calc
                0x00000650      0x1b4 ./src/main.o
                0x00000650                led_light_calc
 .text.main     0x00000804      0xd10 ./src/main.o
                0x00000804                main
 .text.ResetISR
                0x00001514       0x14 ./src/main.o
                0x00001514                ResetISR
 .text.AppMsgHandlerSendMeasureTemperatureResponse
                0x00001528       0x28 ./src/msghandler.o
                0x00001528                AppMsgHandlerSendMeasureTemperatureResponse
 .text.LEAP_Year_Calculate
                0x00001550       0x30 ./src/rtc.o
                0x00001550                LEAP_Year_Calculate
 .text.RTC_Convert2Date
                0x00001580       0xd0 ./src/rtc.o
                0x00001580                RTC_Convert2Date
 .text.RTC_Convert2Tick
                0x00001650       0xc0 ./src/rtc.o
                0x00001650                RTC_Convert2Tick
 .text.WriteCmd
                0x00001710       0x1a ./src/ssd1306.o
 .text.WriteDat
                0x0000172a       0x1a ./src/ssd1306.o
 .text.I2C0_IRQHandler
                0x00001744        0xa ./src/ssd1306.o
                0x00001744                I2C0_IRQHandler
 *fill*         0x0000174e        0x2 ff
 .text.ssd1306_pin_init
                0x00001750       0x6c ./src/ssd1306.o
                0x00001750                ssd1306_pin_init
 .text.OLED_Fill
                0x000017bc       0x3a ./src/ssd1306.o
                0x000017bc                OLED_Fill
 .text.ssd1306_init
                0x000017f6       0xd6 ./src/ssd1306.o
                0x000017f6                ssd1306_init
 .text.OLED_SetPos
                0x000018cc       0x2c ./src/ssd1306.o
                0x000018cc                OLED_SetPos
 .text.OLED_ShowCN
                0x000018f8       0x48 ./src/ssd1306.o
                0x000018f8                OLED_ShowCN
 .text.OLED_ShowTempUnit
                0x00001940       0x48 ./src/ssd1306.o
                0x00001940                OLED_ShowTempUnit
 .text.OLED_ShowFONT32
                0x00001988       0x88 ./src/ssd1306.o
                0x00001988                OLED_ShowFONT32
 .text.OLED_ShowStr
                0x00001a10       0x54 ./src/ssd1306.o
                0x00001a10                OLED_ShowStr
 .text.OLED_DrawBMP
                0x00001a64       0x50 ./src/ssd1306.o
                0x00001a64                OLED_DrawBMP
 .text.OLED_ShowBat
                0x00001ab4       0x24 ./src/ssd1306.o
                0x00001ab4                OLED_ShowBat
 .text.OLED_ShowAlarm
                0x00001ad8       0x3c ./src/ssd1306.o
                0x00001ad8                OLED_ShowAlarm
 .text.OLED_ShowTime
                0x00001b14       0x34 ./src/ssd1306.o
                0x00001b14                OLED_ShowTime
 .text.oled_lpw_enter
                0x00001b48        0xe ./src/ssd1306.o
                0x00001b48                oled_lpw_enter
 *fill*         0x00001b56        0x2 ff
 .text.RTC_IRQHandler
                0x00001b58       0x34 ./src/timer.o
                0x00001b58                RTC_IRQHandler
 .text.Timer_Init
                0x00001b8c       0x30 ./src/timer.o
                0x00001b8c                Timer_Init
 .text.Timer_StartMeasurementTimeout
                0x00001bbc       0x68 ./src/timer.o
                0x00001bbc                Timer_StartMeasurementTimeout
 .text.Timer_CheckMeasurementTimeout
                0x00001c24        0xc ./src/timer.o
                0x00001c24                Timer_CheckMeasurementTimeout
 .text.Validate_Init
                0x00001c30        0x2 ./src/validate.o
                0x00001c30                Validate_Init
 .text.Convert  0x00001c32       0x38 ./mods/tmeas/tmeas.o
 *fill*         0x00001c6a        0x2 ff
 .text.TSEN_IRQHandler
                0x00001c6c       0x58 ./mods/tmeas/tmeas.o
                0x00001c6c                TSEN_IRQHandler
 .text.TMeas_Measure
                0x00001cc4       0xac ./mods/tmeas/tmeas.o
                0x00001cc4                TMeas_Measure
 .text.DecodeNdefTlv
                0x00001d70       0x50 ./mods/ndeft2t/ndeft2t.o
 .text.CreateRecord
                0x00001dc0       0xdc ./mods/ndeft2t/ndeft2t.o
 .text.EnableTermTlvDetection
                0x00001e9c       0x1c ./mods/ndeft2t/ndeft2t.o
 .text.DisableTermTlvDetection
                0x00001eb8       0x28 ./mods/ndeft2t/ndeft2t.o
 .text.NDEFT2T_Init
                0x00001ee0       0x48 ./mods/ndeft2t/ndeft2t.o
                0x00001ee0                NDEFT2T_Init
 .text.NDEFT2T_DeInit
                0x00001f28       0x20 ./mods/ndeft2t/ndeft2t.o
                0x00001f28                NDEFT2T_DeInit
 .text.NDEFT2T_CreateMessage
                0x00001f48       0x54 ./mods/ndeft2t/ndeft2t.o
                0x00001f48                NDEFT2T_CreateMessage
 .text.NDEFT2T_CreateTextRecord
                0x00001f9c       0x26 ./mods/ndeft2t/ndeft2t.o
                0x00001f9c                NDEFT2T_CreateTextRecord
 .text.NDEFT2T_WriteRecordPayload
                0x00001fc2       0x5c ./mods/ndeft2t/ndeft2t.o
                0x00001fc2                NDEFT2T_WriteRecordPayload
 .text.NDEFT2T_CommitRecord
                0x0000201e       0x3a ./mods/ndeft2t/ndeft2t.o
                0x0000201e                NDEFT2T_CommitRecord
 .text.NDEFT2T_CommitMessage
                0x00002058      0x11c ./mods/ndeft2t/ndeft2t.o
                0x00002058                NDEFT2T_CommitMessage
 .text.NFC_IRQHandler
                0x00002174       0xec ./mods/ndeft2t/ndeft2t.o
                0x00002174                NFC_IRQHandler
 .text.Msg_AddResponse
                0x00002260      0x138 ./mods/msg/msg.o
                0x00002260                Msg_AddResponse
 .text.Board_Init
                0x00002398       0x20 F:\NXP\Temp\LPC8N04_CES_DEMO\LPC8N04\lib_board_dp\Debug\liblib_board_dp.a(board.o)
                0x00002398                Board_Init
 .text.Chip_Clock_System_SetClockDiv
                0x000023b8       0x80 F:\NXP\Temp\LPC8N04_CES_DEMO\LPC8N04\lib_chip_nss\Debug\liblib_chip_nss.a(clock_nss.o)
                0x000023b8                Chip_Clock_System_SetClockDiv
 .text.Chip_Clock_System_GetClockDiv
                0x00002438       0x20 F:\NXP\Temp\LPC8N04_CES_DEMO\LPC8N04\lib_chip_nss\Debug\liblib_chip_nss.a(clock_nss.o)
                0x00002438                Chip_Clock_System_GetClockDiv
 .text.Chip_Clock_System_SetClockFreq
                0x00002458       0x2c F:\NXP\Temp\LPC8N04_CES_DEMO\LPC8N04\lib_chip_nss\Debug\liblib_chip_nss.a(clock_nss.o)
                0x00002458                Chip_Clock_System_SetClockFreq
 .text.Chip_Clock_System_GetClockFreq
                0x00002484       0x20 F:\NXP\Temp\LPC8N04_CES_DEMO\LPC8N04\lib_chip_nss\Debug\liblib_chip_nss.a(clock_nss.o)
                0x00002484                Chip_Clock_System_GetClockFreq
 .text.Chip_Clock_System_BusyWait_us
                0x000024a4       0x64 F:\NXP\Temp\LPC8N04_CES_DEMO\LPC8N04\lib_chip_nss\Debug\liblib_chip_nss.a(clock_nss.o)
                0x000024a4                Chip_Clock_System_BusyWait_us
 .text.Chip_Clock_Watchdog_SetClockDiv
                0x00002508       0x54 F:\NXP\Temp\LPC8N04_CES_DEMO\LPC8N04\lib_chip_nss\Debug\liblib_chip_nss.a(clock_nss.o)
                0x00002508                Chip_Clock_Watchdog_SetClockDiv
 .text.Chip_Clock_Peripheral_EnableClock
                0x0000255c       0x2c F:\NXP\Temp\LPC8N04_CES_DEMO\LPC8N04\lib_chip_nss\Debug\liblib_chip_nss.a(clock_nss.o)
                0x0000255c                Chip_Clock_Peripheral_EnableClock
 .text.Chip_Clock_Peripheral_DisableClock
                0x00002588       0x30 F:\NXP\Temp\LPC8N04_CES_DEMO\LPC8N04\lib_chip_nss\Debug\liblib_chip_nss.a(clock_nss.o)
                0x00002588                Chip_Clock_Peripheral_DisableClock
 .text.Chip_Clock_Watchdog_SetClockSource
                0x000025b8       0x40 F:\NXP\Temp\LPC8N04_CES_DEMO\LPC8N04\lib_chip_nss\Debug\liblib_chip_nss.a(clock_nss.o)
                0x000025b8                Chip_Clock_Watchdog_SetClockSource
 .text.WaitUntilReady
                0x000025f8       0x34 F:\NXP\Temp\LPC8N04_CES_DEMO\LPC8N04\lib_chip_nss\Debug\liblib_chip_nss.a(eeprom_nss.o)
 .text.EEPROM_Write
                0x0000262c      0x184 F:\NXP\Temp\LPC8N04_CES_DEMO\LPC8N04\lib_chip_nss\Debug\liblib_chip_nss.a(eeprom_nss.o)
 .text.Chip_EEPROM_Init
                0x000027b0       0x7c F:\NXP\Temp\LPC8N04_CES_DEMO\LPC8N04\lib_chip_nss\Debug\liblib_chip_nss.a(eeprom_nss.o)
                0x000027b0                Chip_EEPROM_Init
 .text.Chip_EEPROM_Flush
                0x0000282c       0x58 F:\NXP\Temp\LPC8N04_CES_DEMO\LPC8N04\lib_chip_nss\Debug\liblib_chip_nss.a(eeprom_nss.o)
                0x0000282c                Chip_EEPROM_Flush
 .text.Chip_EEPROM_Read
                0x00002884       0x94 F:\NXP\Temp\LPC8N04_CES_DEMO\LPC8N04\lib_chip_nss\Debug\liblib_chip_nss.a(eeprom_nss.o)
                0x00002884                Chip_EEPROM_Read
 .text.Chip_EEPROM_Write
                0x00002918       0x28 F:\NXP\Temp\LPC8N04_CES_DEMO\LPC8N04\lib_chip_nss\Debug\liblib_chip_nss.a(eeprom_nss.o)
                0x00002918                Chip_EEPROM_Write
 .text.Chip_Flash_GetHighPowerMode
                0x00002940       0x2c F:\NXP\Temp\LPC8N04_CES_DEMO\LPC8N04\lib_chip_nss\Debug\liblib_chip_nss.a(flash_nss.o)
                0x00002940                Chip_Flash_GetHighPowerMode
 .text.Chip_Flash_GetNumWaitStates
                0x0000296c       0x18 F:\NXP\Temp\LPC8N04_CES_DEMO\LPC8N04\lib_chip_nss\Debug\liblib_chip_nss.a(flash_nss.o)
                0x0000296c                Chip_Flash_GetNumWaitStates
 .text.Chip_GPIO_Init
                0x00002984       0x16 F:\NXP\Temp\LPC8N04_CES_DEMO\LPC8N04\lib_chip_nss\Debug\liblib_chip_nss.a(gpio_nss.o)
                0x00002984                Chip_GPIO_Init
 *fill*         0x0000299a        0x2 ff
 .text.enableClk
                0x0000299c       0x34 F:\NXP\Temp\LPC8N04_CES_DEMO\LPC8N04\lib_chip_nss\Debug\liblib_chip_nss.a(i2c_nss.o)
 .text.getClkRate
                0x000029d0       0x1a F:\NXP\Temp\LPC8N04_CES_DEMO\LPC8N04\lib_chip_nss\Debug\liblib_chip_nss.a(i2c_nss.o)
 .text.startMasterXfer
                0x000029ea       0x1c F:\NXP\Temp\LPC8N04_CES_DEMO\LPC8N04\lib_chip_nss\Debug\liblib_chip_nss.a(i2c_nss.o)
 .text.startSlaverXfer
                0x00002a06       0x1c F:\NXP\Temp\LPC8N04_CES_DEMO\LPC8N04\lib_chip_nss\Debug\liblib_chip_nss.a(i2c_nss.o)
 .text.isI2CBusFree
                0x00002a22       0x1e F:\NXP\Temp\LPC8N04_CES_DEMO\LPC8N04\lib_chip_nss\Debug\liblib_chip_nss.a(i2c_nss.o)
 .text.getCurState
                0x00002a40       0x1a F:\NXP\Temp\LPC8N04_CES_DEMO\LPC8N04\lib_chip_nss\Debug\liblib_chip_nss.a(i2c_nss.o)
 *fill*         0x00002a5a        0x2 ff
 .text.handleMasterXferState
                0x00002a5c      0x134 F:\NXP\Temp\LPC8N04_CES_DEMO\LPC8N04\lib_chip_nss\Debug\liblib_chip_nss.a(i2c_nss.o)
                0x00002a5c                handleMasterXferState
 .text.Chip_I2C_EventHandler
                0x00002b90       0x50 F:\NXP\Temp\LPC8N04_CES_DEMO\LPC8N04\lib_chip_nss\Debug\liblib_chip_nss.a(i2c_nss.o)
                0x00002b90                Chip_I2C_EventHandler
 .text.Chip_I2C_Init
                0x00002be0       0x94 F:\NXP\Temp\LPC8N04_CES_DEMO\LPC8N04\lib_chip_nss\Debug\liblib_chip_nss.a(i2c_nss.o)
                0x00002be0                Chip_I2C_Init
 .text.Chip_I2C_SetClockRate
                0x00002c74       0x70 F:\NXP\Temp\LPC8N04_CES_DEMO\LPC8N04\lib_chip_nss\Debug\liblib_chip_nss.a(i2c_nss.o)
                0x00002c74                Chip_I2C_SetClockRate
 .text.Chip_I2C_SetMasterEventHandler
                0x00002ce4       0x48 F:\NXP\Temp\LPC8N04_CES_DEMO\LPC8N04\lib_chip_nss\Debug\liblib_chip_nss.a(i2c_nss.o)
                0x00002ce4                Chip_I2C_SetMasterEventHandler
 .text.Chip_I2C_MasterTransfer
                0x00002d2c       0xa4 F:\NXP\Temp\LPC8N04_CES_DEMO\LPC8N04\lib_chip_nss\Debug\liblib_chip_nss.a(i2c_nss.o)
                0x00002d2c                Chip_I2C_MasterTransfer
 .text.Chip_I2C_MasterSend
                0x00002dd0       0x72 F:\NXP\Temp\LPC8N04_CES_DEMO\LPC8N04\lib_chip_nss\Debug\liblib_chip_nss.a(i2c_nss.o)
                0x00002dd0                Chip_I2C_MasterSend
 *fill*         0x00002e42        0x2 ff
 .text.Chip_I2C_MasterStateHandler
                0x00002e44       0x64 F:\NXP\Temp\LPC8N04_CES_DEMO\LPC8N04\lib_chip_nss\Debug\liblib_chip_nss.a(i2c_nss.o)
                0x00002e44                Chip_I2C_MasterStateHandler
 .text.Chip_IOCON_Init
                0x00002ea8       0x1a F:\NXP\Temp\LPC8N04_CES_DEMO\LPC8N04\lib_chip_nss\Debug\liblib_chip_nss.a(iocon_nss.o)
                0x00002ea8                Chip_IOCON_Init
 .text.Chip_IOCON_SetPinConfig
                0x00002ec2       0x56 F:\NXP\Temp\LPC8N04_CES_DEMO\LPC8N04\lib_chip_nss\Debug\liblib_chip_nss.a(iocon_nss.o)
                0x00002ec2                Chip_IOCON_SetPinConfig
 .text.Chip_IOCON_UngroundAnabus
                0x00002f18       0x28 F:\NXP\Temp\LPC8N04_CES_DEMO\LPC8N04\lib_chip_nss\Debug\liblib_chip_nss.a(iocon_nss.o)
                0x00002f18                Chip_IOCON_UngroundAnabus
 .text.Chip_NFC_Init
                0x00002f40       0x40 F:\NXP\Temp\LPC8N04_CES_DEMO\LPC8N04\lib_chip_nss\Debug\liblib_chip_nss.a(nfc_nss.o)
                0x00002f40                Chip_NFC_Init
 .text.Chip_NFC_GetStatus
                0x00002f80       0x16 F:\NXP\Temp\LPC8N04_CES_DEMO\LPC8N04\lib_chip_nss\Debug\liblib_chip_nss.a(nfc_nss.o)
                0x00002f80                Chip_NFC_GetStatus
 .text.Chip_NFC_Int_SetEnabledMask
                0x00002f96       0x22 F:\NXP\Temp\LPC8N04_CES_DEMO\LPC8N04\lib_chip_nss\Debug\liblib_chip_nss.a(nfc_nss.o)
                0x00002f96                Chip_NFC_Int_SetEnabledMask
 .text.Chip_NFC_Int_GetEnabledMask
                0x00002fb8       0x1c F:\NXP\Temp\LPC8N04_CES_DEMO\LPC8N04\lib_chip_nss\Debug\liblib_chip_nss.a(nfc_nss.o)
                0x00002fb8                Chip_NFC_Int_GetEnabledMask
 .text.Chip_NFC_Int_GetRawStatus
                0x00002fd4       0x1c F:\NXP\Temp\LPC8N04_CES_DEMO\LPC8N04\lib_chip_nss\Debug\liblib_chip_nss.a(nfc_nss.o)
                0x00002fd4                Chip_NFC_Int_GetRawStatus
 .text.Chip_NFC_Int_ClearRawStatus
                0x00002ff0       0x44 F:\NXP\Temp\LPC8N04_CES_DEMO\LPC8N04\lib_chip_nss\Debug\liblib_chip_nss.a(nfc_nss.o)
                0x00002ff0                Chip_NFC_Int_ClearRawStatus
 .text.Chip_NFC_SetTargetAddress
                0x00003034       0x1a F:\NXP\Temp\LPC8N04_CES_DEMO\LPC8N04\lib_chip_nss\Debug\liblib_chip_nss.a(nfc_nss.o)
                0x00003034                Chip_NFC_SetTargetAddress
 .text.Chip_Clock_System_BusyWait_ms
                0x0000304e       0x1e F:\NXP\Temp\LPC8N04_CES_DEMO\LPC8N04\lib_chip_nss\Debug\liblib_chip_nss.a(pmu_nss.o)
 .text.EnterStandbyMode
                0x0000306c       0x68 F:\NXP\Temp\LPC8N04_CES_DEMO\LPC8N04\lib_chip_nss\Debug\liblib_chip_nss.a(pmu_nss.o)
 .text.ModifyRegister
                0x000030d4       0x48 F:\NXP\Temp\LPC8N04_CES_DEMO\LPC8N04\lib_chip_nss\Debug\liblib_chip_nss.a(pmu_nss.o)
 .text.Chip_PMU_PowerMode_EnterDeepPowerDown
                0x0000311c       0x44 F:\NXP\Temp\LPC8N04_CES_DEMO\LPC8N04\lib_chip_nss\Debug\liblib_chip_nss.a(pmu_nss.o)
                0x0000311c                Chip_PMU_PowerMode_EnterDeepPowerDown
 .text.Chip_PMU_PowerMode_GetDPDWakeupReason
                0x00003160       0x74 F:\NXP\Temp\LPC8N04_CES_DEMO\LPC8N04\lib_chip_nss\Debug\liblib_chip_nss.a(pmu_nss.o)
                0x00003160                Chip_PMU_PowerMode_GetDPDWakeupReason
 .text.Chip_PMU_Switch_GetVNFC
                0x000031d4       0x30 F:\NXP\Temp\LPC8N04_CES_DEMO\LPC8N04\lib_chip_nss\Debug\liblib_chip_nss.a(pmu_nss.o)
                0x000031d4                Chip_PMU_Switch_GetVNFC
 .text.Chip_PMU_SetBODEnabled
                0x00003204       0x34 F:\NXP\Temp\LPC8N04_CES_DEMO\LPC8N04\lib_chip_nss\Debug\liblib_chip_nss.a(pmu_nss.o)
                0x00003204                Chip_PMU_SetBODEnabled
 .text.Chip_PMU_SetRetainedData
                0x00003238       0x70 F:\NXP\Temp\LPC8N04_CES_DEMO\LPC8N04\lib_chip_nss\Debug\liblib_chip_nss.a(pmu_nss.o)
                0x00003238                Chip_PMU_SetRetainedData
 .text.Chip_PMU_GetRetainedData
                0x000032a8       0x70 F:\NXP\Temp\LPC8N04_CES_DEMO\LPC8N04\lib_chip_nss\Debug\liblib_chip_nss.a(pmu_nss.o)
                0x000032a8                Chip_PMU_GetRetainedData
 .text.Chip_PMU_GetStatus
                0x00003318       0x2c F:\NXP\Temp\LPC8N04_CES_DEMO\LPC8N04\lib_chip_nss\Debug\liblib_chip_nss.a(pmu_nss.o)
                0x00003318                Chip_PMU_GetStatus
 .text.Chip_RTC_Init
                0x00003344       0x1a F:\NXP\Temp\LPC8N04_CES_DEMO\LPC8N04\lib_chip_nss\Debug\liblib_chip_nss.a(rtc_nss.o)
                0x00003344                Chip_RTC_Init
 *fill*         0x0000335e        0x2 ff
 .text.Chip_RTC_Wakeup_SetControl
                0x00003360       0x34 F:\NXP\Temp\LPC8N04_CES_DEMO\LPC8N04\lib_chip_nss\Debug\liblib_chip_nss.a(rtc_nss.o)
                0x00003360                Chip_RTC_Wakeup_SetControl
 .text.Chip_RTC_Wakeup_SetReload
                0x00003394       0x30 F:\NXP\Temp\LPC8N04_CES_DEMO\LPC8N04\lib_chip_nss\Debug\liblib_chip_nss.a(rtc_nss.o)
                0x00003394                Chip_RTC_Wakeup_SetReload
 .text.Chip_RTC_Wakeup_GetReload
                0x000033c4       0x30 F:\NXP\Temp\LPC8N04_CES_DEMO\LPC8N04\lib_chip_nss\Debug\liblib_chip_nss.a(rtc_nss.o)
                0x000033c4                Chip_RTC_Wakeup_GetReload
 .text.Chip_RTC_Time_GetValue
                0x000033f4       0x2c F:\NXP\Temp\LPC8N04_CES_DEMO\LPC8N04\lib_chip_nss\Debug\liblib_chip_nss.a(rtc_nss.o)
                0x000033f4                Chip_RTC_Time_GetValue
 .text.Chip_RTC_Time_SetValue
                0x00003420       0x2c F:\NXP\Temp\LPC8N04_CES_DEMO\LPC8N04\lib_chip_nss\Debug\liblib_chip_nss.a(rtc_nss.o)
                0x00003420                Chip_RTC_Time_SetValue
 .text.Chip_RTC_Int_SetEnabledMask
                0x0000344c       0x38 F:\NXP\Temp\LPC8N04_CES_DEMO\LPC8N04\lib_chip_nss\Debug\liblib_chip_nss.a(rtc_nss.o)
                0x0000344c                Chip_RTC_Int_SetEnabledMask
 .text.Chip_RTC_Int_GetRawStatus
                0x00003484       0x34 F:\NXP\Temp\LPC8N04_CES_DEMO\LPC8N04\lib_chip_nss\Debug\liblib_chip_nss.a(rtc_nss.o)
                0x00003484                Chip_RTC_Int_GetRawStatus
 .text.Chip_RTC_Int_ClearRawStatus
                0x000034b8       0x38 F:\NXP\Temp\LPC8N04_CES_DEMO\LPC8N04\lib_chip_nss\Debug\liblib_chip_nss.a(rtc_nss.o)
                0x000034b8                Chip_RTC_Int_ClearRawStatus
 .text.Chip_SysCon_Peripheral_AssertReset
                0x000034f0       0x2c F:\NXP\Temp\LPC8N04_CES_DEMO\LPC8N04\lib_chip_nss\Debug\liblib_chip_nss.a(syscon_nss.o)
                0x000034f0                Chip_SysCon_Peripheral_AssertReset
 .text.Chip_SysCon_Peripheral_DeassertReset
                0x0000351c       0x2c F:\NXP\Temp\LPC8N04_CES_DEMO\LPC8N04\lib_chip_nss\Debug\liblib_chip_nss.a(syscon_nss.o)
                0x0000351c                Chip_SysCon_Peripheral_DeassertReset
 .text.Chip_SysCon_Peripheral_EnablePower
                0x00003548       0x34 F:\NXP\Temp\LPC8N04_CES_DEMO\LPC8N04\lib_chip_nss\Debug\liblib_chip_nss.a(syscon_nss.o)
                0x00003548                Chip_SysCon_Peripheral_EnablePower
 .text.Chip_SysCon_Peripheral_DisablePower
                0x0000357c       0x34 F:\NXP\Temp\LPC8N04_CES_DEMO\LPC8N04\lib_chip_nss\Debug\liblib_chip_nss.a(syscon_nss.o)
                0x0000357c                Chip_SysCon_Peripheral_DisablePower
 .text.Chip_SysCon_StartLogic_SetEnabledMask
                0x000035b0       0x28 F:\NXP\Temp\LPC8N04_CES_DEMO\LPC8N04\lib_chip_nss\Debug\liblib_chip_nss.a(syscon_nss.o)
                0x000035b0                Chip_SysCon_StartLogic_SetEnabledMask
 .text.Chip_SysCon_StartLogic_ClearStatus
                0x000035d8       0x44 F:\NXP\Temp\LPC8N04_CES_DEMO\LPC8N04\lib_chip_nss\Debug\liblib_chip_nss.a(syscon_nss.o)
                0x000035d8                Chip_SysCon_StartLogic_ClearStatus
 .text.Chip_TIMER_Init
                0x0000361c       0x1a F:\NXP\Temp\LPC8N04_CES_DEMO\LPC8N04\lib_chip_nss\Debug\liblib_chip_nss.a(timer_nss.o)
                0x0000361c                Chip_TIMER_Init
 .text.Chip_TIMER_Reset
                0x00003636       0x38 F:\NXP\Temp\LPC8N04_CES_DEMO\LPC8N04\lib_chip_nss\Debug\liblib_chip_nss.a(timer_nss.o)
                0x00003636                Chip_TIMER_Reset
 .text.Chip_TIMER_ExtMatchControlSet
                0x0000366e       0x80 F:\NXP\Temp\LPC8N04_CES_DEMO\LPC8N04\lib_chip_nss\Debug\liblib_chip_nss.a(timer_nss.o)
                0x0000366e                Chip_TIMER_ExtMatchControlSet
 .text.Chip_TIMER_SetMatchOutputMode
                0x000036ee       0x4e F:\NXP\Temp\LPC8N04_CES_DEMO\LPC8N04\lib_chip_nss\Debug\liblib_chip_nss.a(timer_nss.o)
                0x000036ee                Chip_TIMER_SetMatchOutputMode
 .text.Chip_TSen_Init
                0x0000373c       0x58 F:\NXP\Temp\LPC8N04_CES_DEMO\LPC8N04\lib_chip_nss\Debug\liblib_chip_nss.a(tsen_nss.o)
                0x0000373c                Chip_TSen_Init
 .text.Chip_TSen_DeInit
                0x00003794       0x26 F:\NXP\Temp\LPC8N04_CES_DEMO\LPC8N04\lib_chip_nss\Debug\liblib_chip_nss.a(tsen_nss.o)
                0x00003794                Chip_TSen_DeInit
 .text.Chip_TSen_SetResolution
                0x000037ba       0x30 F:\NXP\Temp\LPC8N04_CES_DEMO\LPC8N04\lib_chip_nss\Debug\liblib_chip_nss.a(tsen_nss.o)
                0x000037ba                Chip_TSen_SetResolution
 .text.Chip_TSen_GetResolution
                0x000037ea       0x1e F:\NXP\Temp\LPC8N04_CES_DEMO\LPC8N04\lib_chip_nss\Debug\liblib_chip_nss.a(tsen_nss.o)
                0x000037ea                Chip_TSen_GetResolution
 .text.Chip_TSen_Start
                0x00003808       0x1c F:\NXP\Temp\LPC8N04_CES_DEMO\LPC8N04\lib_chip_nss\Debug\liblib_chip_nss.a(tsen_nss.o)
                0x00003808                Chip_TSen_Start
 .text.Chip_TSen_ReadStatus
                0x00003824       0x5c F:\NXP\Temp\LPC8N04_CES_DEMO\LPC8N04\lib_chip_nss\Debug\liblib_chip_nss.a(tsen_nss.o)
                0x00003824                Chip_TSen_ReadStatus
 .text.Chip_TSen_GetValue
                0x00003880       0x16 F:\NXP\Temp\LPC8N04_CES_DEMO\LPC8N04\lib_chip_nss\Debug\liblib_chip_nss.a(tsen_nss.o)
                0x00003880                Chip_TSen_GetValue
 .text.Chip_TSen_NativeToKelvin
                0x00003896       0x46 F:\NXP\Temp\LPC8N04_CES_DEMO\LPC8N04\lib_chip_nss\Debug\liblib_chip_nss.a(tsen_nss.o)
                0x00003896                Chip_TSen_NativeToKelvin
 .text.Chip_TSen_NativeToCelsius
                0x000038dc       0x84 F:\NXP\Temp\LPC8N04_CES_DEMO\LPC8N04\lib_chip_nss\Debug\liblib_chip_nss.a(tsen_nss.o)
                0x000038dc                Chip_TSen_NativeToCelsius
 .text.Chip_TSen_NativeToFahrenheit
                0x00003960      0x198 F:\NXP\Temp\LPC8N04_CES_DEMO\LPC8N04\lib_chip_nss\Debug\liblib_chip_nss.a(tsen_nss.o)
                0x00003960                Chip_TSen_NativeToFahrenheit
 .text.Chip_TSen_Int_SetThresholdLow
                0x00003af8       0x1c F:\NXP\Temp\LPC8N04_CES_DEMO\LPC8N04\lib_chip_nss\Debug\liblib_chip_nss.a(tsen_nss.o)
                0x00003af8                Chip_TSen_Int_SetThresholdLow
 .text.Chip_TSen_Int_SetThresholdHigh
                0x00003b14       0x1c F:\NXP\Temp\LPC8N04_CES_DEMO\LPC8N04\lib_chip_nss\Debug\liblib_chip_nss.a(tsen_nss.o)
                0x00003b14                Chip_TSen_Int_SetThresholdHigh
 .text.Chip_TSen_Int_SetEnabledMask
                0x00003b30       0x22 F:\NXP\Temp\LPC8N04_CES_DEMO\LPC8N04\lib_chip_nss\Debug\liblib_chip_nss.a(tsen_nss.o)
                0x00003b30                Chip_TSen_Int_SetEnabledMask
 .text.Chip_WWDT_Init
                0x00003b52       0x20 F:\NXP\Temp\LPC8N04_CES_DEMO\LPC8N04\lib_chip_nss\Debug\liblib_chip_nss.a(wwdt_nss.o)
                0x00003b52                Chip_WWDT_Init
 .text.defaultIntHandler
                0x00003b72        0x8 F:\NXP\Temp\LPC8N04_CES_DEMO\LPC8N04\lib_chip_nss\Debug\liblib_chip_nss.a(startup.o)
                0x00003b72                PMUBOD_IRQHandler
                0x00003b72                HardFault_Handler
                0x00003b72                SysTick_Handler
                0x00003b72                PendSV_Handler
                0x00003b72                NMI_Handler
                0x00003b72                CT16B0_IRQHandler
                0x00003b72                PIO0_8_IRQHandler
                0x00003b72                PIO0_4_IRQHandler
                0x00003b72                SSP0_IRQHandler
                0x00003b72                PMUFLD_IRQHandler
                0x00003b72                PIO0_6_IRQHandler
                0x00003b72                PIO0_5_IRQHandler
                0x00003b72                PIO0_1_IRQHandler
                0x00003b72                PIO0_IRQHandler
                0x00003b72                ADC_IRQHandler
                0x00003b72                PIO0_3_IRQHandler
                0x00003b72                WDT_IRQHandler
                0x00003b72                SVC_Handler
                0x00003b72                PIO0_10_IRQHandler
                0x00003b72                PIO0_7_IRQHandler
                0x00003b72                CT32B0_IRQHandler
                0x00003b72                PIO0_0_IRQHandler
                0x00003b72                PIO0_2_IRQHandler
                0x00003b72                EEPROM_IRQHandler
                0x00003b72                RTCPWREQ_IRQHandler
                0x00003b72                RFFIELD_IRQHandler
                0x00003b72                C2D_IRQHandler
                0x00003b72                FLASH_IRQHandler
                0x00003b72                I2D_IRQHandler
                0x00003b72                PIO0_9_IRQHandler
 *fill*         0x00003b7a        0x2 ff
 .text.Chip_BusSync_WaitSync
                0x00003b7c       0x40 F:\NXP\Temp\LPC8N04_CES_DEMO\LPC8N04\lib_chip_nss\Debug\liblib_chip_nss.a(bussync_nss.o)
 .text.Chip_BusSync_WriteReg
                0x00003bbc       0x36 F:\NXP\Temp\LPC8N04_CES_DEMO\LPC8N04\lib_chip_nss\Debug\liblib_chip_nss.a(bussync_nss.o)
                0x00003bbc                Chip_BusSync_WriteReg
 .text.Chip_BusSync_ReadReg
                0x00003bf2       0x4c F:\NXP\Temp\LPC8N04_CES_DEMO\LPC8N04\lib_chip_nss\Debug\liblib_chip_nss.a(bussync_nss.o)
                0x00003bf2                Chip_BusSync_ReadReg
 .text.__main   0x00003c3e        0xc c:/nxp/mcuxpressoide_10.1.0_569_prc2g/ide/tools/bin/../lib/gcc/arm-none-eabi/6.3.1/../../../../arm-none-eabi/lib/thumb/v6-m\libcr_semihost.a(_cr__main.o)
                0x00003c3e                __CR_SEMIHOST
                0x00003c3e                __main
 .text.memcpy   0x00003c4a        0x8 c:/nxp/mcuxpressoide_10.1.0_569_prc2g/ide/tools/bin/../lib/gcc/arm-none-eabi/6.3.1/../../../../arm-none-eabi/lib/thumb/v6-m\libcr_c.a(memcpy.o)
                0x00003c4a                memcpy
 .text.memmove  0x00003c52        0x8 c:/nxp/mcuxpressoide_10.1.0_569_prc2g/ide/tools/bin/../lib/gcc/arm-none-eabi/6.3.1/../../../../arm-none-eabi/lib/thumb/v6-m\libcr_c.a(memmove.o)
                0x00003c52                memmove
 .text.memset   0x00003c5a        0x8 c:/nxp/mcuxpressoide_10.1.0_569_prc2g/ide/tools/bin/../lib/gcc/arm-none-eabi/6.3.1/../../../../arm-none-eabi/lib/thumb/v6-m\libcr_c.a(memset.o)
                0x00003c5a                memset
 .text.fp_round
                0x00003c62       0x4a c:/nxp/mcuxpressoide_10.1.0_569_prc2g/ide/tools/bin/../lib/gcc/arm-none-eabi/6.3.1/../../../../arm-none-eabi/lib/thumb/v6-m\libcr_c.a(fpprintf.o)
 .text.pr_dec.constprop.1
                0x00003cac       0x30 c:/nxp/mcuxpressoide_10.1.0_569_prc2g/ide/tools/bin/../lib/gcc/arm-none-eabi/6.3.1/../../../../arm-none-eabi/lib/thumb/v6-m\libcr_c.a(fpprintf.o)
 .text.sprintf  0x00003cdc       0x6c c:/nxp/mcuxpressoide_10.1.0_569_prc2g/ide/tools/bin/../lib/gcc/arm-none-eabi/6.3.1/../../../../arm-none-eabi/lib/thumb/v6-m\libcr_c.a(fpprintf.o)
                0x00003cdc                sprintf
 .text.fp_display
                0x00003d48      0x968 c:/nxp/mcuxpressoide_10.1.0_569_prc2g/ide/tools/bin/../lib/gcc/arm-none-eabi/6.3.1/../../../../arm-none-eabi/lib/thumb/v6-m\libcr_c.a(fpprintf.o)
 .text._initio  0x000046b0       0x7c c:/nxp/mcuxpressoide_10.1.0_569_prc2g/ide/tools/bin/../lib/gcc/arm-none-eabi/6.3.1/../../../../arm-none-eabi/lib/thumb/v6-m\libcr_c.a(initio.o)
                0x000046b0                _initio
 .text.__vfprintf
                0x0000472c      0xce0 c:/nxp/mcuxpressoide_10.1.0_569_prc2g/ide/tools/bin/../lib/gcc/arm-none-eabi/6.3.1/../../../../arm-none-eabi/lib/thumb/v6-m\libcr_c.a(printf.o)
                0x0000472c                __vfprintf
 .text.setvbuf  0x0000540c       0x48 c:/nxp/mcuxpressoide_10.1.0_569_prc2g/ide/tools/bin/../lib/gcc/arm-none-eabi/6.3.1/../../../../arm-none-eabi/lib/thumb/v6-m\libcr_c.a(setvbuf.o)
                0x0000540c                setvbuf
 .text.strlen   0x00005454       0x58 c:/nxp/mcuxpressoide_10.1.0_569_prc2g/ide/tools/bin/../lib/gcc/arm-none-eabi/6.3.1/../../../../arm-none-eabi/lib/thumb/v6-m\libcr_c.a(strlen.o)
                0x00005454                strlen
 .text._deferredlazyseek
                0x000054ac       0x40 c:/nxp/mcuxpressoide_10.1.0_569_prc2g/ide/tools/bin/../lib/gcc/arm-none-eabi/6.3.1/../../../../arm-none-eabi/lib/thumb/v6-m\libcr_c.a(_deferredlazyseek.o)
                0x000054ac                _deferredlazyseek
 .text.__flsbuf
                0x000054ec      0x150 c:/nxp/mcuxpressoide_10.1.0_569_prc2g/ide/tools/bin/../lib/gcc/arm-none-eabi/6.3.1/../../../../arm-none-eabi/lib/thumb/v6-m\libcr_c.a(_deferredlazyseek.o)
                0x000054ec                __flsbuf
 .text._fdopen  0x0000563c       0x74 c:/nxp/mcuxpressoide_10.1.0_569_prc2g/ide/tools/bin/../lib/gcc/arm-none-eabi/6.3.1/../../../../arm-none-eabi/lib/thumb/v6-m\libcr_c.a(_fdopen.o)
                0x0000563c                _fdopen
 .text._fflush  0x000056b0       0x5c c:/nxp/mcuxpressoide_10.1.0_569_prc2g/ide/tools/bin/../lib/gcc/arm-none-eabi/6.3.1/../../../../arm-none-eabi/lib/thumb/v6-m\libcr_c.a(_fflush.o)
                0x000056b0                _fflush
 .text._frexpl  0x0000570c       0x7c c:/nxp/mcuxpressoide_10.1.0_569_prc2g/ide/tools/bin/../lib/gcc/arm-none-eabi/6.3.1/../../../../arm-none-eabi/lib/thumb/v6-m\libcr_c.a(_frexpl.o)
                0x0000570c                _frexpl
 .text._ldexpl  0x00005788       0x58 c:/nxp/mcuxpressoide_10.1.0_569_prc2g/ide/tools/bin/../lib/gcc/arm-none-eabi/6.3.1/../../../../arm-none-eabi/lib/thumb/v6-m\libcr_c.a(_ldexpl.o)
                0x00005788                _ldexpl
 .text._Cwritebuf
                0x000057e0       0x68 c:/nxp/mcuxpressoide_10.1.0_569_prc2g/ide/tools/bin/../lib/gcc/arm-none-eabi/6.3.1/../../../../arm-none-eabi/lib/thumb/v6-m\libcr_c.a(_writebuf.o)
                0x000057e0                _Cwritebuf
 .text.malloc   0x00005848       0xcc c:/nxp/mcuxpressoide_10.1.0_569_prc2g/ide/tools/bin/../lib/gcc/arm-none-eabi/6.3.1/../../../../arm-none-eabi/lib/thumb/v6-m\libcr_c.a(alloc.o)
                0x00005848                malloc
 .text.free     0x00005914       0x2c c:/nxp/mcuxpressoide_10.1.0_569_prc2g/ide/tools/bin/../lib/gcc/arm-none-eabi/6.3.1/../../../../arm-none-eabi/lib/thumb/v6-m\libcr_c.a(alloc.o)
                0x00005914                free
 .text._Csys_alloc
                0x00005940       0x20 c:/nxp/mcuxpressoide_10.1.0_569_prc2g/ide/tools/bin/../lib/gcc/arm-none-eabi/6.3.1/../../../../arm-none-eabi/lib/thumb/v6-m\libcr_c.a(alloc.o)
                0x00005940                _Csys_alloc
 .text.fclose   0x00005960       0x5c c:/nxp/mcuxpressoide_10.1.0_569_prc2g/ide/tools/bin/../lib/gcc/arm-none-eabi/6.3.1/../../../../arm-none-eabi/lib/thumb/v6-m\libcr_c.a(fclose.o)
                0x00005960                fclose
 .text.fflush   0x000059bc       0x44 c:/nxp/mcuxpressoide_10.1.0_569_prc2g/ide/tools/bin/../lib/gcc/arm-none-eabi/6.3.1/../../../../arm-none-eabi/lib/thumb/v6-m\libcr_c.a(fflush.o)
                0x000059bc                fflush
 .text.fseek    0x00005a00       0xf0 c:/nxp/mcuxpressoide_10.1.0_569_prc2g/ide/tools/bin/../lib/gcc/arm-none-eabi/6.3.1/../../../../arm-none-eabi/lib/thumb/v6-m\libcr_c.a(fseek.o)
                0x00005a00                fseek
 .text.ftell    0x00005af0       0x48 c:/nxp/mcuxpressoide_10.1.0_569_prc2g/ide/tools/bin/../lib/gcc/arm-none-eabi/6.3.1/../../../../arm-none-eabi/lib/thumb/v6-m\libcr_c.a(ftell.o)
                0x00005af0                ftell
 .text.remove   0x00005b38       0x12 c:/nxp/mcuxpressoide_10.1.0_569_prc2g/ide/tools/bin/../lib/gcc/arm-none-eabi/6.3.1/../../../../arm-none-eabi/lib/thumb/v6-m\libcr_c.a(remove.o)
                0x00005b38                remove
 *fill*         0x00005b4a        0x2 ff
 .text._sbrk    0x00005b4c       0x40 c:/nxp/mcuxpressoide_10.1.0_569_prc2g/ide/tools/bin/../lib/gcc/arm-none-eabi/6.3.1/../../../../arm-none-eabi/lib/thumb/v6-m\libcr_c.a(_cr_sbrk.o)
                0x00005b4c                _sbrk
 .text._do_fflush
                0x00005b8c       0x44 c:/nxp/mcuxpressoide_10.1.0_569_prc2g/ide/tools/bin/../lib/gcc/arm-none-eabi/6.3.1/../../../../arm-none-eabi/lib/thumb/v6-m\libcr_c.a(_do_fflush.o)
                0x00005b8c                _do_fflush
 .text.__check_heap_overflow
                0x00005bd0       0x18 c:/nxp/mcuxpressoide_10.1.0_569_prc2g/ide/tools/bin/../lib/gcc/arm-none-eabi/6.3.1/../../../../arm-none-eabi/lib/thumb/v6-m\libcr_c.a(_cr_check_heap.o)
                0x00005bd0                __check_heap_overflow
 .text.__aeabi_division_idivmod
                0x00005be8       0x78 c:/nxp/mcuxpressoide_10.1.0_569_prc2g/ide/tools/bin/../lib/gcc/arm-none-eabi/6.3.1/thumb/v6-m\libcr_eabihelpers.a(division_32.o)
                0x00005be8                __aeabi_idivmod
                0x00005be8                __aeabi_idiv
                0x00005bee                __aeabi_uidivmod
                0x00005bee                __aeabi_uidiv
 .text.__aeabi_division_idiv0
                0x00005c60        0x2 c:/nxp/mcuxpressoide_10.1.0_569_prc2g/ide/tools/bin/../lib/gcc/arm-none-eabi/6.3.1/thumb/v6-m\libcr_eabihelpers.a(division_idiv0.o)
                0x00005c60                __aeabi_idiv0
 *fill*         0x00005c62        0x2 ff
 .text.__aeabi_dmul
                0x00005c64      0x180 c:/nxp/mcuxpressoide_10.1.0_569_prc2g/ide/tools/bin/../lib/gcc/arm-none-eabi/6.3.1/thumb/v6-m\libcr_eabihelpers.a(double.o)
                0x00005c64                __aeabi_dmul
 .text.__aeabi_ddiv
                0x00005de4      0x14c c:/nxp/mcuxpressoide_10.1.0_569_prc2g/ide/tools/bin/../lib/gcc/arm-none-eabi/6.3.1/thumb/v6-m\libcr_eabihelpers.a(double.o)
                0x00005de4                __aeabi_ddiv
 .text.__aeabi_dsub
                0x00005f30      0x1e8 c:/nxp/mcuxpressoide_10.1.0_569_prc2g/ide/tools/bin/../lib/gcc/arm-none-eabi/6.3.1/thumb/v6-m\libcr_eabihelpers.a(double.o)
                0x00005f30                __aeabi_dsub
 .text.__aeabi_dadd
                0x00006118      0x130 c:/nxp/mcuxpressoide_10.1.0_569_prc2g/ide/tools/bin/../lib/gcc/arm-none-eabi/6.3.1/thumb/v6-m\libcr_eabihelpers.a(double.o)
                0x00006118                __aeabi_dadd
 .text.__aeabi_d2iz
                0x00006248       0x44 c:/nxp/mcuxpressoide_10.1.0_569_prc2g/ide/tools/bin/../lib/gcc/arm-none-eabi/6.3.1/thumb/v6-m\libcr_eabihelpers.a(double.o)
                0x00006248                __aeabi_d2iz
 .text.__bhs_ui2d
                0x0000628c       0x5e c:/nxp/mcuxpressoide_10.1.0_569_prc2g/ide/tools/bin/../lib/gcc/arm-none-eabi/6.3.1/thumb/v6-m\libcr_eabihelpers.a(double.o)
                0x0000628c                __bhs_ui2d
 .text.__aeabi_i2d
                0x000062ea       0x18 c:/nxp/mcuxpressoide_10.1.0_569_prc2g/ide/tools/bin/../lib/gcc/arm-none-eabi/6.3.1/thumb/v6-m\libcr_eabihelpers.a(double.o)
                0x000062ea                __aeabi_i2d
 *fill*         0x00006302        0x2 ff
 .text.__aeabi_dcmpeq
                0x00006304       0x30 c:/nxp/mcuxpressoide_10.1.0_569_prc2g/ide/tools/bin/../lib/gcc/arm-none-eabi/6.3.1/thumb/v6-m\libcr_eabihelpers.a(double.o)
                0x00006304                __aeabi_dcmpeq
 .text.__aeabi_dcmplt
                0x00006334       0x5c c:/nxp/mcuxpressoide_10.1.0_569_prc2g/ide/tools/bin/../lib/gcc/arm-none-eabi/6.3.1/thumb/v6-m\libcr_eabihelpers.a(double.o)
                0x00006334                __aeabi_dcmplt
 .text.__aeabi_dcmple
                0x00006390       0x5c c:/nxp/mcuxpressoide_10.1.0_569_prc2g/ide/tools/bin/../lib/gcc/arm-none-eabi/6.3.1/thumb/v6-m\libcr_eabihelpers.a(double.o)
                0x00006390                __aeabi_dcmple
 .text.__aeabi_dcmpge
                0x000063ec       0x60 c:/nxp/mcuxpressoide_10.1.0_569_prc2g/ide/tools/bin/../lib/gcc/arm-none-eabi/6.3.1/thumb/v6-m\libcr_eabihelpers.a(double.o)
                0x000063ec                __aeabi_dcmpge
 .text.__aeabi_llong_lmul
                0x0000644c       0x2e c:/nxp/mcuxpressoide_10.1.0_569_prc2g/ide/tools/bin/../lib/gcc/arm-none-eabi/6.3.1/thumb/v6-m\libcr_eabihelpers.a(llong.o)
                0x0000644c                __aeabi_lmul
 .text.__aeabi_memcpy
                0x0000647a       0x2c c:/nxp/mcuxpressoide_10.1.0_569_prc2g/ide/tools/bin/../lib/gcc/arm-none-eabi/6.3.1/thumb/v6-m\libcr_eabihelpers.a(memcpy.o)
                0x0000647a                __aeabi_memcpy4
                0x0000647a                __aeabi_memcpy8
                0x0000647a                __aeabi_memcpy
 .text.__aeabi_memmove
                0x000064a6       0x1c c:/nxp/mcuxpressoide_10.1.0_569_prc2g/ide/tools/bin/../lib/gcc/arm-none-eabi/6.3.1/thumb/v6-m\libcr_eabihelpers.a(memcpy.o)
                0x000064a6                __aeabi_memmove
                0x000064a6                __aeabi_memmove4
                0x000064a6                __aeabi_memmove8
 .text.__aeabi_memset_lowlevel
                0x000064c2       0x2a c:/nxp/mcuxpressoide_10.1.0_569_prc2g/ide/tools/bin/../lib/gcc/arm-none-eabi/6.3.1/thumb/v6-m\libcr_eabihelpers.a(memcpy.o)
                0x000064c2                __aeabi_lowlevel_memset
 .text.__sys_appexit
                0x000064ec        0xc c:/nxp/mcuxpressoide_10.1.0_569_prc2g/ide/tools/bin/../lib/gcc/arm-none-eabi/6.3.1/../../../../arm-none-eabi/lib/thumb/v6-m\libcr_semihost.a(__sys_appexit.o)
                0x000064ec                __sys_appexit
                0x000064ec                __exit
 .text.__sys_close
                0x000064f8        0xc c:/nxp/mcuxpressoide_10.1.0_569_prc2g/ide/tools/bin/../lib/gcc/arm-none-eabi/6.3.1/../../../../arm-none-eabi/lib/thumb/v6-m\libcr_semihost.a(__sys_close.o)
                0x000064f8                __sys_close
 .text.__sys_flen
                0x00006504        0xc c:/nxp/mcuxpressoide_10.1.0_569_prc2g/ide/tools/bin/../lib/gcc/arm-none-eabi/6.3.1/../../../../arm-none-eabi/lib/thumb/v6-m\libcr_semihost.a(__sys_flen.o)
                0x00006504                __sys_flen
 .text.__sys_istty
                0x00006510        0xc c:/nxp/mcuxpressoide_10.1.0_569_prc2g/ide/tools/bin/../lib/gcc/arm-none-eabi/6.3.1/../../../../arm-none-eabi/lib/thumb/v6-m\libcr_semihost.a(__sys_istty.o)
                0x00006510                __sys_istty
 .text.__sys_remove
                0x0000651c        0xc c:/nxp/mcuxpressoide_10.1.0_569_prc2g/ide/tools/bin/../lib/gcc/arm-none-eabi/6.3.1/../../../../arm-none-eabi/lib/thumb/v6-m\libcr_semihost.a(__sys_remove.o)
                0x0000651c                __sys_remove
 .text.__sys_seek
                0x00006528        0xc c:/nxp/mcuxpressoide_10.1.0_569_prc2g/ide/tools/bin/../lib/gcc/arm-none-eabi/6.3.1/../../../../arm-none-eabi/lib/thumb/v6-m\libcr_semihost.a(__sys_seek.o)
                0x00006528                __sys_seek
 .text.__sys_tmpnam
                0x00006534        0xc c:/nxp/mcuxpressoide_10.1.0_569_prc2g/ide/tools/bin/../lib/gcc/arm-none-eabi/6.3.1/../../../../arm-none-eabi/lib/thumb/v6-m\libcr_semihost.a(__sys_tmpnam.o)
                0x00006534                __sys_tmpnam
 .text.__sys_write
                0x00006540        0xc c:/nxp/mcuxpressoide_10.1.0_569_prc2g/ide/tools/bin/../lib/gcc/arm-none-eabi/6.3.1/../../../../arm-none-eabi/lib/thumb/v6-m\libcr_semihost.a(__sys_write.o)
                0x00006540                __sys_write
 *(.rodata .rodata.* .constdata .constdata.*)
 .rodata.g_taglang
                0x0000654c        0x2 ./src/main.o
                0x0000654c                g_taglang
 *fill*         0x0000654e        0x2 ff
 .rodata.main.str1.4
                0x00006550       0xd8 ./src/main.o
                                 0xd7 (size before relaxing)
 .rodata.table_month
                0x00006628        0xc ./src/rtc.o
                0x00006628                table_month
 .rodata.F16x16
                0x00006634      0x5f0 ./src/ssd1306.o
                0x00006634                F16x16
 .rodata.F32x16
                0x00006c24      0x700 ./src/ssd1306.o
                0x00006c24                F32x16
 .rodata.battery_full
                0x00007324       0x30 ./src/ssd1306.o
                0x00007324                battery_full
 .rodata.logo_alarm_clr
                0x00007354       0x20 ./src/ssd1306.o
                0x00007354                logo_alarm_clr
 .rodata.logo_alarm_set
                0x00007374       0x20 ./src/ssd1306.o
                0x00007374                logo_alarm_set
 .rodata.logo_temp
                0x00007394       0x20 ./src/ssd1306.o
                0x00007394                logo_temp
 .rodata.defaultBytes
                0x000073b4        0xc ./mods/ndeft2t/ndeft2t.o
 .rodata.handleMasterXferState
                0x000073c0      0x164 F:\NXP\Temp\LPC8N04_CES_DEMO\LPC8N04\lib_chip_nss\Debug\liblib_chip_nss.a(i2c_nss.o)
 .rodata.fp_display.str1.1
                0x00007524       0x34 c:/nxp/mcuxpressoide_10.1.0_569_prc2g/ide/tools/bin/../lib/gcc/arm-none-eabi/6.3.1/../../../../arm-none-eabi/lib/thumb/v6-m\libcr_c.a(fpprintf.o)
                                 0x35 (size before relaxing)
 .rodata._initio.str1.1
                0x00007558        0x4 c:/nxp/mcuxpressoide_10.1.0_569_prc2g/ide/tools/bin/../lib/gcc/arm-none-eabi/6.3.1/../../../../arm-none-eabi/lib/thumb/v6-m\libcr_c.a(initio.o)
 .rodata.__vfprintf.str1.1
                0x0000755c       0x31 c:/nxp/mcuxpressoide_10.1.0_569_prc2g/ide/tools/bin/../lib/gcc/arm-none-eabi/6.3.1/../../../../arm-none-eabi/lib/thumb/v6-m\libcr_c.a(printf.o)
                                 0x38 (size before relaxing)
 .rodata._Csys_alloc.str1.1
                0x0000758d       0x18 c:/nxp/mcuxpressoide_10.1.0_569_prc2g/ide/tools/bin/../lib/gcc/arm-none-eabi/6.3.1/../../../../arm-none-eabi/lib/thumb/v6-m\libcr_c.a(alloc.o)
 *fill*         0x000075a5        0x3 ff
 .rodata.__huge_vall
                0x000075a8        0x8 c:/nxp/mcuxpressoide_10.1.0_569_prc2g/ide/tools/bin/../lib/gcc/arm-none-eabi/6.3.1/../../../../arm-none-eabi/lib/thumb/v6-m\libcr_c.a(_hugeval.o)
                0x000075a8                __huge_vall
 .rodata.__num_Ciob_streams
                0x000075b0        0x4 c:/nxp/mcuxpressoide_10.1.0_569_prc2g/ide/tools/bin/../lib/gcc/arm-none-eabi/6.3.1/../../../../arm-none-eabi/lib/thumb/v6-m\libcr_semihost.a(__ciob.o)
                0x000075b0                __num_Ciob_streams
                0x000075b4                . = ALIGN (0x4)

.glue_7         0x000075b4        0x0
 .glue_7        0x000075b4        0x0 linker stubs

.glue_7t        0x000075b4        0x0
 .glue_7t       0x000075b4        0x0 linker stubs

.vfp11_veneer   0x000075b4        0x0
 .vfp11_veneer  0x000075b4        0x0 linker stubs

.v4_bx          0x000075b4        0x0
 .v4_bx         0x000075b4        0x0 linker stubs

.iplt           0x000075b4        0x0
 .iplt          0x000075b4        0x0 ./src/buzzer.o

.rel.dyn        0x000075b4        0x0
 .rel.iplt      0x000075b4        0x0 ./src/buzzer.o

.ARM.extab
 *(.ARM.extab* .gnu.linkonce.armextab.*)
                0x000075b4                __exidx_start = .

.ARM.exidx
 *(.ARM.exidx* .gnu.linkonce.armexidx.*)
                0x000075b4                __exidx_end = .
                0x000075b4                _etext = .

.uninit_RESERVED
                0x10000000        0x0
 *(.bss.$RESERVED*)
                0x10000000                . = ALIGN (0x4)
                0x10000000                _end_uninit_RESERVED = .

.data           0x10000000       0x24 load address 0x000075b4
 FILL mask 0xff
                0x10000000                _data = .
 *(vtable)
 *(.ramfunc*)
 *(.data*)
 .data.g_TempPeriod
                0x10000000        0x1 ./src/main.o
                0x10000000                g_TempPeriod
 *fill*         0x10000001        0x3 ff
 .data.EEPROM_lastWrittenRow
                0x10000004        0x4 F:\NXP\Temp\LPC8N04_CES_DEMO\LPC8N04\lib_chip_nss\Debug\liblib_chip_nss.a(eeprom_nss.o)
 .data.i2c      0x10000008       0x1c F:\NXP\Temp\LPC8N04_CES_DEMO\LPC8N04\lib_chip_nss\Debug\liblib_chip_nss.a(i2c_nss.o)
                0x10000024                . = ALIGN (0x4)
                0x10000024                _edata = .

.igot.plt       0x10000024        0x0 load address 0x000075d8
 .igot.plt      0x10000024        0x0 ./src/buzzer.o

.bss            0x10000024      0x35c load address 0x000075d8
                0x10000024                _bss = .
 *(.bss*)
 .bss.g_AlarmEnFlag
                0x10000024        0x1 ./src/main.o
                0x10000024                g_AlarmEnFlag
 .bss.g_AlarmHour
                0x10000025        0x1 ./src/main.o
                0x10000025                g_AlarmHour
 .bss.g_AlarmMin
                0x10000026        0x1 ./src/main.o
                0x10000026                g_AlarmMin
 *fill*         0x10000027        0x1 
 .bss.g_AppStatus
                0x10000028        0x4 ./src/main.o
                0x10000028                g_AppStatus
 .bss.g_DispTimeCnt
                0x1000002c        0x4 ./src/main.o
                0x1000002c                g_DispTimeCnt
 .bss.g_DispTimeFlag
                0x10000030        0x4 ./src/main.o
                0x10000030                g_DispTimeFlag
 .bss.g_LPC8N04PSTAT
                0x10000034        0x4 ./src/main.o
                0x10000034                g_LPC8N04PSTAT
 .bss.g_LedStatus
                0x10000038        0x4 ./src/main.o
                0x10000038                g_LedStatus
 .bss.g_MainTickCnt
                0x1000003c        0x4 ./src/main.o
                0x1000003c                g_MainTickCnt
 .bss.g_NFCDataUpdateFlag
                0x10000040        0x1 ./src/main.o
                0x10000040                g_NFCDataUpdateFlag
 *fill*         0x10000041        0x3 
 .bss.g_OLEDDispBuf
                0x10000044       0x40 ./src/main.o
                0x10000044                g_OLEDDispBuf
 .bss.g_OLEDInitFlag
                0x10000084        0x1 ./src/main.o
                0x10000084                g_OLEDInitFlag
 *fill*         0x10000085        0x3 
 .bss.g_RTCTicks
                0x10000088        0x4 ./src/main.o
                0x10000088                g_RTCTicks
 .bss.g_RTCTicksBak
                0x1000008c        0x4 ./src/main.o
                0x1000008c                g_RTCTicksBak
 .bss.g_TagDataBuf
                0x10000090       0x80 ./src/main.o
                0x10000090                g_TagDataBuf
 .bss.g_TempBase
                0x10000110        0x1 ./src/main.o
                0x10000110                g_TempBase
 *fill*         0x10000111        0x3 
 .bss.g_TempRecord
                0x10000114       0x14 ./src/main.o
                0x10000114                g_TempRecord
 .bss.g_TempSettings
                0x10000128        0x4 ./src/main.o
                0x10000128                g_TempSettings
 .bss.g_TempStep
                0x1000012c        0x1 ./src/main.o
                0x1000012c                g_TempStep
 .bss.g_TempUnitType
                0x1000012d        0x1 ./src/main.o
                0x1000012d                g_TempUnitType
 *fill*         0x1000012e        0x2 
 .bss.g_TemperatureValue
                0x10000130        0x4 ./src/main.o
                0x10000130                g_TemperatureValue
 .bss.g_TemperatureoFValue
                0x10000134        0x4 ./src/main.o
                0x10000134                g_TemperatureoFValue
 .bss.g_TextModeFlag
                0x10000138        0x1 ./src/main.o
                0x10000138                g_TextModeFlag
 .bss.g_nfcOn   0x10000139        0x1 ./src/main.o
                0x10000139                g_nfcOn
 *fill*         0x1000013a        0x2 
 .bss.g_recordInfo
                0x1000013c        0xc ./src/main.o
                0x1000013c                g_recordInfo
 .bss.g_sRTCValue
                0x10000148        0xc ./src/main.o
                0x10000148                g_sRTCValue
 .bss.hostTicks
                0x10000154        0x2 ./src/main.o
                0x10000154                hostTicks
 .bss.hostTimeout
                0x10000156        0x2 ./src/main.o
                0x10000156                hostTimeout
 .bss.nfcWriteMem
                0x10000158        0x4 ./src/main.o
                0x10000158                nfcWriteMem
 .bss.sQuickMeasurement
                0x1000015c        0x4 ./src/main.o
                0x1000015c                sQuickMeasurement
 .bss.sTargetWritten
                0x10000160        0x1 ./src/main.o
                0x10000160                sTargetWritten
 .bss.sMeasurementTimeoutInterruptFired
                0x10000161        0x1 ./src/timer.o
 *fill*         0x10000162        0x2 
 .bss.sContext  0x10000164        0x4 ./mods/tmeas/tmeas.o
 .bss.sFormat   0x10000168        0x1 ./mods/tmeas/tmeas.o
 .bss.sMeasurementInProgress
                0x10000169        0x1 ./mods/tmeas/tmeas.o
 *fill*         0x1000016a        0x2 
 .bss.sTermTlvOffset
                0x1000016c        0x4 ./mods/ndeft2t/ndeft2t.o
 .bss.sTermTlvPage
                0x10000170        0x4 ./mods/ndeft2t/ndeft2t.o
 .bss.sResponseCb
                0x10000174        0x4 ./mods/msg/msg.o
 .bss.spNextResponse
                0x10000178        0x4 ./mods/msg/msg.o
 .bss.spOldestResponse
                0x1000017c        0x4 ./mods/msg/msg.o
 .bss.spResponseBuffer
                0x10000180        0x4 ./mods/msg/msg.o
 .bss.EEPROM_flushing
                0x10000184        0x1 F:\NXP\Temp\LPC8N04_CES_DEMO\LPC8N04\lib_chip_nss\Debug\liblib_chip_nss.a(eeprom_nss.o)
 *fill*         0x10000185        0x3 
 .bss.stickyMEM_WRITE
                0x10000188        0x4 F:\NXP\Temp\LPC8N04_CES_DEMO\LPC8N04\lib_chip_nss\Debug\liblib_chip_nss.a(nfc_nss.o)
 .bss.Chip_PMU_AccessCounter
                0x1000018c        0x4 F:\NXP\Temp\LPC8N04_CES_DEMO\LPC8N04\lib_chip_nss\Debug\liblib_chip_nss.a(pmu_nss.o)
 .bss.Chip_RTC_AccessCounter
                0x10000190        0x4 F:\NXP\Temp\LPC8N04_CES_DEMO\LPC8N04\lib_chip_nss\Debug\liblib_chip_nss.a(rtc_nss.o)
 .bss.errno     0x10000194        0x4 c:/nxp/mcuxpressoide_10.1.0_569_prc2g/ide/tools/bin/../lib/gcc/arm-none-eabi/6.3.1/../../../../arm-none-eabi/lib/thumb/v6-m\libcr_c.a(errno.o)
                0x10000194                errno
 .bss.__end_of_heap
                0x10000198        0x4 c:/nxp/mcuxpressoide_10.1.0_569_prc2g/ide/tools/bin/../lib/gcc/arm-none-eabi/6.3.1/../../../../arm-none-eabi/lib/thumb/v6-m\libcr_c.a(__init_alloc.o)
                0x10000198                __end_of_heap
 .bss.__heaps   0x1000019c        0x4 c:/nxp/mcuxpressoide_10.1.0_569_prc2g/ide/tools/bin/../lib/gcc/arm-none-eabi/6.3.1/../../../../arm-none-eabi/lib/thumb/v6-m\libcr_c.a(__init_alloc.o)
                0x1000019c                __heaps
 .bss.__Ciob    0x100001a0      0x1e0 c:/nxp/mcuxpressoide_10.1.0_569_prc2g/ide/tools/bin/../lib/gcc/arm-none-eabi/6.3.1/../../../../arm-none-eabi/lib/thumb/v6-m\libcr_semihost.a(__ciob.o)
                0x100001a0                __Ciob
 *(COMMON)
                0x10000380                . = ALIGN (0x4)
                0x10000380                _ebss = .
                [!provide]                PROVIDE (end, .)

.noinit         0x10000380      0x21c load address 0x000075d8
                0x10000380                _noinit = .
 *(.noinit*)
 .noinit        0x10000380      0x21c ./src/main.o
                0x1000059c                . = ALIGN (0x4)
                0x1000059c                _end_noinit = .
                0x1000059c                PROVIDE (_pvHeapStart, DEFINED (__user_heap_base)?__user_heap_base:.)
                0x10001ff0                PROVIDE (_vStackTop, DEFINED (__user_stack_top)?__user_stack_top:(__top_SRAM8 - 0x0))
                [!provide]                PROVIDE (__valid_user_code_checksum, (0x0 - (((_vStackTop + (ResetISR + 0x1)) + (DEFINED (NMI_Handler)?NMI_Handler:M0_NMI_Handler + 0x1)) + (DEFINED (HardFault_Handler)?HardFault_Handler:M0_HardFault_Handler + 0x1))))
                0x00000000                _image_start = LOADADDR (.text)
                0x000075d8                _image_end = (LOADADDR (.data) + SIZEOF (.data))
                0x000075d8                _image_size = (_image_end - _image_start)
OUTPUT(app_demo.axf elf32-littlearm)

.debug_info     0x00000000     0xd98b
 .debug_info    0x00000000      0x7ea ./src/buzzer.o
 .debug_info    0x000007ea       0x3f ./src/crp.o
 .debug_info    0x00000829     0x2db0 ./src/main.o
 .debug_info    0x000035d9      0xfc7 ./src/msghandler.o
 .debug_info    0x000045a0      0x3c5 ./src/rtc.o
 .debug_info    0x00004965     0x11c3 ./src/ssd1306.o
 .debug_info    0x00005b28      0x705 ./src/timer.o
 .debug_info    0x0000622d      0x21e ./src/validate.o
 .debug_info    0x0000644b      0x7cc ./mods/tmeas/tmeas.o
 .debug_info    0x00006c17     0x117a ./mods/ndeft2t/ndeft2t.o
 .debug_info    0x00007d91      0xba0 ./mods/msg/msg.o
 .debug_info    0x00008931      0x21d F:\NXP\Temp\LPC8N04_CES_DEMO\LPC8N04\lib_board_dp\Debug\liblib_board_dp.a(board.o)
 .debug_info    0x00008b4e      0x70c F:\NXP\Temp\LPC8N04_CES_DEMO\LPC8N04\lib_chip_nss\Debug\liblib_chip_nss.a(clock_nss.o)
 .debug_info    0x0000925a      0x5b3 F:\NXP\Temp\LPC8N04_CES_DEMO\LPC8N04\lib_chip_nss\Debug\liblib_chip_nss.a(eeprom_nss.o)
 .debug_info    0x0000980d      0x30f F:\NXP\Temp\LPC8N04_CES_DEMO\LPC8N04\lib_chip_nss\Debug\liblib_chip_nss.a(flash_nss.o)
 .debug_info    0x00009b1c      0x640 F:\NXP\Temp\LPC8N04_CES_DEMO\LPC8N04\lib_chip_nss\Debug\liblib_chip_nss.a(gpio_nss.o)
 .debug_info    0x0000a15c      0xc36 F:\NXP\Temp\LPC8N04_CES_DEMO\LPC8N04\lib_chip_nss\Debug\liblib_chip_nss.a(i2c_nss.o)
 .debug_info    0x0000ad92      0x4b7 F:\NXP\Temp\LPC8N04_CES_DEMO\LPC8N04\lib_chip_nss\Debug\liblib_chip_nss.a(iocon_nss.o)
 .debug_info    0x0000b249      0x4e2 F:\NXP\Temp\LPC8N04_CES_DEMO\LPC8N04\lib_chip_nss\Debug\liblib_chip_nss.a(nfc_nss.o)
 .debug_info    0x0000b72b      0x676 F:\NXP\Temp\LPC8N04_CES_DEMO\LPC8N04\lib_chip_nss\Debug\liblib_chip_nss.a(pmu_nss.o)
 .debug_info    0x0000bda1      0x531 F:\NXP\Temp\LPC8N04_CES_DEMO\LPC8N04\lib_chip_nss\Debug\liblib_chip_nss.a(rtc_nss.o)
 .debug_info    0x0000c2d2      0x659 F:\NXP\Temp\LPC8N04_CES_DEMO\LPC8N04\lib_chip_nss\Debug\liblib_chip_nss.a(syscon_nss.o)
 .debug_info    0x0000c92b      0x417 F:\NXP\Temp\LPC8N04_CES_DEMO\LPC8N04\lib_chip_nss\Debug\liblib_chip_nss.a(timer_nss.o)
 .debug_info    0x0000cd42      0x6e1 F:\NXP\Temp\LPC8N04_CES_DEMO\LPC8N04\lib_chip_nss\Debug\liblib_chip_nss.a(tsen_nss.o)
 .debug_info    0x0000d423      0x1fe F:\NXP\Temp\LPC8N04_CES_DEMO\LPC8N04\lib_chip_nss\Debug\liblib_chip_nss.a(wwdt_nss.o)
 .debug_info    0x0000d621      0x1b6 F:\NXP\Temp\LPC8N04_CES_DEMO\LPC8N04\lib_chip_nss\Debug\liblib_chip_nss.a(startup.o)
 .debug_info    0x0000d7d7      0x1b4 F:\NXP\Temp\LPC8N04_CES_DEMO\LPC8N04\lib_chip_nss\Debug\liblib_chip_nss.a(bussync_nss.o)

.debug_abbrev   0x00000000     0x3219
 .debug_abbrev  0x00000000      0x22e ./src/buzzer.o
 .debug_abbrev  0x0000022e       0x36 ./src/crp.o
 .debug_abbrev  0x00000264      0x402 ./src/main.o
 .debug_abbrev  0x00000666      0x274 ./src/msghandler.o
 .debug_abbrev  0x000008da      0x1a1 ./src/rtc.o
 .debug_abbrev  0x00000a7b      0x2f6 ./src/ssd1306.o
 .debug_abbrev  0x00000d71      0x21f ./src/timer.o
 .debug_abbrev  0x00000f90      0x130 ./src/validate.o
 .debug_abbrev  0x000010c0      0x26b ./mods/tmeas/tmeas.o
 .debug_abbrev  0x0000132b      0x36a ./mods/ndeft2t/ndeft2t.o
 .debug_abbrev  0x00001695      0x30e ./mods/msg/msg.o
 .debug_abbrev  0x000019a3      0x10c F:\NXP\Temp\LPC8N04_CES_DEMO\LPC8N04\lib_board_dp\Debug\liblib_board_dp.a(board.o)
 .debug_abbrev  0x00001aaf      0x221 F:\NXP\Temp\LPC8N04_CES_DEMO\LPC8N04\lib_chip_nss\Debug\liblib_chip_nss.a(clock_nss.o)
 .debug_abbrev  0x00001cd0      0x17e F:\NXP\Temp\LPC8N04_CES_DEMO\LPC8N04\lib_chip_nss\Debug\liblib_chip_nss.a(eeprom_nss.o)
 .debug_abbrev  0x00001e4e      0x14d F:\NXP\Temp\LPC8N04_CES_DEMO\LPC8N04\lib_chip_nss\Debug\liblib_chip_nss.a(flash_nss.o)
 .debug_abbrev  0x00001f9b      0x195 F:\NXP\Temp\LPC8N04_CES_DEMO\LPC8N04\lib_chip_nss\Debug\liblib_chip_nss.a(gpio_nss.o)
 .debug_abbrev  0x00002130      0x2b6 F:\NXP\Temp\LPC8N04_CES_DEMO\LPC8N04\lib_chip_nss\Debug\liblib_chip_nss.a(i2c_nss.o)
 .debug_abbrev  0x000023e6      0x169 F:\NXP\Temp\LPC8N04_CES_DEMO\LPC8N04\lib_chip_nss\Debug\liblib_chip_nss.a(iocon_nss.o)
 .debug_abbrev  0x0000254f      0x1a1 F:\NXP\Temp\LPC8N04_CES_DEMO\LPC8N04\lib_chip_nss\Debug\liblib_chip_nss.a(nfc_nss.o)
 .debug_abbrev  0x000026f0      0x1e4 F:\NXP\Temp\LPC8N04_CES_DEMO\LPC8N04\lib_chip_nss\Debug\liblib_chip_nss.a(pmu_nss.o)
 .debug_abbrev  0x000028d4      0x156 F:\NXP\Temp\LPC8N04_CES_DEMO\LPC8N04\lib_chip_nss\Debug\liblib_chip_nss.a(rtc_nss.o)
 .debug_abbrev  0x00002a2a      0x17f F:\NXP\Temp\LPC8N04_CES_DEMO\LPC8N04\lib_chip_nss\Debug\liblib_chip_nss.a(syscon_nss.o)
 .debug_abbrev  0x00002ba9      0x1ac F:\NXP\Temp\LPC8N04_CES_DEMO\LPC8N04\lib_chip_nss\Debug\liblib_chip_nss.a(timer_nss.o)
 .debug_abbrev  0x00002d55      0x192 F:\NXP\Temp\LPC8N04_CES_DEMO\LPC8N04\lib_chip_nss\Debug\liblib_chip_nss.a(tsen_nss.o)
 .debug_abbrev  0x00002ee7      0x13c F:\NXP\Temp\LPC8N04_CES_DEMO\LPC8N04\lib_chip_nss\Debug\liblib_chip_nss.a(wwdt_nss.o)
 .debug_abbrev  0x00003023      0x104 F:\NXP\Temp\LPC8N04_CES_DEMO\LPC8N04\lib_chip_nss\Debug\liblib_chip_nss.a(startup.o)
 .debug_abbrev  0x00003127       0xf2 F:\NXP\Temp\LPC8N04_CES_DEMO\LPC8N04\lib_chip_nss\Debug\liblib_chip_nss.a(bussync_nss.o)

.debug_loc      0x00000000     0x4790
 .debug_loc     0x00000000      0x1b5 ./src/buzzer.o
 .debug_loc     0x000001b5     0x1380 ./src/main.o
 .debug_loc     0x00001535      0x570 ./src/msghandler.o
 .debug_loc     0x00001aa5      0x29f ./src/rtc.o
 .debug_loc     0x00001d44      0x842 ./src/ssd1306.o
 .debug_loc     0x00002586       0x83 ./src/timer.o
 .debug_loc     0x00002609       0x63 ./src/validate.o
 .debug_loc     0x0000266c      0x2aa ./mods/tmeas/tmeas.o
 .debug_loc     0x00002916     0x1740 ./mods/ndeft2t/ndeft2t.o
 .debug_loc     0x00004056      0x73a ./mods/msg/msg.o

.debug_aranges  0x00000000      0xb30
 .debug_aranges
                0x00000000       0x28 ./src/buzzer.o
 .debug_aranges
                0x00000028       0x18 ./src/crp.o
 .debug_aranges
                0x00000040       0x58 ./src/main.o
 .debug_aranges
                0x00000098       0x58 ./src/msghandler.o
 .debug_aranges
                0x000000f0       0x38 ./src/rtc.o
 .debug_aranges
                0x00000128       0xb0 ./src/ssd1306.o
 .debug_aranges
                0x000001d8       0x40 ./src/timer.o
 .debug_aranges
                0x00000218       0x38 ./src/validate.o
 .debug_aranges
                0x00000250       0x30 ./mods/tmeas/tmeas.o
 .debug_aranges
                0x00000280       0xb0 ./mods/ndeft2t/ndeft2t.o
 .debug_aranges
                0x00000330       0x60 ./mods/msg/msg.o
 .debug_aranges
                0x00000390       0x20 F:\NXP\Temp\LPC8N04_CES_DEMO\LPC8N04\lib_board_dp\Debug\liblib_board_dp.a(board.o)
 .debug_aranges
                0x000003b0       0xc0 F:\NXP\Temp\LPC8N04_CES_DEMO\LPC8N04\lib_chip_nss\Debug\liblib_chip_nss.a(clock_nss.o)
 .debug_aranges
                0x00000470       0x58 F:\NXP\Temp\LPC8N04_CES_DEMO\LPC8N04\lib_chip_nss\Debug\liblib_chip_nss.a(eeprom_nss.o)
 .debug_aranges
                0x000004c8       0x38 F:\NXP\Temp\LPC8N04_CES_DEMO\LPC8N04\lib_chip_nss\Debug\liblib_chip_nss.a(flash_nss.o)
 .debug_aranges
                0x00000500       0x90 F:\NXP\Temp\LPC8N04_CES_DEMO\LPC8N04\lib_chip_nss\Debug\liblib_chip_nss.a(gpio_nss.o)
 .debug_aranges
                0x00000590      0x118 F:\NXP\Temp\LPC8N04_CES_DEMO\LPC8N04\lib_chip_nss\Debug\liblib_chip_nss.a(i2c_nss.o)
 .debug_aranges
                0x000006a8       0x58 F:\NXP\Temp\LPC8N04_CES_DEMO\LPC8N04\lib_chip_nss\Debug\liblib_chip_nss.a(iocon_nss.o)
 .debug_aranges
                0x00000700       0x78 F:\NXP\Temp\LPC8N04_CES_DEMO\LPC8N04\lib_chip_nss\Debug\liblib_chip_nss.a(nfc_nss.o)
 .debug_aranges
                0x00000778       0xd8 F:\NXP\Temp\LPC8N04_CES_DEMO\LPC8N04\lib_chip_nss\Debug\liblib_chip_nss.a(pmu_nss.o)
 .debug_aranges
                0x00000850       0x98 F:\NXP\Temp\LPC8N04_CES_DEMO\LPC8N04\lib_chip_nss\Debug\liblib_chip_nss.a(rtc_nss.o)
 .debug_aranges
                0x000008e8       0xa0 F:\NXP\Temp\LPC8N04_CES_DEMO\LPC8N04\lib_chip_nss\Debug\liblib_chip_nss.a(syscon_nss.o)
 .debug_aranges
                0x00000988       0x48 F:\NXP\Temp\LPC8N04_CES_DEMO\LPC8N04\lib_chip_nss\Debug\liblib_chip_nss.a(timer_nss.o)
 .debug_aranges
                0x000009d0       0xc0 F:\NXP\Temp\LPC8N04_CES_DEMO\LPC8N04\lib_chip_nss\Debug\liblib_chip_nss.a(tsen_nss.o)
 .debug_aranges
                0x00000a90       0x30 F:\NXP\Temp\LPC8N04_CES_DEMO\LPC8N04\lib_chip_nss\Debug\liblib_chip_nss.a(wwdt_nss.o)
 .debug_aranges
                0x00000ac0       0x40 F:\NXP\Temp\LPC8N04_CES_DEMO\LPC8N04\lib_chip_nss\Debug\liblib_chip_nss.a(startup.o)
 .debug_aranges
                0x00000b00       0x30 F:\NXP\Temp\LPC8N04_CES_DEMO\LPC8N04\lib_chip_nss\Debug\liblib_chip_nss.a(bussync_nss.o)

.debug_ranges   0x00000000      0xa68
 .debug_ranges  0x00000000       0x18 ./src/buzzer.o
 .debug_ranges  0x00000018       0x78 ./src/main.o
 .debug_ranges  0x00000090       0xa8 ./src/msghandler.o
 .debug_ranges  0x00000138       0x28 ./src/rtc.o
 .debug_ranges  0x00000160       0xa0 ./src/ssd1306.o
 .debug_ranges  0x00000200       0x30 ./src/timer.o
 .debug_ranges  0x00000230       0x40 ./src/validate.o
 .debug_ranges  0x00000270       0x20 ./mods/tmeas/tmeas.o
 .debug_ranges  0x00000290       0xa0 ./mods/ndeft2t/ndeft2t.o
 .debug_ranges  0x00000330       0x80 ./mods/msg/msg.o
 .debug_ranges  0x000003b0       0x10 F:\NXP\Temp\LPC8N04_CES_DEMO\LPC8N04\lib_board_dp\Debug\liblib_board_dp.a(board.o)
 .debug_ranges  0x000003c0       0xb0 F:\NXP\Temp\LPC8N04_CES_DEMO\LPC8N04\lib_chip_nss\Debug\liblib_chip_nss.a(clock_nss.o)
 .debug_ranges  0x00000470       0x48 F:\NXP\Temp\LPC8N04_CES_DEMO\LPC8N04\lib_chip_nss\Debug\liblib_chip_nss.a(eeprom_nss.o)
 .debug_ranges  0x000004b8       0x28 F:\NXP\Temp\LPC8N04_CES_DEMO\LPC8N04\lib_chip_nss\Debug\liblib_chip_nss.a(flash_nss.o)
 .debug_ranges  0x000004e0       0x80 F:\NXP\Temp\LPC8N04_CES_DEMO\LPC8N04\lib_chip_nss\Debug\liblib_chip_nss.a(gpio_nss.o)
 .debug_ranges  0x00000560      0x120 F:\NXP\Temp\LPC8N04_CES_DEMO\LPC8N04\lib_chip_nss\Debug\liblib_chip_nss.a(i2c_nss.o)
 .debug_ranges  0x00000680       0x48 F:\NXP\Temp\LPC8N04_CES_DEMO\LPC8N04\lib_chip_nss\Debug\liblib_chip_nss.a(iocon_nss.o)
 .debug_ranges  0x000006c8       0x68 F:\NXP\Temp\LPC8N04_CES_DEMO\LPC8N04\lib_chip_nss\Debug\liblib_chip_nss.a(nfc_nss.o)
 .debug_ranges  0x00000730       0xc8 F:\NXP\Temp\LPC8N04_CES_DEMO\LPC8N04\lib_chip_nss\Debug\liblib_chip_nss.a(pmu_nss.o)
 .debug_ranges  0x000007f8       0x88 F:\NXP\Temp\LPC8N04_CES_DEMO\LPC8N04\lib_chip_nss\Debug\liblib_chip_nss.a(rtc_nss.o)
 .debug_ranges  0x00000880       0x90 F:\NXP\Temp\LPC8N04_CES_DEMO\LPC8N04\lib_chip_nss\Debug\liblib_chip_nss.a(syscon_nss.o)
 .debug_ranges  0x00000910       0x38 F:\NXP\Temp\LPC8N04_CES_DEMO\LPC8N04\lib_chip_nss\Debug\liblib_chip_nss.a(timer_nss.o)
 .debug_ranges  0x00000948       0xb0 F:\NXP\Temp\LPC8N04_CES_DEMO\LPC8N04\lib_chip_nss\Debug\liblib_chip_nss.a(tsen_nss.o)
 .debug_ranges  0x000009f8       0x20 F:\NXP\Temp\LPC8N04_CES_DEMO\LPC8N04\lib_chip_nss\Debug\liblib_chip_nss.a(wwdt_nss.o)
 .debug_ranges  0x00000a18       0x30 F:\NXP\Temp\LPC8N04_CES_DEMO\LPC8N04\lib_chip_nss\Debug\liblib_chip_nss.a(startup.o)
 .debug_ranges  0x00000a48       0x20 F:\NXP\Temp\LPC8N04_CES_DEMO\LPC8N04\lib_chip_nss\Debug\liblib_chip_nss.a(bussync_nss.o)

.debug_macro    0x00000000     0x4c1a
 .debug_macro   0x00000000      0x1bf ./src/buzzer.o
 .debug_macro   0x000001bf      0x8b6 ./src/buzzer.o
 .debug_macro   0x00000a75       0x4c ./src/buzzer.o
 .debug_macro   0x00000ac1       0x22 ./src/buzzer.o
 .debug_macro   0x00000ae3       0x10 ./src/buzzer.o
 .debug_macro   0x00000af3      0x12d ./src/buzzer.o
 .debug_macro   0x00000c20      0x5b2 ./src/buzzer.o
 .debug_macro   0x000011d2       0x22 ./src/buzzer.o
 .debug_macro   0x000011f4       0x10 ./src/buzzer.o
 .debug_macro   0x00001204       0x10 ./src/buzzer.o
 .debug_macro   0x00001214       0x22 ./src/buzzer.o
 .debug_macro   0x00001236       0x3a ./src/buzzer.o
 .debug_macro   0x00001270      0x241 ./src/buzzer.o
 .debug_macro   0x000014b1      0x10c ./src/buzzer.o
 .debug_macro   0x000015bd       0xdc ./src/buzzer.o
 .debug_macro   0x00001699       0x28 ./src/buzzer.o
 .debug_macro   0x000016c1       0x3b ./src/buzzer.o
 .debug_macro   0x000016fc       0x26 ./src/buzzer.o
 .debug_macro   0x00001722       0xce ./src/buzzer.o
 .debug_macro   0x000017f0       0x10 ./src/buzzer.o
 .debug_macro   0x00001800       0x20 ./src/buzzer.o
 .debug_macro   0x00001820       0x10 ./src/buzzer.o
 .debug_macro   0x00001830       0x30 ./src/crp.o
 .debug_macro   0x00001860       0x34 ./src/crp.o
 .debug_macro   0x00001894      0x275 ./src/main.o
 .debug_macro   0x00001b09       0x22 ./src/main.o
 .debug_macro   0x00001b2b       0x2e ./src/main.o
 .debug_macro   0x00001b59       0x28 ./src/main.o
 .debug_macro   0x00001b81       0xb3 ./src/main.o
 .debug_macro   0x00001c34       0x40 ./src/main.o
 .debug_macro   0x00001c74       0x16 ./src/main.o
 .debug_macro   0x00001c8a       0x16 ./src/main.o
 .debug_macro   0x00001ca0       0x10 ./src/main.o
 .debug_macro   0x00001cb0       0x40 ./src/main.o
 .debug_macro   0x00001cf0      0x24f ./src/msghandler.o
 .debug_macro   0x00001f3f       0x10 ./src/msghandler.o
 .debug_macro   0x00001f4f       0x1c ./src/msghandler.o
 .debug_macro   0x00001f6b      0x1a1 ./src/rtc.o
 .debug_macro   0x0000210c       0x16 ./src/rtc.o
 .debug_macro   0x00002122      0x1c7 ./src/ssd1306.o
 .debug_macro   0x000022e9      0x178 ./src/timer.o
 .debug_macro   0x00002461      0x1e2 ./src/validate.o
 .debug_macro   0x00002643      0x19b ./mods/tmeas/tmeas.o
 .debug_macro   0x000027de      0x24e ./mods/ndeft2t/ndeft2t.o
 .debug_macro   0x00002a2c      0x1c3 ./mods/msg/msg.o
 .debug_macro   0x00002bef      0x18e F:\NXP\Temp\LPC8N04_CES_DEMO\LPC8N04\lib_board_dp\Debug\liblib_board_dp.a(board.o)
 .debug_macro   0x00002d7d      0x8aa F:\NXP\Temp\LPC8N04_CES_DEMO\LPC8N04\lib_board_dp\Debug\liblib_board_dp.a(board.o)
 .debug_macro   0x00003627      0x15c F:\NXP\Temp\LPC8N04_CES_DEMO\LPC8N04\lib_chip_nss\Debug\liblib_chip_nss.a(clock_nss.o)
 .debug_macro   0x00003783      0x194 F:\NXP\Temp\LPC8N04_CES_DEMO\LPC8N04\lib_chip_nss\Debug\liblib_chip_nss.a(eeprom_nss.o)
 .debug_macro   0x00003917      0x15c F:\NXP\Temp\LPC8N04_CES_DEMO\LPC8N04\lib_chip_nss\Debug\liblib_chip_nss.a(flash_nss.o)
 .debug_macro   0x00003a73      0x15c F:\NXP\Temp\LPC8N04_CES_DEMO\LPC8N04\lib_chip_nss\Debug\liblib_chip_nss.a(gpio_nss.o)
 .debug_macro   0x00003bcf      0x32a F:\NXP\Temp\LPC8N04_CES_DEMO\LPC8N04\lib_chip_nss\Debug\liblib_chip_nss.a(i2c_nss.o)
 .debug_macro   0x00003ef9      0x15c F:\NXP\Temp\LPC8N04_CES_DEMO\LPC8N04\lib_chip_nss\Debug\liblib_chip_nss.a(iocon_nss.o)
 .debug_macro   0x00004055      0x182 F:\NXP\Temp\LPC8N04_CES_DEMO\LPC8N04\lib_chip_nss\Debug\liblib_chip_nss.a(nfc_nss.o)
 .debug_macro   0x000041d7      0x1a4 F:\NXP\Temp\LPC8N04_CES_DEMO\LPC8N04\lib_chip_nss\Debug\liblib_chip_nss.a(pmu_nss.o)
 .debug_macro   0x0000437b      0x168 F:\NXP\Temp\LPC8N04_CES_DEMO\LPC8N04\lib_chip_nss\Debug\liblib_chip_nss.a(rtc_nss.o)
 .debug_macro   0x000044e3      0x16e F:\NXP\Temp\LPC8N04_CES_DEMO\LPC8N04\lib_chip_nss\Debug\liblib_chip_nss.a(syscon_nss.o)
 .debug_macro   0x00004651      0x15c F:\NXP\Temp\LPC8N04_CES_DEMO\LPC8N04\lib_chip_nss\Debug\liblib_chip_nss.a(timer_nss.o)
 .debug_macro   0x000047ad      0x162 F:\NXP\Temp\LPC8N04_CES_DEMO\LPC8N04\lib_chip_nss\Debug\liblib_chip_nss.a(tsen_nss.o)
 .debug_macro   0x0000490f      0x15c F:\NXP\Temp\LPC8N04_CES_DEMO\LPC8N04\lib_chip_nss\Debug\liblib_chip_nss.a(wwdt_nss.o)
 .debug_macro   0x00004a6b       0x4d F:\NXP\Temp\LPC8N04_CES_DEMO\LPC8N04\lib_chip_nss\Debug\liblib_chip_nss.a(startup.o)
 .debug_macro   0x00004ab8      0x162 F:\NXP\Temp\LPC8N04_CES_DEMO\LPC8N04\lib_chip_nss\Debug\liblib_chip_nss.a(bussync_nss.o)

.debug_line     0x00000000     0x8596
 .debug_line    0x00000000      0x4fe ./src/buzzer.o
 .debug_line    0x000004fe      0x146 ./src/crp.o
 .debug_line    0x00000644      0xb62 ./src/main.o
 .debug_line    0x000011a6      0x75d ./src/msghandler.o
 .debug_line    0x00001903      0x53c ./src/rtc.o
 .debug_line    0x00001e3f      0x7a6 ./src/ssd1306.o
 .debug_line    0x000025e5      0x471 ./src/timer.o
 .debug_line    0x00002a56      0x563 ./src/validate.o
 .debug_line    0x00002fb9      0x455 ./mods/tmeas/tmeas.o
 .debug_line    0x0000340e      0x834 ./mods/ndeft2t/ndeft2t.o
 .debug_line    0x00003c42      0x59b ./mods/msg/msg.o
 .debug_line    0x000041dd      0x409 F:\NXP\Temp\LPC8N04_CES_DEMO\LPC8N04\lib_board_dp\Debug\liblib_board_dp.a(board.o)
 .debug_line    0x000045e6      0x521 F:\NXP\Temp\LPC8N04_CES_DEMO\LPC8N04\lib_chip_nss\Debug\liblib_chip_nss.a(clock_nss.o)
 .debug_line    0x00004b07      0x442 F:\NXP\Temp\LPC8N04_CES_DEMO\LPC8N04\lib_chip_nss\Debug\liblib_chip_nss.a(eeprom_nss.o)
 .debug_line    0x00004f49      0x390 F:\NXP\Temp\LPC8N04_CES_DEMO\LPC8N04\lib_chip_nss\Debug\liblib_chip_nss.a(flash_nss.o)
 .debug_line    0x000052d9      0x44f F:\NXP\Temp\LPC8N04_CES_DEMO\LPC8N04\lib_chip_nss\Debug\liblib_chip_nss.a(gpio_nss.o)
 .debug_line    0x00005728      0x65e F:\NXP\Temp\LPC8N04_CES_DEMO\LPC8N04\lib_chip_nss\Debug\liblib_chip_nss.a(i2c_nss.o)
 .debug_line    0x00005d86      0x3b2 F:\NXP\Temp\LPC8N04_CES_DEMO\LPC8N04\lib_chip_nss\Debug\liblib_chip_nss.a(iocon_nss.o)
 .debug_line    0x00006138      0x426 F:\NXP\Temp\LPC8N04_CES_DEMO\LPC8N04\lib_chip_nss\Debug\liblib_chip_nss.a(nfc_nss.o)
 .debug_line    0x0000655e      0x5ac F:\NXP\Temp\LPC8N04_CES_DEMO\LPC8N04\lib_chip_nss\Debug\liblib_chip_nss.a(pmu_nss.o)
 .debug_line    0x00006b0a      0x440 F:\NXP\Temp\LPC8N04_CES_DEMO\LPC8N04\lib_chip_nss\Debug\liblib_chip_nss.a(rtc_nss.o)
 .debug_line    0x00006f4a      0x476 F:\NXP\Temp\LPC8N04_CES_DEMO\LPC8N04\lib_chip_nss\Debug\liblib_chip_nss.a(syscon_nss.o)
 .debug_line    0x000073c0      0x39d F:\NXP\Temp\LPC8N04_CES_DEMO\LPC8N04\lib_chip_nss\Debug\liblib_chip_nss.a(timer_nss.o)
 .debug_line    0x0000775d      0x582 F:\NXP\Temp\LPC8N04_CES_DEMO\LPC8N04\lib_chip_nss\Debug\liblib_chip_nss.a(tsen_nss.o)
 .debug_line    0x00007cdf      0x359 F:\NXP\Temp\LPC8N04_CES_DEMO\LPC8N04\lib_chip_nss\Debug\liblib_chip_nss.a(wwdt_nss.o)
 .debug_line    0x00008038      0x1d1 F:\NXP\Temp\LPC8N04_CES_DEMO\LPC8N04\lib_chip_nss\Debug\liblib_chip_nss.a(startup.o)
 .debug_line    0x00008209      0x38d F:\NXP\Temp\LPC8N04_CES_DEMO\LPC8N04\lib_chip_nss\Debug\liblib_chip_nss.a(bussync_nss.o)

.debug_str      0x00000000     0xc8bd
 .debug_str     0x00000000     0x636d ./src/buzzer.o
                               0x6403 (size before relaxing)
 .debug_str     0x0000636d       0xe9 ./src/crp.o
                               0x27a7 (size before relaxing)
 .debug_str     0x00006456     0x1971 ./src/main.o
                               0x7c8f (size before relaxing)
 .debug_str     0x00007dc7      0x752 ./src/msghandler.o
                               0x74c1 (size before relaxing)
 .debug_str     0x00008519       0x69 ./src/rtc.o
                               0x60d6 (size before relaxing)
 .debug_str     0x00008582      0x2d3 ./src/ssd1306.o
                               0x65e0 (size before relaxing)
 .debug_str     0x00008855      0x36e ./src/timer.o
                               0x659f (size before relaxing)
 .debug_str     0x00008bc3       0x71 ./src/validate.o
                               0x62ef (size before relaxing)
 .debug_str     0x00008c34      0x1bb ./mods/tmeas/tmeas.o
                               0x65ff (size before relaxing)
 .debug_str     0x00008def      0xade ./mods/ndeft2t/ndeft2t.o
                               0x7091 (size before relaxing)
 .debug_str     0x000098cd      0x3f8 ./mods/msg/msg.o
                               0x67be (size before relaxing)
 .debug_str     0x00009cc5      0x111 F:\NXP\Temp\LPC8N04_CES_DEMO\LPC8N04\lib_board_dp\Debug\liblib_board_dp.a(board.o)
                               0x5e85 (size before relaxing)
 .debug_str     0x00009dd6      0x4a9 F:\NXP\Temp\LPC8N04_CES_DEMO\LPC8N04\lib_chip_nss\Debug\liblib_chip_nss.a(clock_nss.o)
                               0x640a (size before relaxing)
 .debug_str     0x0000a27f      0x2a6 F:\NXP\Temp\LPC8N04_CES_DEMO\LPC8N04\lib_chip_nss\Debug\liblib_chip_nss.a(eeprom_nss.o)
                               0x6380 (size before relaxing)
 .debug_str     0x0000a525       0xff F:\NXP\Temp\LPC8N04_CES_DEMO\LPC8N04\lib_chip_nss\Debug\liblib_chip_nss.a(flash_nss.o)
                               0x5ef2 (size before relaxing)
 .debug_str     0x0000a624      0x1d9 F:\NXP\Temp\LPC8N04_CES_DEMO\LPC8N04\lib_chip_nss\Debug\liblib_chip_nss.a(gpio_nss.o)
                               0x6115 (size before relaxing)
 .debug_str     0x0000a7fd      0xdaf F:\NXP\Temp\LPC8N04_CES_DEMO\LPC8N04\lib_chip_nss\Debug\liblib_chip_nss.a(i2c_nss.o)
                               0x6d17 (size before relaxing)
 .debug_str     0x0000b5ac      0x2d8 F:\NXP\Temp\LPC8N04_CES_DEMO\LPC8N04\lib_chip_nss\Debug\liblib_chip_nss.a(iocon_nss.o)
                               0x6331 (size before relaxing)
 .debug_str     0x0000b884      0x149 F:\NXP\Temp\LPC8N04_CES_DEMO\LPC8N04\lib_chip_nss\Debug\liblib_chip_nss.a(nfc_nss.o)
                               0x60e9 (size before relaxing)
 .debug_str     0x0000b9cd      0x54c F:\NXP\Temp\LPC8N04_CES_DEMO\LPC8N04\lib_chip_nss\Debug\liblib_chip_nss.a(pmu_nss.o)
                               0x647d (size before relaxing)
 .debug_str     0x0000bf19      0x1ca F:\NXP\Temp\LPC8N04_CES_DEMO\LPC8N04\lib_chip_nss\Debug\liblib_chip_nss.a(rtc_nss.o)
                               0x623e (size before relaxing)
 .debug_str     0x0000c0e3      0x35f F:\NXP\Temp\LPC8N04_CES_DEMO\LPC8N04\lib_chip_nss\Debug\liblib_chip_nss.a(syscon_nss.o)
                               0x654d (size before relaxing)
 .debug_str     0x0000c442       0x92 F:\NXP\Temp\LPC8N04_CES_DEMO\LPC8N04\lib_chip_nss\Debug\liblib_chip_nss.a(timer_nss.o)
                               0x60b8 (size before relaxing)
 .debug_str     0x0000c4d4      0x1be F:\NXP\Temp\LPC8N04_CES_DEMO\LPC8N04\lib_chip_nss\Debug\liblib_chip_nss.a(tsen_nss.o)
                               0x6415 (size before relaxing)
 .debug_str     0x0000c692       0x3d F:\NXP\Temp\LPC8N04_CES_DEMO\LPC8N04\lib_chip_nss\Debug\liblib_chip_nss.a(wwdt_nss.o)
                               0x5f1f (size before relaxing)
 .debug_str     0x0000c6cf      0x118 F:\NXP\Temp\LPC8N04_CES_DEMO\LPC8N04\lib_chip_nss\Debug\liblib_chip_nss.a(startup.o)
                               0x26d0 (size before relaxing)
 .debug_str     0x0000c7e7       0xd6 F:\NXP\Temp\LPC8N04_CES_DEMO\LPC8N04\lib_chip_nss\Debug\liblib_chip_nss.a(bussync_nss.o)
                               0x5e23 (size before relaxing)

.comment        0x00000000       0x7f
 .comment       0x00000000       0x7f ./src/buzzer.o
                                 0x80 (size before relaxing)
 .comment       0x0000007f       0x80 ./src/crp.o
 .comment       0x0000007f       0x80 ./src/main.o
 .comment       0x0000007f       0x80 ./src/msghandler.o
 .comment       0x0000007f       0x80 ./src/rtc.o
 .comment       0x0000007f       0x80 ./src/ssd1306.o
 .comment       0x0000007f       0x80 ./src/timer.o
 .comment       0x0000007f       0x80 ./src/validate.o
 .comment       0x0000007f       0x80 ./mods/tmeas/tmeas.o
 .comment       0x0000007f       0x80 ./mods/ndeft2t/ndeft2t.o
 .comment       0x0000007f       0x80 ./mods/msg/msg.o
 .comment       0x0000007f       0x80 F:\NXP\Temp\LPC8N04_CES_DEMO\LPC8N04\lib_board_dp\Debug\liblib_board_dp.a(board.o)
 .comment       0x0000007f       0x80 F:\NXP\Temp\LPC8N04_CES_DEMO\LPC8N04\lib_chip_nss\Debug\liblib_chip_nss.a(clock_nss.o)
 .comment       0x0000007f       0x80 F:\NXP\Temp\LPC8N04_CES_DEMO\LPC8N04\lib_chip_nss\Debug\liblib_chip_nss.a(eeprom_nss.o)
 .comment       0x0000007f       0x80 F:\NXP\Temp\LPC8N04_CES_DEMO\LPC8N04\lib_chip_nss\Debug\liblib_chip_nss.a(flash_nss.o)
 .comment       0x0000007f       0x80 F:\NXP\Temp\LPC8N04_CES_DEMO\LPC8N04\lib_chip_nss\Debug\liblib_chip_nss.a(gpio_nss.o)
 .comment       0x0000007f       0x80 F:\NXP\Temp\LPC8N04_CES_DEMO\LPC8N04\lib_chip_nss\Debug\liblib_chip_nss.a(i2c_nss.o)
 .comment       0x0000007f       0x80 F:\NXP\Temp\LPC8N04_CES_DEMO\LPC8N04\lib_chip_nss\Debug\liblib_chip_nss.a(iocon_nss.o)
 .comment       0x0000007f       0x80 F:\NXP\Temp\LPC8N04_CES_DEMO\LPC8N04\lib_chip_nss\Debug\liblib_chip_nss.a(nfc_nss.o)
 .comment       0x0000007f       0x80 F:\NXP\Temp\LPC8N04_CES_DEMO\LPC8N04\lib_chip_nss\Debug\liblib_chip_nss.a(pmu_nss.o)
 .comment       0x0000007f       0x80 F:\NXP\Temp\LPC8N04_CES_DEMO\LPC8N04\lib_chip_nss\Debug\liblib_chip_nss.a(rtc_nss.o)
 .comment       0x0000007f       0x80 F:\NXP\Temp\LPC8N04_CES_DEMO\LPC8N04\lib_chip_nss\Debug\liblib_chip_nss.a(syscon_nss.o)
 .comment       0x0000007f       0x80 F:\NXP\Temp\LPC8N04_CES_DEMO\LPC8N04\lib_chip_nss\Debug\liblib_chip_nss.a(timer_nss.o)
 .comment       0x0000007f       0x80 F:\NXP\Temp\LPC8N04_CES_DEMO\LPC8N04\lib_chip_nss\Debug\liblib_chip_nss.a(tsen_nss.o)
 .comment       0x0000007f       0x80 F:\NXP\Temp\LPC8N04_CES_DEMO\LPC8N04\lib_chip_nss\Debug\liblib_chip_nss.a(wwdt_nss.o)
 .comment       0x0000007f       0x80 F:\NXP\Temp\LPC8N04_CES_DEMO\LPC8N04\lib_chip_nss\Debug\liblib_chip_nss.a(startup.o)
 .comment       0x0000007f       0x80 F:\NXP\Temp\LPC8N04_CES_DEMO\LPC8N04\lib_chip_nss\Debug\liblib_chip_nss.a(bussync_nss.o)
 .comment       0x0000007f       0x80 c:/nxp/mcuxpressoide_10.1.0_569_prc2g/ide/tools/bin/../lib/gcc/arm-none-eabi/6.3.1/../../../../arm-none-eabi/lib/thumb/v6-m\libcr_semihost.a(_cr__main.o)
 .comment       0x0000007f       0x80 c:/nxp/mcuxpressoide_10.1.0_569_prc2g/ide/tools/bin/../lib/gcc/arm-none-eabi/6.3.1/../../../../arm-none-eabi/lib/thumb/v6-m\libcr_c.a(memcpy.o)
 .comment       0x0000007f       0x80 c:/nxp/mcuxpressoide_10.1.0_569_prc2g/ide/tools/bin/../lib/gcc/arm-none-eabi/6.3.1/../../../../arm-none-eabi/lib/thumb/v6-m\libcr_c.a(memmove.o)
 .comment       0x0000007f       0x80 c:/nxp/mcuxpressoide_10.1.0_569_prc2g/ide/tools/bin/../lib/gcc/arm-none-eabi/6.3.1/../../../../arm-none-eabi/lib/thumb/v6-m\libcr_c.a(memset.o)
 .comment       0x0000007f       0x80 c:/nxp/mcuxpressoide_10.1.0_569_prc2g/ide/tools/bin/../lib/gcc/arm-none-eabi/6.3.1/../../../../arm-none-eabi/lib/thumb/v6-m\libcr_c.a(fpprintf.o)
 .comment       0x0000007f       0x80 c:/nxp/mcuxpressoide_10.1.0_569_prc2g/ide/tools/bin/../lib/gcc/arm-none-eabi/6.3.1/../../../../arm-none-eabi/lib/thumb/v6-m\libcr_c.a(initio.o)
 .comment       0x0000007f       0x80 c:/nxp/mcuxpressoide_10.1.0_569_prc2g/ide/tools/bin/../lib/gcc/arm-none-eabi/6.3.1/../../../../arm-none-eabi/lib/thumb/v6-m\libcr_c.a(printf.o)
 .comment       0x0000007f       0x80 c:/nxp/mcuxpressoide_10.1.0_569_prc2g/ide/tools/bin/../lib/gcc/arm-none-eabi/6.3.1/../../../../arm-none-eabi/lib/thumb/v6-m\libcr_c.a(setvbuf.o)
 .comment       0x0000007f       0x80 c:/nxp/mcuxpressoide_10.1.0_569_prc2g/ide/tools/bin/../lib/gcc/arm-none-eabi/6.3.1/../../../../arm-none-eabi/lib/thumb/v6-m\libcr_c.a(strlen.o)
 .comment       0x0000007f       0x80 c:/nxp/mcuxpressoide_10.1.0_569_prc2g/ide/tools/bin/../lib/gcc/arm-none-eabi/6.3.1/../../../../arm-none-eabi/lib/thumb/v6-m\libcr_c.a(_deferredlazyseek.o)
 .comment       0x0000007f       0x80 c:/nxp/mcuxpressoide_10.1.0_569_prc2g/ide/tools/bin/../lib/gcc/arm-none-eabi/6.3.1/../../../../arm-none-eabi/lib/thumb/v6-m\libcr_c.a(_fdopen.o)
 .comment       0x0000007f       0x80 c:/nxp/mcuxpressoide_10.1.0_569_prc2g/ide/tools/bin/../lib/gcc/arm-none-eabi/6.3.1/../../../../arm-none-eabi/lib/thumb/v6-m\libcr_c.a(_fflush.o)
 .comment       0x0000007f       0x80 c:/nxp/mcuxpressoide_10.1.0_569_prc2g/ide/tools/bin/../lib/gcc/arm-none-eabi/6.3.1/../../../../arm-none-eabi/lib/thumb/v6-m\libcr_c.a(_frexpl.o)
 .comment       0x0000007f       0x80 c:/nxp/mcuxpressoide_10.1.0_569_prc2g/ide/tools/bin/../lib/gcc/arm-none-eabi/6.3.1/../../../../arm-none-eabi/lib/thumb/v6-m\libcr_c.a(_ldexpl.o)
 .comment       0x0000007f       0x80 c:/nxp/mcuxpressoide_10.1.0_569_prc2g/ide/tools/bin/../lib/gcc/arm-none-eabi/6.3.1/../../../../arm-none-eabi/lib/thumb/v6-m\libcr_c.a(_writebuf.o)
 .comment       0x0000007f       0x80 c:/nxp/mcuxpressoide_10.1.0_569_prc2g/ide/tools/bin/../lib/gcc/arm-none-eabi/6.3.1/../../../../arm-none-eabi/lib/thumb/v6-m\libcr_c.a(alloc.o)
 .comment       0x0000007f       0x80 c:/nxp/mcuxpressoide_10.1.0_569_prc2g/ide/tools/bin/../lib/gcc/arm-none-eabi/6.3.1/../../../../arm-none-eabi/lib/thumb/v6-m\libcr_c.a(errno.o)
 .comment       0x0000007f       0x80 c:/nxp/mcuxpressoide_10.1.0_569_prc2g/ide/tools/bin/../lib/gcc/arm-none-eabi/6.3.1/../../../../arm-none-eabi/lib/thumb/v6-m\libcr_c.a(fclose.o)
 .comment       0x0000007f       0x80 c:/nxp/mcuxpressoide_10.1.0_569_prc2g/ide/tools/bin/../lib/gcc/arm-none-eabi/6.3.1/../../../../arm-none-eabi/lib/thumb/v6-m\libcr_c.a(fflush.o)
 .comment       0x0000007f       0x80 c:/nxp/mcuxpressoide_10.1.0_569_prc2g/ide/tools/bin/../lib/gcc/arm-none-eabi/6.3.1/../../../../arm-none-eabi/lib/thumb/v6-m\libcr_c.a(fseek.o)
 .comment       0x0000007f       0x80 c:/nxp/mcuxpressoide_10.1.0_569_prc2g/ide/tools/bin/../lib/gcc/arm-none-eabi/6.3.1/../../../../arm-none-eabi/lib/thumb/v6-m\libcr_c.a(ftell.o)
 .comment       0x0000007f       0x80 c:/nxp/mcuxpressoide_10.1.0_569_prc2g/ide/tools/bin/../lib/gcc/arm-none-eabi/6.3.1/../../../../arm-none-eabi/lib/thumb/v6-m\libcr_c.a(remove.o)
 .comment       0x0000007f       0x80 c:/nxp/mcuxpressoide_10.1.0_569_prc2g/ide/tools/bin/../lib/gcc/arm-none-eabi/6.3.1/../../../../arm-none-eabi/lib/thumb/v6-m\libcr_c.a(__init_alloc.o)
 .comment       0x0000007f       0x80 c:/nxp/mcuxpressoide_10.1.0_569_prc2g/ide/tools/bin/../lib/gcc/arm-none-eabi/6.3.1/../../../../arm-none-eabi/lib/thumb/v6-m\libcr_c.a(_cr_sbrk.o)
 .comment       0x0000007f       0x80 c:/nxp/mcuxpressoide_10.1.0_569_prc2g/ide/tools/bin/../lib/gcc/arm-none-eabi/6.3.1/../../../../arm-none-eabi/lib/thumb/v6-m\libcr_c.a(_do_fflush.o)
 .comment       0x0000007f       0x80 c:/nxp/mcuxpressoide_10.1.0_569_prc2g/ide/tools/bin/../lib/gcc/arm-none-eabi/6.3.1/../../../../arm-none-eabi/lib/thumb/v6-m\libcr_c.a(_hugeval.o)
 .comment       0x0000007f       0x80 c:/nxp/mcuxpressoide_10.1.0_569_prc2g/ide/tools/bin/../lib/gcc/arm-none-eabi/6.3.1/../../../../arm-none-eabi/lib/thumb/v6-m\libcr_c.a(_cr_check_heap.o)
 .comment       0x0000007f       0x80 c:/nxp/mcuxpressoide_10.1.0_569_prc2g/ide/tools/bin/../lib/gcc/arm-none-eabi/6.3.1/thumb/v6-m\libcr_eabihelpers.a(double.o)
 .comment       0x0000007f       0x80 c:/nxp/mcuxpressoide_10.1.0_569_prc2g/ide/tools/bin/../lib/gcc/arm-none-eabi/6.3.1/../../../../arm-none-eabi/lib/thumb/v6-m\libcr_semihost.a(__ciob.o)

.ARM.attributes
                0x00000000       0x2f
 .ARM.attributes
                0x00000000       0x31 ./src/buzzer.o
 .ARM.attributes
                0x00000031       0x31 ./src/crp.o
 .ARM.attributes
                0x00000062       0x31 ./src/main.o
 .ARM.attributes
                0x00000093       0x31 ./src/msghandler.o
 .ARM.attributes
                0x000000c4       0x31 ./src/rtc.o
 .ARM.attributes
                0x000000f5       0x31 ./src/ssd1306.o
 .ARM.attributes
                0x00000126       0x31 ./src/timer.o
 .ARM.attributes
                0x00000157       0x31 ./src/validate.o
 .ARM.attributes
                0x00000188       0x31 ./mods/tmeas/tmeas.o
 .ARM.attributes
                0x000001b9       0x31 ./mods/ndeft2t/ndeft2t.o
 .ARM.attributes
                0x000001ea       0x31 ./mods/msg/msg.o
 .ARM.attributes
                0x0000021b       0x32 F:\NXP\Temp\LPC8N04_CES_DEMO\LPC8N04\lib_board_dp\Debug\liblib_board_dp.a(board.o)
 .ARM.attributes
                0x0000024d       0x32 F:\NXP\Temp\LPC8N04_CES_DEMO\LPC8N04\lib_chip_nss\Debug\liblib_chip_nss.a(clock_nss.o)
 .ARM.attributes
                0x0000027f       0x32 F:\NXP\Temp\LPC8N04_CES_DEMO\LPC8N04\lib_chip_nss\Debug\liblib_chip_nss.a(eeprom_nss.o)
 .ARM.attributes
                0x000002b1       0x32 F:\NXP\Temp\LPC8N04_CES_DEMO\LPC8N04\lib_chip_nss\Debug\liblib_chip_nss.a(flash_nss.o)
 .ARM.attributes
                0x000002e3       0x32 F:\NXP\Temp\LPC8N04_CES_DEMO\LPC8N04\lib_chip_nss\Debug\liblib_chip_nss.a(gpio_nss.o)
 .ARM.attributes
                0x00000315       0x32 F:\NXP\Temp\LPC8N04_CES_DEMO\LPC8N04\lib_chip_nss\Debug\liblib_chip_nss.a(i2c_nss.o)
 .ARM.attributes
                0x00000347       0x32 F:\NXP\Temp\LPC8N04_CES_DEMO\LPC8N04\lib_chip_nss\Debug\liblib_chip_nss.a(iocon_nss.o)
 .ARM.attributes
                0x00000379       0x32 F:\NXP\Temp\LPC8N04_CES_DEMO\LPC8N04\lib_chip_nss\Debug\liblib_chip_nss.a(nfc_nss.o)
 .ARM.attributes
                0x000003ab       0x32 F:\NXP\Temp\LPC8N04_CES_DEMO\LPC8N04\lib_chip_nss\Debug\liblib_chip_nss.a(pmu_nss.o)
 .ARM.attributes
                0x000003dd       0x32 F:\NXP\Temp\LPC8N04_CES_DEMO\LPC8N04\lib_chip_nss\Debug\liblib_chip_nss.a(rtc_nss.o)
 .ARM.attributes
                0x0000040f       0x32 F:\NXP\Temp\LPC8N04_CES_DEMO\LPC8N04\lib_chip_nss\Debug\liblib_chip_nss.a(syscon_nss.o)
 .ARM.attributes
                0x00000441       0x32 F:\NXP\Temp\LPC8N04_CES_DEMO\LPC8N04\lib_chip_nss\Debug\liblib_chip_nss.a(timer_nss.o)
 .ARM.attributes
                0x00000473       0x32 F:\NXP\Temp\LPC8N04_CES_DEMO\LPC8N04\lib_chip_nss\Debug\liblib_chip_nss.a(tsen_nss.o)
 .ARM.attributes
                0x000004a5       0x32 F:\NXP\Temp\LPC8N04_CES_DEMO\LPC8N04\lib_chip_nss\Debug\liblib_chip_nss.a(wwdt_nss.o)
 .ARM.attributes
                0x000004d7       0x32 F:\NXP\Temp\LPC8N04_CES_DEMO\LPC8N04\lib_chip_nss\Debug\liblib_chip_nss.a(startup.o)
 .ARM.attributes
                0x00000509       0x32 F:\NXP\Temp\LPC8N04_CES_DEMO\LPC8N04\lib_chip_nss\Debug\liblib_chip_nss.a(bussync_nss.o)
 .ARM.attributes
                0x0000053b       0x31 c:/nxp/mcuxpressoide_10.1.0_569_prc2g/ide/tools/bin/../lib/gcc/arm-none-eabi/6.3.1/../../../../arm-none-eabi/lib/thumb/v6-m\libcr_semihost.a(_cr__main.o)
 .ARM.attributes
                0x0000056c       0x31 c:/nxp/mcuxpressoide_10.1.0_569_prc2g/ide/tools/bin/../lib/gcc/arm-none-eabi/6.3.1/../../../../arm-none-eabi/lib/thumb/v6-m\libcr_c.a(memcpy.o)
 .ARM.attributes
                0x0000059d       0x31 c:/nxp/mcuxpressoide_10.1.0_569_prc2g/ide/tools/bin/../lib/gcc/arm-none-eabi/6.3.1/../../../../arm-none-eabi/lib/thumb/v6-m\libcr_c.a(memmove.o)
 .ARM.attributes
                0x000005ce       0x31 c:/nxp/mcuxpressoide_10.1.0_569_prc2g/ide/tools/bin/../lib/gcc/arm-none-eabi/6.3.1/../../../../arm-none-eabi/lib/thumb/v6-m\libcr_c.a(memset.o)
 .ARM.attributes
                0x000005ff       0x31 c:/nxp/mcuxpressoide_10.1.0_569_prc2g/ide/tools/bin/../lib/gcc/arm-none-eabi/6.3.1/../../../../arm-none-eabi/lib/thumb/v6-m\libcr_c.a(fpprintf.o)
 .ARM.attributes
                0x00000630       0x31 c:/nxp/mcuxpressoide_10.1.0_569_prc2g/ide/tools/bin/../lib/gcc/arm-none-eabi/6.3.1/../../../../arm-none-eabi/lib/thumb/v6-m\libcr_c.a(initio.o)
 .ARM.attributes
                0x00000661       0x31 c:/nxp/mcuxpressoide_10.1.0_569_prc2g/ide/tools/bin/../lib/gcc/arm-none-eabi/6.3.1/../../../../arm-none-eabi/lib/thumb/v6-m\libcr_c.a(printf.o)
 .ARM.attributes
                0x00000692       0x31 c:/nxp/mcuxpressoide_10.1.0_569_prc2g/ide/tools/bin/../lib/gcc/arm-none-eabi/6.3.1/../../../../arm-none-eabi/lib/thumb/v6-m\libcr_c.a(setvbuf.o)
 .ARM.attributes
                0x000006c3       0x31 c:/nxp/mcuxpressoide_10.1.0_569_prc2g/ide/tools/bin/../lib/gcc/arm-none-eabi/6.3.1/../../../../arm-none-eabi/lib/thumb/v6-m\libcr_c.a(strlen.o)
 .ARM.attributes
                0x000006f4       0x31 c:/nxp/mcuxpressoide_10.1.0_569_prc2g/ide/tools/bin/../lib/gcc/arm-none-eabi/6.3.1/../../../../arm-none-eabi/lib/thumb/v6-m\libcr_c.a(_deferredlazyseek.o)
 .ARM.attributes
                0x00000725       0x31 c:/nxp/mcuxpressoide_10.1.0_569_prc2g/ide/tools/bin/../lib/gcc/arm-none-eabi/6.3.1/../../../../arm-none-eabi/lib/thumb/v6-m\libcr_c.a(_fdopen.o)
 .ARM.attributes
                0x00000756       0x31 c:/nxp/mcuxpressoide_10.1.0_569_prc2g/ide/tools/bin/../lib/gcc/arm-none-eabi/6.3.1/../../../../arm-none-eabi/lib/thumb/v6-m\libcr_c.a(_fflush.o)
 .ARM.attributes
                0x00000787       0x31 c:/nxp/mcuxpressoide_10.1.0_569_prc2g/ide/tools/bin/../lib/gcc/arm-none-eabi/6.3.1/../../../../arm-none-eabi/lib/thumb/v6-m\libcr_c.a(_frexpl.o)
 .ARM.attributes
                0x000007b8       0x31 c:/nxp/mcuxpressoide_10.1.0_569_prc2g/ide/tools/bin/../lib/gcc/arm-none-eabi/6.3.1/../../../../arm-none-eabi/lib/thumb/v6-m\libcr_c.a(_ldexpl.o)
 .ARM.attributes